******************************************************************************
                  TI ARM Linker PC v20.2.5                     
******************************************************************************
>> Linked Mon Sep 27 22:31:29 2021

OUTPUT FILE NAME:   <uartecho_CC3220S_LAUNCHXL_nortos_ccs.out>
ENTRY POINT SYMBOL: "resetISR"  address: 2000f2f9


MEMORY CONFIGURATION

         name            origin    length      used     unused   attr    fill
----------------------  --------  ---------  --------  --------  ----  --------
  SRAM2                 20000000   00004000  0000130c  00002cf4  RW X
  SRAM                  20004000   0003c000  0000c236  0002fdca  RW X
  LOG_DATA              90000000   00040000  00000000  00040000  R   


SEGMENT ALLOCATION MAP

run origin  load origin   length   init length attrs members
----------  ----------- ---------- ----------- ----- -------
20003000    20003000    00001000   00000000    rw-
  20003000    20003000    00001000   00000000    rw- .stack
20004000    20004000    00000040   00000040    r--
  20004000    20004000    00000040   00000040    r-- .resetVecs
20004040    20004040    00008000   00000000    rw-
  20004040    20004040    00008000   00000000    rw- .sysmem
2000c040    2000c040    000035bc   000035bc    r-x
  2000c040    2000c040    000035bc   000035bc    r-x .text
2000f5fc    2000f5fc    000005ac   00000000    rw-
  2000f5fc    2000f5fc    000005ac   00000000    rw- .data
2000fba8    2000fba8    0000037a   0000037a    r--
  2000fba8    2000fba8    0000037a   0000037a    r-- .const
2000ff28    2000ff28    0000022c   00000000    rw-
  2000ff28    2000ff28    0000022c   00000000    rw- .bss
20010158    20010158    000000e8   000000e8    r--
  20010158    20010158    000000e8   000000e8    r-- .cinit


SECTION ALLOCATION MAP

 output                                  attributes/
section   page    origin      length       input sections
--------  ----  ----------  ----------   ----------------
.text      0    2000c040    000035bc     
                  2000c040    0000042c     driverlib.a : prcm.obj (.text:PRCMCC3200MCUInit)
                  2000c46c    00000288     drivers_cc32xx.a : UARTCC32XX.oem4 (.text:UARTCC32XX_open)
                  2000c6f4    000001e4                      : GPIOCC32XX.oem4 (.text:GPIO_setConfig)
                  2000c8d8    0000019c     nortos_cc32xx.a : PowerCC32XX_nortos.oem4 (.text:PowerCC32XX_sleepPolicy)
                  2000ca74    00000148     drivers_cc32xx.a : PowerCC32XX.oem4 (.text:parkPins)
                  2000cbbc    00000138                      : PowerCC32XX.oem4 (.text:Power_sleep)
                  2000ccf4    00000120                      : UARTCC32XX.oem4 (.text:UARTCC32XX_close)
                  2000ce14    00000120     uartecho.obj (.text:mainThread)
                  2000cf34    00000100     rtsv7M4_T_le_eabi.lib : memory.c.obj (.text:aligned_alloc)
                  2000d034    000000f2     drivers_cc32xx.a : UARTCC32XX.oem4 (.text:UARTCC32XX_control)
                  2000d126    00000002     ti_drivers_config.obj (.text:Board_initHook)
                  2000d128    000000e4     rtsv7M4_T_le_eabi.lib : memory.c.obj (.text:free)
                  2000d20c    000000ca     drivers_cc32xx.a : UARTCC32XX.oem4 (.text:UARTCC32XX_write)
                  2000d2d6    00000002     nortos_cc32xx.a : PowerCC32XX_nortos.oem4 (.text:PowerCC32XX_initPolicy)
                  2000d2d8    000000c4     drivers_cc32xx.a : GPIOCC32XX.oem4 (.text:GPIO_init)
                  2000d39c    000000c0                      : PowerCC32XX.oem4 (.text:restoreParkedPins)
                  2000d45c    000000ba                      : UARTCC32XX.oem4 (.text:UARTCC32XX_readPolling)
                  2000d516    00000002                      : UARTCC32XX.oem4 (.text:UARTCC32XX_init)
                  2000d518    000000b8                      : UARTCC32XX.oem4 (.text:initHw)
                  2000d5d0    000000b6                      : UARTCC32XX.oem4 (.text:readTaskCallback)
                  2000d686    000000b0                      : UARTCC32XX.oem4 (.text:readTaskBlocking)
                  2000d736    000000ae                      : UARTCC32XX.oem4 (.text:readIsrTextBlocking)
                  2000d7e4    000000a8     driverlib.a : interrupt.obj (.text:IntEnable)
                  2000d88c    000000a8     drivers_cc32xx.a : PowerCC32XX.oem4 (.text:PowerCC32XX_configureWakeup)
                  2000d934    000000a2                      : UARTCC32XX.oem4 (.text:readIsrTextCallback)
                  2000d9d6    000000a2                      : UARTCC32XX.oem4 (.text:writeData)
                  2000da78    000000a0     nortos_cc32xx.a : SemaphoreP_nortos.oem4 (.text:SemaphoreP_pend)
                  2000db18    0000009c     rtsv7M4_T_le_eabi.lib : memcpy_t2.asm.obj (.text)
                  2000dbb4    00000098     drivers_cc32xx.a : GPIOCC32XX.oem4 (.text:powerNotifyFxn)
                  2000dc4c    00000096     rtsv7M4_T_le_eabi.lib : ull_div_t2.asm.obj (.text)
                  2000dce2    00000002                           : _lock.c.obj (.text:_nop)
                  2000dce4    00000090     drivers_cc32xx.a : PowerCC32XX.oem4 (.text:restoreNVICRegs)
                  2000dd74    0000008c     nortos_cc32xx.a : HwiPCC32XX_nortos.oem4 (.text:HwiP_construct)
                  2000de00    00000088     driverlib.a : interrupt.obj (.text:IntPendSet)
                  2000de88    00000088                 : pin.obj (.text:PinConfigSet)
                  2000df10    00000084     drivers_cc32xx.a : PowerCC32XX.oem4 (.text:Power_init)
                  2000df94    00000084                      : PowerCC32XX.oem4 (.text:saveNVICRegs)
                  2000e018    00000080                      : PowerCC32XX.oem4 (.text:Power_setDependency)
                  2000e098    0000007c                      : UARTCC32XX.oem4 (.text:readIsrBinaryBlocking)
                  2000e114    00000078                      : GPIOCC32XX.oem4 (.text:GPIO_hwiIntFxn)
                  2000e18c    00000078                      : UARTCC32XX.oem4 (.text:readIsrBinaryCallback)
                  2000e204    00000074                      : UARTCC32XX.oem4 (.text:UARTCC32XX_hwiIntFxn)
                  2000e278    00000070     rtsv7M4_T_le_eabi.lib : memory.c.obj (.text:split)
                  2000e2e8    00000068                           : copy_decompress_lzss.c.obj (.text:decompress:lzss:__TI_decompress_lzss)
                  2000e350    00000066     drivers_cc32xx.a : UARTCC32XX.oem4 (.text:UARTCC32XX_writeCancel)
                  2000e3b6    00000002     nortos_cc32xx.a : startup_cc32xx_ccs.oem4 (.text:busFaultHandler)
                  2000e3b8    00000064     drivers_cc32xx.a : PowerCC32XX.oem4 (.text:PowerCC32XX_setParkState)
                  2000e41c    00000062                      : UARTCC32XX.oem4 (.text:UARTCC32XX_writePolling)
                  2000e47e    00000002     nortos_cc32xx.a : SemaphoreP_nortos.oem4 (.text:clkFxn)
                  2000e480    00000060     driverlib.a : prcm.obj (.text:PRCMSysResetCauseGet)
                  2000e4e0    0000005c     drivers_cc32xx.a : GPIOCC32XX.oem4 (.text:GPIO_setCallback)
                  2000e53c    0000005c     nortos_cc32xx.a : ClockPSysTick_nortos.oem4 (.text:sysTickInit)
                  2000e598    00000058     drivers_cc32xx.a : GPIOCC32XX.oem4 (.text:GPIO_write)
                  2000e5f0    00000058     driverlib.a : prcm.obj (.text:PRCMPeripheralReset)
                  2000e648    00000058     drivers_cc32xx.a : PowerCC32XX.oem4 (.text:Power_releaseDependency)
                  2000e6a0    00000054                      : UARTCC32XX.oem4 (.text:ringBufGet)
                  2000e6f4    00000052                      : PowerCC32XX_asm.oem4 (.text:PowerCC32XX_resumeLPDS)
                  2000e746    00000002     nortos_cc32xx.a : startup_cc32xx_ccs.oem4 (.text:defaultHandler)
                  2000e748    00000050                     : ClockPSysTick_nortos.oem4 (.text:ClockP_sysTickHandler)
                  2000e798    00000050                     : SemaphoreP_nortos.oem4 (.text:SemaphoreP_construct)
                  2000e7e8    0000004c     drivers_cc32xx.a : GPIOCC32XX.oem4 (.text:GPIO_enableInt)
                  2000e834    0000004c                      : PowerCC32XX.oem4 (.text:PowerCC32XX_parkPin)
                  2000e880    0000004c                      : PowerCC32XX.oem4 (.text:restorePeriphClocks)
                  2000e8cc    00000048     driverlib.a : flash.obj (.text:FlashDisable)
                  2000e914    00000048                 : prcm.obj (.text:PRCMLPDSEnter)
                  2000e95c    00000048                 : prcm.obj (.text:PRCMPeripheralClkEnable)
                  2000e9a4    00000048     drivers_cc32xx.a : PowerCC32XX.oem4 (.text:Power_releaseConstraint)
                  2000e9ec    00000046                      : RingBuf.oem4 (.text:RingBuf_put)
                  2000ea32    00000002     nortos_cc32xx.a : startup_cc32xx_ccs.oem4 (.text:faultISR)
                  2000ea34    00000044                     : ClockPSysTick_nortos.oem4 (.text:ClockP_stop)
                  2000ea78    00000044     driverlib.a : prcm.obj (.text:PRCMLPDSRestoreInfoSet)
                  2000eabc    00000044     drivers_cc32xx.a : PowerCC32XX_asm.oem4 (.text:PowerCC32XX_enterLPDS)
                  2000eb00    00000044     nortos_cc32xx.a : SemaphoreP_nortos.oem4 (.text:SemaphoreP_post)
                  2000eb44    00000044                     : SwiP_nortos.oem4 (.text:SwiP_restore)
                  2000eb88    00000044     drivers_cc32xx.a : UART.oem4 (.text:UART_init)
                  2000ebcc    00000044     rtsv7M4_T_le_eabi.lib : autoinit.c.obj (.text:__TI_auto_init_nobinit_nopinit:__TI_auto_init_nobinit_nopinit)
                  2000ec10    00000040     nortos_cc32xx.a : ClockPSysTick_nortos.oem4 (.text:ClockP_construct)
                  2000ec50    00000040     driverlib.a : pin.obj (.text:PinModeSet)
                  2000ec90    00000040     drivers_cc32xx.a : RingBuf.oem4 (.text:RingBuf_get)
                  2000ecd0    00000040                      : UARTCC32XX.oem4 (.text:UARTCC32XX_read)
                  2000ed10    00000040                      : UART.oem4 (.text:UART_open)
                  2000ed50    0000003c     nortos_cc32xx.a : ClockPSysTick_nortos.oem4 (.text:ClockP_destruct)
                  2000ed8c    0000003c     drivers_cc32xx.a : PowerCC32XX.oem4 (.text:Power_setConstraint)
                  2000edc8    0000003a     nortos_cc32xx.a : PowerCC32XX_nortos.oem4 (.text:getCountsRTC)
                  2000ee02    00000002                     : startup_cc32xx_ccs.oem4 (.text:nmiISR)
                  2000ee04    00000038     driverlib.a : prcm.obj (.text:PRCMLPDSEnterKeepDebugIf)
                  2000ee3c    00000038     nortos_cc32xx.a : ClockPSysTick_nortos.oem4 (.text:addToList)
                  2000ee74    00000038                     : startup_cc32xx_ccs.oem4 (.text:initVectors)
                  2000eeac    00000038     drivers_cc32xx.a : PowerCC32XX.oem4 (.text:notify)
                  2000eee4    00000036                      : UARTCC32XX.oem4 (.text:UARTCC32XX_readCancel)
                  2000ef1a    00000002     rtsv7M4_T_le_eabi.lib : div0.asm.obj (.text)
                  2000ef1c    00000034     nortos_cc32xx.a : ClockPSysTick_nortos.oem4 (.text:ClockP_getTicksUntilInterrupt)
                  2000ef50    00000034                     : ClockPSysTick_nortos.oem4 (.text:ClockP_startup)
                  2000ef84    00000034     driverlib.a : pin.obj (.text:PinModeGet)
                  2000efb8    00000034     drivers_cc32xx.a : PowerCC32XX.oem4 (.text:PowerCC32XX_restoreParkState)
                  2000efec    00000030     nortos_cc32xx.a : ClockPSysTick_nortos.oem4 (.text:ClockP_start)
                  2000f01c    00000030     drivers_cc32xx.a : PowerCC32XX.oem4 (.text:PowerCC32XX_restoreParkedPin)
                  2000f04c    0000002c                      : PowerCC32XX.oem4 (.text:PowerCC32XX_getParkState)
                  2000f078    0000002a     nortos_cc32xx.a : HwiPCC32XX_nortos.oem4 (.text:HwiP_create)
                  2000f0a2    00000002     --HOLE-- [fill = 0]
                  2000f0a4    00000028     driverlib.a : prcm.obj (.text:PRCMPeripheralClkDisable)
                  2000f0cc    00000028     drivers_cc32xx.a : PowerCC32XX.oem4 (.text:Power_registerNotify)
                  2000f0f4    00000028     rtsv7M4_T_le_eabi.lib : memory.c.obj (.text:free_list_insert)
                  2000f11c    00000026     drivers_cc32xx.a : List.oem4 (.text:List_put)
                  2000f142    00000026                      : List.oem4 (.text:List_remove)
                  2000f168    00000024     nortos_cc32xx.a : HwiPCC32XX_nortos.oem4 (.text:HwiP_dispatch)
                  2000f18c    00000024     drivers_cc32xx.a : PowerCC32XX.oem4 (.text:PowerCC32XX_reset)
                  2000f1b0    00000024     rtsv7M4_T_le_eabi.lib : boot_cortex_m.c.obj (.text:_c_int00_noargs:_c_int00_noargs)
                  2000f1d4    00000020     nortos_cc32xx.a : HwiPCC32XX_nortos.oem4 (.text:HwiP_destruct)
                  2000f1f4    00000020     drivers_cc32xx.a : PowerCC32XX.oem4 (.text:Power_unregisterNotify)
                  2000f214    00000020                      : RingBuf.oem4 (.text:RingBuf_peek)
                  2000f234    00000020                      : UARTCC32XX.oem4 (.text:getPowerMgrId)
                  2000f254    0000001c     driverlib.a : pin.obj (.text:PinToPadGet)
                  2000f270    0000001c     nortos_cc32xx.a : SwiP_nortos.oem4 (.text:SwiP_disable)
                  2000f28c    0000001c     rtsv7M4_T_le_eabi.lib : copy_zero_init.c.obj (.text:decompress:ZI:__TI_zero_init_nomemset:__TI_zero_init_nomemset)
                  2000f2a8    0000001c                           : memory.c.obj (.text:free_list_remove)
                  2000f2c4    0000001a     nortos_cc32xx.a : ClockPSysTick_nortos.oem4 (.text:ClockP_create)
                  2000f2de    0000001a                     : SemaphoreP_nortos.oem4 (.text:SemaphoreP_createBinary)
                  2000f2f8    0000001a                     : startup_cc32xx_ccs.oem4 (.text:resetISR)
                  2000f312    00000002     --HOLE-- [fill = 0]
                  2000f314    00000018     drivers_cc32xx.a : PowerCC32XX.oem4 (.text:Power_getTransitionLatency)
                  2000f32c    00000018                      : PowerCC32XX.oem4 (.text:Power_idleFunc)
                  2000f344    00000018     driverlib.a : uart.obj (.text:UARTBusy)
                  2000f35c    00000018                 : uart.obj (.text:UARTIntEnable)
                  2000f374    00000018     drivers_cc32xx.a : UART.oem4 (.text:UART_Params_init)
                  2000f38c    00000018     rtsv7M4_T_le_eabi.lib : ll_mul_t2.asm.obj (.text)
                  2000f3a4    00000016     driverlib.a : prcm.obj (.text:PRCMHIBRegRead)
                  2000f3ba    00000016                 : prcm.obj (.text:PRCMHIBRegWrite)
                  2000f3d0    00000016     nortos_cc32xx.a : SemaphoreP_nortos.oem4 (.text:SemaphoreP_create)
                  2000f3e6    00000014     driverlib.a : cpu.obj (.text:CPUcpsid)
                  2000f3fa    00000002     --HOLE-- [fill = 0]
                  2000f3fc    00000014     nortos_cc32xx.a : HwiPCC32XX_nortos.oem4 (.text:HwiP_inISR)
                  2000f410    00000014     driverlib.a : interrupt.obj (.text:IntVTableBaseSet)
                  2000f424    00000014     drivers_cc32xx.a : PowerCC32XX.oem4 (.text:Power_disablePolicy)
                  2000f438    00000014                      : PowerCC32XX.oem4 (.text:Power_getDependencyCount)
                  2000f44c    00000014                      : UARTCC32XX.oem4 (.text:releasePowerConstraint)
                  2000f460    00000012     nortos_cc32xx.a : HwiPCC32XX_nortos.oem4 (.text:HwiP_Params_init)
                  2000f472    00000012     drivers_cc32xx.a : RingBuf.oem4 (.text:RingBuf_construct)
                  2000f484    00000012     main_nortos.obj (.text:main)
                  2000f496    00000010     ti_drivers_config.obj (.text:Board_init)
                  2000f4a6    00000010     nortos_cc32xx.a : ClockPSysTick_nortos.oem4 (.text:ClockP_add)
                  2000f4b6    00000010                     : ClockPSysTick_nortos.oem4 (.text:ClockP_delete)
                  2000f4c6    00000002     --HOLE-- [fill = 0]
                  2000f4c8    00000010                     : ClockPSysTick_nortos.oem4 (.text:ClockP_getCpuFreq)
                  2000f4d8    00000010                     : ClockPSysTick_nortos.oem4 (.text:ClockP_getSystemTicks)
                  2000f4e8    00000010                     : ClockPSysTick_nortos.oem4 (.text:ClockP_setTicks)
                  2000f4f8    00000010                     : HwiPCC32XX_nortos.oem4 (.text:HwiP_delete)
                  2000f508    00000010                     : HwiPCC32XX_nortos.oem4 (.text:HwiP_restore)
                  2000f518    00000010     drivers_cc32xx.a : PowerCC32XX.oem4 (.text:Power_enablePolicy)
                  2000f528    00000010     nortos_cc32xx.a : SemaphoreP_nortos.oem4 (.text:SemaphoreP_Params_init)
                  2000f538    00000010     drivers_cc32xx.a : UARTCC32XX.oem4 (.text:readBlockingTimeout)
                  2000f548    0000000e     nortos_cc32xx.a : HwiPCC32XX_nortos.oem4 (.text:HwiP_disable)
                  2000f556    0000000e                     : HwiPCC32XX_nortos.oem4 (.text:HwiP_enable)
                  2000f564    0000000e     drivers_cc32xx.a : RingBuf.oem4 (.text:RingBuf_isFull)
                  2000f572    0000000e     rtsv7M4_T_le_eabi.lib : copy_decompress_none.c.obj (.text:decompress:none:__TI_decompress_none)
                  2000f580    0000000c     drivers_cc32xx.a : PowerCC32XX.oem4 (.text:Power_getConstraintMask)
                  2000f58c    0000000c                      : UARTCC32XX.oem4 (.text:postNotifyFxn)
                  2000f598    0000000a     nortos_cc32xx.a : ClockPSysTick_nortos.oem4 (.text:ClockP_Params_init)
                  2000f5a2    0000000a                     : ClockPSysTick_nortos.oem4 (.text:ClockP_isActive)
                  2000f5ac    0000000a     driverlib.a : interrupt.obj (.text:IntMasterDisable)
                  2000f5b6    0000000a     drivers_cc32xx.a : UART.oem4 (.text:UART_read)
                  2000f5c0    0000000a                      : UART.oem4 (.text:UART_write)
                  2000f5ca    00000008     rtsv7M4_T_le_eabi.lib : memory.c.obj (.text:malloc)
                  2000f5d2    00000008     drivers_cc32xx.a : UARTCC32XX.oem4 (.text:readSemCallback)
                  2000f5da    00000008                      : UARTCC32XX.oem4 (.text:writeSemCallback)
                  2000f5e2    00000006     driverlib.a : utils.obj (.text:UtilsDelay)
                  2000f5e8    00000004     nortos_cc32xx.a : ClockPSysTick_nortos.oem4 (.text:ClockP_setTimeout)
                  2000f5ec    00000004                     : HwiPCC32XX_nortos.oem4 (.text:HwiP_post)
                  2000f5f0    00000004                     : SemaphoreP_nortos.oem4 (.text:SemaphoreP_delete)
                  2000f5f4    00000004     rtsv7M4_T_le_eabi.lib : pre_init.c.obj (.text:_system_pre_init)
                  2000f5f8    00000004                           : exit.c.obj (.text:abort:abort)

.const     0    2000fba8    0000037a     
                  2000fba8    00000100     driverlib.a : pin.obj (.const:g_ulPinToPadMap)
                  2000fca8    000000a8                 : prcm.obj (.const:PRCM_PeriphRegsList)
                  2000fd50    00000044     ti_drivers_config.obj (.const:PowerCC32XX_config)
                  2000fd94    00000028     drivers_cc32xx.a : UARTCC32XX.oem4 (.const:UARTCC32XX_fxnTable)
                  2000fdbc    00000024                      : UART.oem4 (.const:UART_defaultParams)
                  2000fde0    00000024     ti_drivers_config.obj (.const:uartCC32XXHWAttrs0)
                  2000fe04    00000021     drivers_cc32xx.a : GPIOCC32XX.oem4 (.const:.string:pinTable)
                  2000fe25    00000003     ti_drivers_config.obj (.const)
                  2000fe28    00000020     drivers_cc32xx.a : UARTCC32XX.oem4 (.const:staticFxnTable)
                  2000fe48    00000018     driverlib.a : interrupt.obj (.const:g_pulEnRegs)
                  2000fe60    00000018                 : interrupt.obj (.const:g_pulPendRegs)
                  2000fe78    00000016     uartecho.obj (.const:.string:$P$T0$1)
                  2000fe8e    00000002     --HOLE-- [fill = 0]
                  2000fe90    00000014     ti_drivers_config.obj (.const:GPIOCC32XX_config)
                  2000fea4    00000014     drivers_cc32xx.a : GPIOCC32XX.oem4 (.const:gpioBaseAddresses)
                  2000feb8    00000014                      : UARTCC32XX.oem4 (.const:parityType)
                  2000fecc    00000014                      : GPIOCC32XX.oem4 (.const:powerResources)
                  2000fee0    00000010                      : UARTCC32XX.oem4 (.const:dataLength)
                  2000fef0    0000000c     ti_drivers_config.obj (.const:UART_config)
                  2000fefc    00000008     drivers_cc32xx.a : GPIOCC32XX.oem4 (.const:outPinTypes)
                  2000ff04    00000008                      : UARTCC32XX.oem4 (.const:stopBits)
                  2000ff0c    00000006                      : GPIOCC32XX.oem4 (.const:.string:interruptType)
                  2000ff12    00000006                      : GPIOCC32XX.oem4 (.const:inPinTypes)
                  2000ff18    00000006                      : GPIOCC32XX.oem4 (.const:outPinStrengths)
                  2000ff1e    00000004                      : GPIOCC32XX.oem4 (.const:.string:portInterruptIds)

.cinit     0    20010158    000000e8     
                  20010158    000000be     (.cinit..data.load) [load image, compression = lzss]
                  20010216    00000002     --HOLE-- [fill = 0]
                  20010218    0000000c     (__TI_handler_table)
                  20010224    00000004     --HOLE-- [fill = 0]
                  20010228    00000008     (.cinit..bss.load) [load image, compression = zero_init]
                  20010230    00000010     (__TI_cinit_table)

.init_array 
*          0    20004000    00000000     UNINITIALIZED

.ramVecs   0    20000000    0000030c     NOLOAD SECTION
                  20000000    0000030c     nortos_cc32xx.a : startup_cc32xx_ccs.oem4 (.ramVecs)

.stack     0    20003000    00001000     UNINITIALIZED
                  20003000    00000004     rtsv7M4_T_le_eabi.lib : boot_cortex_m.c.obj (.stack)
                  20003004    00000ffc     --HOLE--

.resetVecs 
*          0    20004000    00000040     
                  20004000    00000040     nortos_cc32xx.a : startup_cc32xx_ccs.oem4 (.resetVecs:retain)

.sysmem    0    20004040    00008000     UNINITIALIZED
                  20004040    00000010     rtsv7M4_T_le_eabi.lib : memory.c.obj (.sysmem)
                  20004050    00007ff0     --HOLE--

.data      0    2000f5fc    000005ac     UNINITIALIZED
                  2000f5fc    0000030c     nortos_cc32xx.a : HwiPCC32XX_nortos.oem4 (.data:HwiP_dispatchTable)
                  2000f908    0000016c     drivers_cc32xx.a : PowerCC32XX.oem4 (.data:PowerCC32XX_module)
                  2000fa74    000000f8     ti_drivers_config.obj (.data:parkInfo)
                  2000fb6c    00000009     drivers_cc32xx.a : GPIOCC32XX.oem4 (.data)
                  2000fb75    00000003     nortos_cc32xx.a : SemaphoreP_nortos.oem4 (.data)
                  2000fb78    00000008     rtsv7M4_T_le_eabi.lib : _lock.c.obj (.data:$O1$$)
                  2000fb80    00000008                           : memory.c.obj (.data:$O1$$)
                  2000fb88    00000008     nortos_cc32xx.a : SemaphoreP_nortos.oem4 (.data:SemaphoreP_defaultParams)
                  2000fb90    00000008                     : HwiPCC32XX_nortos.oem4 (.data)
                  2000fb98    00000005                     : ClockPSysTick_nortos.oem4 (.data)
                  2000fb9d    00000001     drivers_cc32xx.a : UART.oem4 (.data)
                  2000fb9e    00000002     --HOLE--
                  2000fba0    00000004     ti_drivers_config.obj (.data:gpioCallbackFunctions)
                  2000fba4    00000004     ti_drivers_config.obj (.data:gpioPinConfigs)

.bss       0    2000ff28    0000022c     UNINITIALIZED
                  2000ff28    0000012c     (.common:PowerCC32XX_contextSave)
                  20010054    00000084     (.common:uartCC32XXObjects0)
                  200100d8    00000020     drivers_cc32xx.a : GPIOCC32XX.oem4 (.bss:gpioCallbackInfo)
                  200100f8    00000020     ti_drivers_config.obj (.bss:uartCC32XXRingBuffer0)
                  20010118    00000014     drivers_cc32xx.a : GPIOCC32XX.oem4 (.bss:powerNotifyObj)
                  2001012c    00000004                      : GPIOCC32XX.oem4 (.bss)
                  20010130    00000010     (.common:ClockP_ctrl)
                  20010140    0000000d     nortos_cc32xx.a : SwiP_nortos.oem4 (.bss)
                  2001014d    00000003     --HOLE--
                  20010150    00000004                     : ClockPSysTick_nortos.oem4 (.bss)

.log_data 
*          0    90000000    00000000     COPY SECTION

__llvm_prf_cnts 
*          0    20004000    00000000     UNINITIALIZED

MODULE SUMMARY

       Module                       code    ro data   rw data
       ------                       ----    -------   -------
    .\
       uartecho.obj                 288     22        0      
       main_nortos.obj              18      0         0      
    +--+----------------------------+-------+---------+---------+
       Total:                       306     22        0      
                                                             
    .\syscfg\
       ti_drivers_config.obj        18      139       420    
    +--+----------------------------+-------+---------+---------+
       Total:                       18      139       420    
                                                             
    C:/ti/simplelink_cc32xx_sdk_5_20_00_06/kernel/nortos/lib/ccs/m4/nortos_cc32xx.a
       HwiPCC32XX_nortos.oem4       352     0         788    
       startup_cc32xx_ccs.oem4      90      64        780    
       ClockPSysTick_nortos.oem4    702     0         25     
       PowerCC32XX_nortos.oem4      472     0         0      
       SemaphoreP_nortos.oem4       378     0         11     
       SwiP_nortos.oem4             96      0         13     
    +--+----------------------------+-------+---------+---------+
       Total:                       2090    64        1617   
                                                             
    C:/ti/simplelink_cc32xx_sdk_5_20_00_06/source/ti/devices/cc32xx/driverlib/ccs/Release/driverlib.a
       prcm.obj                     1604    168       0      
       pin.obj                      280     256       0      
       interrupt.obj                334     48        0      
       flash.obj                    72      0         0      
       uart.obj                     48      0         0      
       cpu.obj                      20      0         0      
       utils.obj                    6       0         0      
    +--+----------------------------+-------+---------+---------+
       Total:                       2364    472       0      
                                                             
    C:/ti/simplelink_cc32xx_sdk_5_20_00_06/source/ti/drivers/lib/ccs/m4/drivers_cc32xx.a
       UARTCC32XX.oem4              3466    116       0      
       PowerCC32XX.oem4             2432    0         664    
       GPIOCC32XX.oem4              1208    103       65     
       UART.oem4                    176     36        1      
       RingBuf.oem4                 198     0         0      
       PowerCC32XX_asm.oem4         150     0         0      
       List.oem4                    76      0         0      
    +--+----------------------------+-------+---------+---------+
       Total:                       7706    255       730    
                                                             
    C:\ti\ccs1040\ccs\tools\compiler\ti-cgt-arm_20.2.5.LTS\lib\rtsv7M4_T_le_eabi.lib
       memory.c.obj                 672     0         8      
       memcpy_t2.asm.obj            156     0         0      
       ull_div_t2.asm.obj           150     0         0      
       copy_decompress_lzss.c.obj   104     0         0      
       autoinit.c.obj               68      0         0      
       boot_cortex_m.c.obj          36      0         0      
       copy_zero_init.c.obj         28      0         0      
       ll_mul_t2.asm.obj            24      0         0      
       copy_decompress_none.c.obj   14      0         0      
       _lock.c.obj                  2       0         8      
       exit.c.obj                   4       0         0      
       pre_init.c.obj               4       0         0      
       div0.asm.obj                 2       0         0      
    +--+----------------------------+-------+---------+---------+
       Total:                       1264    0         16     
                                                             
       Heap:                        0       0         32768  
       Stack:                       0       0         4096   
       Linker Generated:            0       226       0      
    +--+----------------------------+-------+---------+---------+
       Grand Total:                 13748   1178      39647  


LINKER GENERATED COPY TABLES

__TI_cinit_table @ 20010230 records: 2, size/record: 8, table size: 16
	.data: load addr=20010158, load size=000000be bytes, run addr=2000f5fc, run size=000005ac bytes, compression=lzss
	.bss: load addr=20010228, load size=00000008 bytes, run addr=2000ff28, run size=0000022c bytes, compression=zero_init


LINKER GENERATED HANDLER TABLE

__TI_handler_table @ 20010218 records: 3, size/record: 4, table size: 12
	index: 0, handler: __TI_decompress_lzss
	index: 1, handler: __TI_decompress_none
	index: 2, handler: __TI_zero_init


GLOBAL SYMBOLS: SORTED ALPHABETICALLY BY Name 

address   name                          
-------   ----                          
2000f497  Board_init                    
2000d127  Board_initHook                
2000f5f9  C$$EXIT                       
2000fe25  CONFIG_GPIO_LED_0_CONST       
2000fe26  CONFIG_UART_0_CONST           
2000f3e7  CPUcpsid                      
2000f599  ClockP_Params_init            
2000f4a7  ClockP_add                    
2000ec11  ClockP_construct              
2000f2c5  ClockP_create                 
20010130  ClockP_ctrl                   
2000f4b7  ClockP_delete                 
2000ed51  ClockP_destruct               
2000e749  ClockP_doTick                 
2000f4c9  ClockP_getCpuFreq             
2000f4d9  ClockP_getSystemTicks         
2000ef1d  ClockP_getTicksUntilInterrupt 
2000f5a3  ClockP_isActive               
2000f4e9  ClockP_setTicks               
2000f5e9  ClockP_setTimeout             
2000efed  ClockP_start                  
2000ef51  ClockP_startup                
2000ea35  ClockP_stop                   
2000e749  ClockP_sysTickHandler         
2000fb98  ClockP_tickPeriod             
2000e8cd  FlashDisable                  
2000fe90  GPIOCC32XX_config             
2000e7e9  GPIO_enableInt                
2000e115  GPIO_hwiIntFxn                
2000d2d9  GPIO_init                     
2000e4e1  GPIO_setCallback              
2000c6f5  GPIO_setConfig                
2000e599  GPIO_write                    
2000f461  HwiP_Params_init              
2000dd75  HwiP_construct                
2000f079  HwiP_create                   
2000f4f9  HwiP_delete                   
2000f1d5  HwiP_destruct                 
2000f549  HwiP_disable                  
2000f169  HwiP_dispatch                 
2000f557  HwiP_enable                   
2000f3fd  HwiP_inISR                    
2000fb90  HwiP_key                      
2000f5ed  HwiP_post                     
2000f509  HwiP_restore                  
2000fb94  HwiP_swiPIntNum               
UNDEFED   ITM_flush                     
UNDEFED   ITM_restore                   
2000d7e5  IntEnable                     
2000f5ad  IntMasterDisable              
2000de01  IntPendSet                    
2000f411  IntVTableBaseSet              
2000f11d  List_put                      
2000f143  List_remove                   
2000f557  NoRTOS_start                  
2000c041  PRCMCC3200MCUInit             
2000f3a5  PRCMHIBRegRead                
2000f3bb  PRCMHIBRegWrite               
2000e915  PRCMLPDSEnter                 
2000ee05  PRCMLPDSEnterKeepDebugIf      
2000ea79  PRCMLPDSRestoreInfoSet        
2000f0a5  PRCMPeripheralClkDisable      
2000e95d  PRCMPeripheralClkEnable       
2000e5f1  PRCMPeripheralReset           
2000e481  PRCMSysResetCauseGet          
2000de89  PinConfigSet                  
2000ef85  PinModeGet                    
2000ec51  PinModeSet                    
2000f255  PinToPadGet                   
2000fd50  PowerCC32XX_config            
2000d88d  PowerCC32XX_configureWakeup   
2000ff28  PowerCC32XX_contextSave       
2000eabd  PowerCC32XX_enterLPDS         
2000f04d  PowerCC32XX_getParkState      
2000d2d7  PowerCC32XX_initPolicy        
2000f908  PowerCC32XX_module            
2000e835  PowerCC32XX_parkPin           
2000f18d  PowerCC32XX_reset             
2000efb9  PowerCC32XX_restoreParkState  
2000f01d  PowerCC32XX_restoreParkedPin  
2000e6f5  PowerCC32XX_resumeLPDS        
2000e3b9  PowerCC32XX_setParkState      
2000c8d9  PowerCC32XX_sleepPolicy       
2000f425  Power_disablePolicy           
2000f519  Power_enablePolicy            
2000f581  Power_getConstraintMask       
2000f439  Power_getDependencyCount      
2000f315  Power_getTransitionLatency    
2000f32d  Power_idleFunc                
2000df11  Power_init                    
2000f0cd  Power_registerNotify          
2000e9a5  Power_releaseConstraint       
2000e649  Power_releaseDependency       
2000ed8d  Power_setConstraint           
2000e019  Power_setDependency           
2000cbbd  Power_sleep                   
2000f1f5  Power_unregisterNotify        
2000f473  RingBuf_construct             
2000ec91  RingBuf_get                   
2000f565  RingBuf_isFull                
2000f215  RingBuf_peek                  
2000e9ed  RingBuf_put                   
2000f529  SemaphoreP_Params_init        
2000e799  SemaphoreP_construct          
2000f3d1  SemaphoreP_create             
2000f2df  SemaphoreP_createBinary       
2000fb88  SemaphoreP_defaultParams      
2000f5f1  SemaphoreP_delete             
2000da79  SemaphoreP_pend               
2000eb01  SemaphoreP_post               
2000f271  SwiP_disable                  
2000eb45  SwiP_restore                  
2000f345  UARTBusy                      
2000ccf5  UARTCC32XX_close              
2000d035  UARTCC32XX_control            
2000fd94  UARTCC32XX_fxnTable           
2000d517  UARTCC32XX_init               
2000c46d  UARTCC32XX_open               
2000ecd1  UARTCC32XX_read               
2000eee5  UARTCC32XX_readCancel         
2000d45d  UARTCC32XX_readPolling        
2000d20d  UARTCC32XX_write              
2000e351  UARTCC32XX_writeCancel        
2000e41d  UARTCC32XX_writePolling       
2000f35d  UARTIntEnable                 
2000f375  UART_Params_init              
2000fef0  UART_config                   
2000fe27  UART_count                    
2000fdbc  UART_defaultParams            
2000eb89  UART_init                     
2000ed11  UART_open                     
2000f5b7  UART_read                     
2000f5c1  UART_write                    
2000f5e3  UtilsDelay                    
20004000  __STACK_END                   
00001000  __STACK_SIZE                  
00008000  __SYSMEM_SIZE                 
20010230  __TI_CINIT_Base               
20010240  __TI_CINIT_Limit              
20010218  __TI_Handler_Table_Base       
20010224  __TI_Handler_Table_Limit      
2000ebcd  __TI_auto_init_nobinit_nopinit
2000e2e9  __TI_decompress_lzss          
2000f573  __TI_decompress_none          
ffffffff  __TI_pprof_out_hndl           
ffffffff  __TI_prof_data_size           
ffffffff  __TI_prof_data_start          
20010158  __TI_static_base__            
2000f28d  __TI_zero_init_nomemset       
2000ef1b  __aeabi_idiv0                 
2000ef1b  __aeabi_ldiv0                 
2000f38d  __aeabi_lmul                  
2000db19  __aeabi_memcpy                
2000db19  __aeabi_memcpy4               
2000db19  __aeabi_memcpy8               
2000dc4d  __aeabi_uldivmod              
ffffffff  __binit__                     
ffffffff  __c_args__                    
UNDEFED   __mpu_init                    
20003000  __stack                       
20004000  __start___llvm_prf_cnts       
20004000  __stop___llvm_prf_cnts        
2000f1b1  _c_int00_noargs               
2000fb78  _lock                         
2000dce3  _nop                          
20004040  _sys_memory                   
UNDEFED   _system_post_cinit            
2000f5f5  _system_pre_init              
2000fb7c  _unlock                       
2000f5f9  abort                         
2000cf35  aligned_alloc                 
ffffffff  binit                         
2000e47f  clkFxn                        
2000d129  free                          
2000fba0  gpioCallbackFunctions         
2000fba4  gpioPinConfigs                
2000ff12  inPinTypes                    
2000ee75  initVectors                   
2000f485  main                          
2000ce15  mainThread                    
2000f5cb  malloc                        
2000cf35  memalign                      
2000db19  memcpy                        
2000ff18  outPinStrengths               
2000fefc  outPinTypes                   
2000fa74  parkInfo                      
2000f2f9  resetISR                      
2000f30c  resetVectorAddr               
20004000  resetVectors                  
20010054  uartCC32XXObjects0            


GLOBAL SYMBOLS: SORTED BY Symbol Address 

address   name                          
-------   ----                          
00001000  __STACK_SIZE                  
00008000  __SYSMEM_SIZE                 
20003000  __stack                       
20004000  __STACK_END                   
20004000  __start___llvm_prf_cnts       
20004000  __stop___llvm_prf_cnts        
20004000  resetVectors                  
20004040  _sys_memory                   
2000c041  PRCMCC3200MCUInit             
2000c46d  UARTCC32XX_open               
2000c6f5  GPIO_setConfig                
2000c8d9  PowerCC32XX_sleepPolicy       
2000cbbd  Power_sleep                   
2000ccf5  UARTCC32XX_close              
2000ce15  mainThread                    
2000cf35  aligned_alloc                 
2000cf35  memalign                      
2000d035  UARTCC32XX_control            
2000d127  Board_initHook                
2000d129  free                          
2000d20d  UARTCC32XX_write              
2000d2d7  PowerCC32XX_initPolicy        
2000d2d9  GPIO_init                     
2000d45d  UARTCC32XX_readPolling        
2000d517  UARTCC32XX_init               
2000d7e5  IntEnable                     
2000d88d  PowerCC32XX_configureWakeup   
2000da79  SemaphoreP_pend               
2000db19  __aeabi_memcpy                
2000db19  __aeabi_memcpy4               
2000db19  __aeabi_memcpy8               
2000db19  memcpy                        
2000dc4d  __aeabi_uldivmod              
2000dce3  _nop                          
2000dd75  HwiP_construct                
2000de01  IntPendSet                    
2000de89  PinConfigSet                  
2000df11  Power_init                    
2000e019  Power_setDependency           
2000e115  GPIO_hwiIntFxn                
2000e2e9  __TI_decompress_lzss          
2000e351  UARTCC32XX_writeCancel        
2000e3b9  PowerCC32XX_setParkState      
2000e41d  UARTCC32XX_writePolling       
2000e47f  clkFxn                        
2000e481  PRCMSysResetCauseGet          
2000e4e1  GPIO_setCallback              
2000e599  GPIO_write                    
2000e5f1  PRCMPeripheralReset           
2000e649  Power_releaseDependency       
2000e6f5  PowerCC32XX_resumeLPDS        
2000e749  ClockP_doTick                 
2000e749  ClockP_sysTickHandler         
2000e799  SemaphoreP_construct          
2000e7e9  GPIO_enableInt                
2000e835  PowerCC32XX_parkPin           
2000e8cd  FlashDisable                  
2000e915  PRCMLPDSEnter                 
2000e95d  PRCMPeripheralClkEnable       
2000e9a5  Power_releaseConstraint       
2000e9ed  RingBuf_put                   
2000ea35  ClockP_stop                   
2000ea79  PRCMLPDSRestoreInfoSet        
2000eabd  PowerCC32XX_enterLPDS         
2000eb01  SemaphoreP_post               
2000eb45  SwiP_restore                  
2000eb89  UART_init                     
2000ebcd  __TI_auto_init_nobinit_nopinit
2000ec11  ClockP_construct              
2000ec51  PinModeSet                    
2000ec91  RingBuf_get                   
2000ecd1  UARTCC32XX_read               
2000ed11  UART_open                     
2000ed51  ClockP_destruct               
2000ed8d  Power_setConstraint           
2000ee05  PRCMLPDSEnterKeepDebugIf      
2000ee75  initVectors                   
2000eee5  UARTCC32XX_readCancel         
2000ef1b  __aeabi_idiv0                 
2000ef1b  __aeabi_ldiv0                 
2000ef1d  ClockP_getTicksUntilInterrupt 
2000ef51  ClockP_startup                
2000ef85  PinModeGet                    
2000efb9  PowerCC32XX_restoreParkState  
2000efed  ClockP_start                  
2000f01d  PowerCC32XX_restoreParkedPin  
2000f04d  PowerCC32XX_getParkState      
2000f079  HwiP_create                   
2000f0a5  PRCMPeripheralClkDisable      
2000f0cd  Power_registerNotify          
2000f11d  List_put                      
2000f143  List_remove                   
2000f169  HwiP_dispatch                 
2000f18d  PowerCC32XX_reset             
2000f1b1  _c_int00_noargs               
2000f1d5  HwiP_destruct                 
2000f1f5  Power_unregisterNotify        
2000f215  RingBuf_peek                  
2000f255  PinToPadGet                   
2000f271  SwiP_disable                  
2000f28d  __TI_zero_init_nomemset       
2000f2c5  ClockP_create                 
2000f2df  SemaphoreP_createBinary       
2000f2f9  resetISR                      
2000f30c  resetVectorAddr               
2000f315  Power_getTransitionLatency    
2000f32d  Power_idleFunc                
2000f345  UARTBusy                      
2000f35d  UARTIntEnable                 
2000f375  UART_Params_init              
2000f38d  __aeabi_lmul                  
2000f3a5  PRCMHIBRegRead                
2000f3bb  PRCMHIBRegWrite               
2000f3d1  SemaphoreP_create             
2000f3e7  CPUcpsid                      
2000f3fd  HwiP_inISR                    
2000f411  IntVTableBaseSet              
2000f425  Power_disablePolicy           
2000f439  Power_getDependencyCount      
2000f461  HwiP_Params_init              
2000f473  RingBuf_construct             
2000f485  main                          
2000f497  Board_init                    
2000f4a7  ClockP_add                    
2000f4b7  ClockP_delete                 
2000f4c9  ClockP_getCpuFreq             
2000f4d9  ClockP_getSystemTicks         
2000f4e9  ClockP_setTicks               
2000f4f9  HwiP_delete                   
2000f509  HwiP_restore                  
2000f519  Power_enablePolicy            
2000f529  SemaphoreP_Params_init        
2000f549  HwiP_disable                  
2000f557  HwiP_enable                   
2000f557  NoRTOS_start                  
2000f565  RingBuf_isFull                
2000f573  __TI_decompress_none          
2000f581  Power_getConstraintMask       
2000f599  ClockP_Params_init            
2000f5a3  ClockP_isActive               
2000f5ad  IntMasterDisable              
2000f5b7  UART_read                     
2000f5c1  UART_write                    
2000f5cb  malloc                        
2000f5e3  UtilsDelay                    
2000f5e9  ClockP_setTimeout             
2000f5ed  HwiP_post                     
2000f5f1  SemaphoreP_delete             
2000f5f5  _system_pre_init              
2000f5f9  C$$EXIT                       
2000f5f9  abort                         
2000f908  PowerCC32XX_module            
2000fa74  parkInfo                      
2000fb78  _lock                         
2000fb7c  _unlock                       
2000fb88  SemaphoreP_defaultParams      
2000fb90  HwiP_key                      
2000fb94  HwiP_swiPIntNum               
2000fb98  ClockP_tickPeriod             
2000fba0  gpioCallbackFunctions         
2000fba4  gpioPinConfigs                
2000fd50  PowerCC32XX_config            
2000fd94  UARTCC32XX_fxnTable           
2000fdbc  UART_defaultParams            
2000fe25  CONFIG_GPIO_LED_0_CONST       
2000fe26  CONFIG_UART_0_CONST           
2000fe27  UART_count                    
2000fe90  GPIOCC32XX_config             
2000fef0  UART_config                   
2000fefc  outPinTypes                   
2000ff12  inPinTypes                    
2000ff18  outPinStrengths               
2000ff28  PowerCC32XX_contextSave       
20010054  uartCC32XXObjects0            
20010130  ClockP_ctrl                   
20010158  __TI_static_base__            
20010218  __TI_Handler_Table_Base       
20010224  __TI_Handler_Table_Limit      
20010230  __TI_CINIT_Base               
20010240  __TI_CINIT_Limit              
ffffffff  __TI_pprof_out_hndl           
ffffffff  __TI_prof_data_size           
ffffffff  __TI_prof_data_start          
ffffffff  __binit__                     
ffffffff  __c_args__                    
ffffffff  binit                         
UNDEFED   ITM_flush                     
UNDEFED   ITM_restore                   
UNDEFED   __mpu_init                    
UNDEFED   _system_post_cinit            

[190 symbols]
