******************************************************************************
                  TI ARM Linker PC v20.2.5                     
******************************************************************************
>> Linked Sat Oct  2 12:28:32 2021

OUTPUT FILE NAME:   <gpiointerrupt_CC3220S_LAUNCHXL_nortos_ccs.out>
ENTRY POINT SYMBOL: "resetISR"  address: 2000e34d


MEMORY CONFIGURATION

         name            origin    length      used     unused   attr    fill
----------------------  --------  ---------  --------  --------  ----  --------
  SRAM2                 20000000   00004000  0000130c  00002cf4  RW X
  SRAM                  20004000   0003c000  0000b049  00030fb7  RW X
  LOG_DATA              90000000   00040000  00000000  00040000  R   


SEGMENT ALLOCATION MAP

run origin  load origin   length   init length attrs members
----------  ----------- ---------- ----------- ----- -------
20003000    20003000    00001000   00000000    rw-
  20003000    20003000    00001000   00000000    rw- .stack
20004000    20004000    00000040   00000040    r--
  20004000    20004000    00000040   00000040    r-- .resetVecs
20004040    20004040    00008000   00000000    rw-
  20004040    20004040    00008000   00000000    rw- .sysmem
2000c040    2000c040    00002536   00002536    r-x
  2000c040    2000c040    00002536   00002536    r-x .text
2000e578    2000e578    000005c1   00000000    rw-
  2000e578    2000e578    000005c1   00000000    rw- .data
2000eb3c    2000eb3c    0000029a   0000029a    r--
  2000eb3c    2000eb3c    0000029a   0000029a    r-- .const
2000edd8    2000edd8    00000188   00000000    rw-
  2000edd8    2000edd8    00000188   00000000    rw- .bss
2000ef60    2000ef60    000000f0   000000f0    r--
  2000ef60    2000ef60    000000f0   000000f0    r-- .cinit


SECTION ALLOCATION MAP

 output                                  attributes/
section   page    origin      length       input sections
--------  ----  ----------  ----------   ----------------
.text      0    2000c040    00002536     
                  2000c040    0000042c     driverlib.a : prcm.obj (.text:PRCMCC3200MCUInit)
                  2000c46c    00000204     gpiointerrupt.obj (.text:mainThread)
                  2000c670    000001e4     drivers_cc32xx.a : GPIOCC32XX.oem4 (.text:GPIO_setConfig)
                  2000c854    0000019c     nortos_cc32xx.a : PowerCC32XX_nortos.oem4 (.text:PowerCC32XX_sleepPolicy)
                  2000c9f0    00000148     drivers_cc32xx.a : PowerCC32XX.oem4 (.text:parkPins)
                  2000cb38    00000138                      : PowerCC32XX.oem4 (.text:Power_sleep)
                  2000cc70    00000100     rtsv7M4_T_le_eabi.lib : memory.c.obj (.text:aligned_alloc)
                  2000cd70    000000e4                           : memory.c.obj (.text:free)
                  2000ce54    000000c4     drivers_cc32xx.a : GPIOCC32XX.oem4 (.text:GPIO_init)
                  2000cf18    000000c0                      : PowerCC32XX.oem4 (.text:restoreParkedPins)
                  2000cfd8    000000a8     driverlib.a : interrupt.obj (.text:IntEnable)
                  2000d080    000000a8     drivers_cc32xx.a : PowerCC32XX.oem4 (.text:PowerCC32XX_configureWakeup)
                  2000d128    000000a0     nortos_cc32xx.a : SemaphoreP_nortos.oem4 (.text:SemaphoreP_pend)
                  2000d1c8    0000009c     rtsv7M4_T_le_eabi.lib : memcpy_t2.asm.obj (.text)
                  2000d264    00000098     drivers_cc32xx.a : GPIOCC32XX.oem4 (.text:powerNotifyFxn)
                  2000d2fc    00000096     rtsv7M4_T_le_eabi.lib : ull_div_t2.asm.obj (.text)
                  2000d392    00000002     ti_drivers_config.obj (.text:Board_initHook)
                  2000d394    00000090     drivers_cc32xx.a : PowerCC32XX.oem4 (.text:restoreNVICRegs)
                  2000d424    0000008c     nortos_cc32xx.a : HwiPCC32XX_nortos.oem4 (.text:HwiP_construct)
                  2000d4b0    00000088     driverlib.a : interrupt.obj (.text:IntPendSet)
                  2000d538    00000088                 : pin.obj (.text:PinConfigSet)
                  2000d5c0    00000084     drivers_cc32xx.a : PowerCC32XX.oem4 (.text:Power_init)
                  2000d644    00000084                      : PowerCC32XX.oem4 (.text:saveNVICRegs)
                  2000d6c8    00000080                      : PowerCC32XX.oem4 (.text:Power_setDependency)
                  2000d748    00000078                      : GPIOCC32XX.oem4 (.text:GPIO_hwiIntFxn)
                  2000d7c0    00000070     rtsv7M4_T_le_eabi.lib : memory.c.obj (.text:split)
                  2000d830    00000068                           : copy_decompress_lzss.c.obj (.text:decompress:lzss:__TI_decompress_lzss)
                  2000d898    00000064     drivers_cc32xx.a : GPIOCC32XX.oem4 (.text:GPIO_toggle)
                  2000d8fc    00000064                      : PowerCC32XX.oem4 (.text:PowerCC32XX_setParkState)
                  2000d960    00000060     driverlib.a : prcm.obj (.text:PRCMSysResetCauseGet)
                  2000d9c0    0000005c     drivers_cc32xx.a : GPIOCC32XX.oem4 (.text:GPIO_setCallback)
                  2000da1c    0000005c     nortos_cc32xx.a : ClockPSysTick_nortos.oem4 (.text:sysTickInit)
                  2000da78    00000058     driverlib.a : prcm.obj (.text:PRCMPeripheralReset)
                  2000dad0    00000052     drivers_cc32xx.a : PowerCC32XX_asm.oem4 (.text:PowerCC32XX_resumeLPDS)
                  2000db22    00000002     nortos_cc32xx.a : PowerCC32XX_nortos.oem4 (.text:PowerCC32XX_initPolicy)
                  2000db24    00000050                     : ClockPSysTick_nortos.oem4 (.text:ClockP_sysTickHandler)
                  2000db74    00000050                     : SemaphoreP_nortos.oem4 (.text:SemaphoreP_construct)
                  2000dbc4    0000004c     drivers_cc32xx.a : GPIOCC32XX.oem4 (.text:GPIO_enableInt)
                  2000dc10    0000004c                      : PowerCC32XX.oem4 (.text:PowerCC32XX_parkPin)
                  2000dc5c    0000004c                      : PowerCC32XX.oem4 (.text:restorePeriphClocks)
                  2000dca8    00000048     driverlib.a : flash.obj (.text:FlashDisable)
                  2000dcf0    00000048                 : prcm.obj (.text:PRCMLPDSEnter)
                  2000dd38    00000048                 : prcm.obj (.text:PRCMPeripheralClkEnable)
                  2000dd80    00000044     nortos_cc32xx.a : ClockPSysTick_nortos.oem4 (.text:ClockP_stop)
                  2000ddc4    00000044     driverlib.a : prcm.obj (.text:PRCMLPDSRestoreInfoSet)
                  2000de08    00000044     drivers_cc32xx.a : PowerCC32XX_asm.oem4 (.text:PowerCC32XX_enterLPDS)
                  2000de4c    00000044     nortos_cc32xx.a : SemaphoreP_nortos.oem4 (.text:SemaphoreP_post)
                  2000de90    00000044                     : SwiP_nortos.oem4 (.text:SwiP_restore)
                  2000ded4    00000044     rtsv7M4_T_le_eabi.lib : autoinit.c.obj (.text:__TI_auto_init_nobinit_nopinit:__TI_auto_init_nobinit_nopinit)
                  2000df18    00000040     driverlib.a : pin.obj (.text:PinModeSet)
                  2000df58    0000003c     nortos_cc32xx.a : ClockPSysTick_nortos.oem4 (.text:ClockP_destruct)
                  2000df94    0000003a                     : PowerCC32XX_nortos.oem4 (.text:getCountsRTC)
                  2000dfce    00000002     drivers_cc32xx.a : Timer.oem4 (.text:Timer_init)
                  2000dfd0    00000038     driverlib.a : prcm.obj (.text:PRCMLPDSEnterKeepDebugIf)
                  2000e008    00000038     nortos_cc32xx.a : ClockPSysTick_nortos.oem4 (.text:addToList)
                  2000e040    00000038                     : startup_cc32xx_ccs.oem4 (.text:initVectors)
                  2000e078    00000038     drivers_cc32xx.a : PowerCC32XX.oem4 (.text:notify)
                  2000e0b0    00000034     nortos_cc32xx.a : ClockPSysTick_nortos.oem4 (.text:ClockP_getTicksUntilInterrupt)
                  2000e0e4    00000034                     : ClockPSysTick_nortos.oem4 (.text:ClockP_startup)
                  2000e118    00000034     driverlib.a : pin.obj (.text:PinModeGet)
                  2000e14c    00000030     nortos_cc32xx.a : ClockPSysTick_nortos.oem4 (.text:ClockP_start)
                  2000e17c    00000030     drivers_cc32xx.a : PowerCC32XX.oem4 (.text:PowerCC32XX_restoreParkedPin)
                  2000e1ac    0000002a     nortos_cc32xx.a : HwiPCC32XX_nortos.oem4 (.text:HwiP_create)
                  2000e1d6    00000002     rtsv7M4_T_le_eabi.lib : _lock.c.obj (.text:_nop)
                  2000e1d8    00000028     driverlib.a : prcm.obj (.text:PRCMPeripheralClkDisable)
                  2000e200    00000028     drivers_cc32xx.a : PowerCC32XX.oem4 (.text:Power_registerNotify)
                  2000e228    00000028     rtsv7M4_T_le_eabi.lib : memory.c.obj (.text:free_list_insert)
                  2000e250    00000026     drivers_cc32xx.a : List.oem4 (.text:List_put)
                  2000e276    00000002     nortos_cc32xx.a : startup_cc32xx_ccs.oem4 (.text:busFaultHandler)
                  2000e278    00000024                     : HwiPCC32XX_nortos.oem4 (.text:HwiP_dispatch)
                  2000e29c    00000024     rtsv7M4_T_le_eabi.lib : boot_cortex_m.c.obj (.text:_c_int00_noargs:_c_int00_noargs)
                  2000e2c0    0000001c     driverlib.a : pin.obj (.text:PinToPadGet)
                  2000e2dc    0000001c     nortos_cc32xx.a : SwiP_nortos.oem4 (.text:SwiP_disable)
                  2000e2f8    0000001c     rtsv7M4_T_le_eabi.lib : copy_zero_init.c.obj (.text:decompress:ZI:__TI_zero_init_nomemset:__TI_zero_init_nomemset)
                  2000e314    0000001c                           : memory.c.obj (.text:free_list_remove)
                  2000e330    0000001a     nortos_cc32xx.a : SemaphoreP_nortos.oem4 (.text:SemaphoreP_createBinary)
                  2000e34a    00000002                     : SemaphoreP_nortos.oem4 (.text:clkFxn)
                  2000e34c    0000001a                     : startup_cc32xx_ccs.oem4 (.text:resetISR)
                  2000e366    00000002                     : startup_cc32xx_ccs.oem4 (.text:defaultHandler)
                  2000e368    00000018     drivers_cc32xx.a : PowerCC32XX.oem4 (.text:Power_getTransitionLatency)
                  2000e380    00000018                      : PowerCC32XX.oem4 (.text:Power_idleFunc)
                  2000e398    00000018     rtsv7M4_T_le_eabi.lib : ll_mul_t2.asm.obj (.text)
                  2000e3b0    00000016     driverlib.a : prcm.obj (.text:PRCMHIBRegRead)
                  2000e3c6    00000016                 : prcm.obj (.text:PRCMHIBRegWrite)
                  2000e3dc    00000016     nortos_cc32xx.a : SemaphoreP_nortos.oem4 (.text:SemaphoreP_create)
                  2000e3f2    00000014     driverlib.a : cpu.obj (.text:CPUcpsid)
                  2000e406    00000002     nortos_cc32xx.a : startup_cc32xx_ccs.oem4 (.text:faultISR)
                  2000e408    00000014                     : HwiPCC32XX_nortos.oem4 (.text:HwiP_inISR)
                  2000e41c    00000014     driverlib.a : interrupt.obj (.text:IntVTableBaseSet)
                  2000e430    00000014     drivers_cc32xx.a : PowerCC32XX.oem4 (.text:Power_disablePolicy)
                  2000e444    00000014                      : PowerCC32XX.oem4 (.text:Power_getDependencyCount)
                  2000e458    00000012     nortos_cc32xx.a : HwiPCC32XX_nortos.oem4 (.text:HwiP_Params_init)
                  2000e46a    00000012     main_nortos.obj (.text:main)
                  2000e47c    00000010     ti_drivers_config.obj (.text:Board_init)
                  2000e48c    00000010     nortos_cc32xx.a : ClockPSysTick_nortos.oem4 (.text:ClockP_add)
                  2000e49c    00000010                     : ClockPSysTick_nortos.oem4 (.text:ClockP_getCpuFreq)
                  2000e4ac    00000010                     : ClockPSysTick_nortos.oem4 (.text:ClockP_getSystemTicks)
                  2000e4bc    00000010                     : ClockPSysTick_nortos.oem4 (.text:ClockP_setTicks)
                  2000e4cc    00000010                     : HwiPCC32XX_nortos.oem4 (.text:HwiP_restore)
                  2000e4dc    00000010     drivers_cc32xx.a : PowerCC32XX.oem4 (.text:Power_enablePolicy)
                  2000e4ec    00000010     nortos_cc32xx.a : SemaphoreP_nortos.oem4 (.text:SemaphoreP_Params_init)
                  2000e4fc    0000000e                     : HwiPCC32XX_nortos.oem4 (.text:HwiP_disable)
                  2000e50a    0000000e                     : HwiPCC32XX_nortos.oem4 (.text:HwiP_enable)
                  2000e518    0000000e     rtsv7M4_T_le_eabi.lib : copy_decompress_none.c.obj (.text:decompress:none:__TI_decompress_none)
                  2000e526    0000000e     gpiointerrupt.obj (.text:gpioButtonFxn0)
                  2000e534    0000000c     drivers_cc32xx.a : PowerCC32XX.oem4 (.text:Power_getConstraintMask)
                  2000e540    0000000a     nortos_cc32xx.a : ClockPSysTick_nortos.oem4 (.text:ClockP_isActive)
                  2000e54a    0000000a     driverlib.a : interrupt.obj (.text:IntMasterDisable)
                  2000e554    00000008     rtsv7M4_T_le_eabi.lib : memory.c.obj (.text:malloc)
                  2000e55c    00000006     driverlib.a : utils.obj (.text:UtilsDelay)
                  2000e562    00000004     nortos_cc32xx.a : HwiPCC32XX_nortos.oem4 (.text:HwiP_post)
                  2000e566    00000004                     : SemaphoreP_nortos.oem4 (.text:SemaphoreP_delete)
                  2000e56a    00000004     rtsv7M4_T_le_eabi.lib : pre_init.c.obj (.text:_system_pre_init)
                  2000e56e    00000004                           : exit.c.obj (.text:abort:abort)
                  2000e572    00000002     nortos_cc32xx.a : startup_cc32xx_ccs.oem4 (.text:nmiISR)
                  2000e574    00000002     rtsv7M4_T_le_eabi.lib : div0.asm.obj (.text)

.const     0    2000eb3c    0000029a     
                  2000eb3c    00000100     driverlib.a : pin.obj (.const:g_ulPinToPadMap)
                  2000ec3c    000000a8                 : prcm.obj (.const:PRCM_PeriphRegsList)
                  2000ece4    00000044     ti_drivers_config.obj (.const:PowerCC32XX_config)
                  2000ed28    00000021     drivers_cc32xx.a : GPIOCC32XX.oem4 (.const:.string:pinTable)
                  2000ed49    00000003     --HOLE-- [fill = 0]
                  2000ed4c    00000018     driverlib.a : interrupt.obj (.const:g_pulEnRegs)
                  2000ed64    00000018                 : interrupt.obj (.const:g_pulPendRegs)
                  2000ed7c    00000014     ti_drivers_config.obj (.const:GPIOCC32XX_config)
                  2000ed90    00000014     drivers_cc32xx.a : GPIOCC32XX.oem4 (.const:gpioBaseAddresses)
                  2000eda4    00000014                      : GPIOCC32XX.oem4 (.const:powerResources)
                  2000edb8    00000008                      : GPIOCC32XX.oem4 (.const:outPinTypes)
                  2000edc0    00000006                      : GPIOCC32XX.oem4 (.const:.string:interruptType)
                  2000edc6    00000006                      : GPIOCC32XX.oem4 (.const:inPinTypes)
                  2000edcc    00000006                      : GPIOCC32XX.oem4 (.const:outPinStrengths)
                  2000edd2    00000004                      : GPIOCC32XX.oem4 (.const:.string:portInterruptIds)

.cinit     0    2000ef60    000000f0     
                  2000ef60    000000cb     (.cinit..data.load) [load image, compression = lzss]
                  2000f02b    00000001     --HOLE-- [fill = 0]
                  2000f02c    0000000c     (__TI_handler_table)
                  2000f038    00000008     (.cinit..bss.load) [load image, compression = zero_init]
                  2000f040    00000010     (__TI_cinit_table)

.init_array 
*          0    20004000    00000000     UNINITIALIZED

.ramVecs   0    20000000    0000030c     NOLOAD SECTION
                  20000000    0000030c     nortos_cc32xx.a : startup_cc32xx_ccs.oem4 (.ramVecs)

.stack     0    20003000    00001000     UNINITIALIZED
                  20003000    00000004     rtsv7M4_T_le_eabi.lib : boot_cortex_m.c.obj (.stack)
                  20003004    00000ffc     --HOLE--

.resetVecs 
*          0    20004000    00000040     
                  20004000    00000040     nortos_cc32xx.a : startup_cc32xx_ccs.oem4 (.resetVecs:retain)

.sysmem    0    20004040    00008000     UNINITIALIZED
                  20004040    00000010     rtsv7M4_T_le_eabi.lib : memory.c.obj (.sysmem)
                  20004050    00007ff0     --HOLE--

.data      0    2000e578    000005c1     UNINITIALIZED
                  2000e578    0000030c     nortos_cc32xx.a : HwiPCC32XX_nortos.oem4 (.data:HwiP_dispatchTable)
                  2000e884    0000016c     drivers_cc32xx.a : PowerCC32XX.oem4 (.data:PowerCC32XX_module)
                  2000e9f0    000000f8     ti_drivers_config.obj (.data:parkInfo)
                  2000eae8    00000010     ti_drivers_config.obj (.data:gpioCallbackFunctions)
                  2000eaf8    00000010     ti_drivers_config.obj (.data:gpioPinConfigs)
                  2000eb08    00000009     drivers_cc32xx.a : GPIOCC32XX.oem4 (.data)
                  2000eb11    00000003     nortos_cc32xx.a : SemaphoreP_nortos.oem4 (.data)
                  2000eb14    00000008     rtsv7M4_T_le_eabi.lib : _lock.c.obj (.data:$O1$$)
                  2000eb1c    00000008                           : memory.c.obj (.data:$O1$$)
                  2000eb24    00000008     nortos_cc32xx.a : SemaphoreP_nortos.oem4 (.data:SemaphoreP_defaultParams)
                  2000eb2c    00000008                     : HwiPCC32XX_nortos.oem4 (.data)
                  2000eb34    00000005                     : ClockPSysTick_nortos.oem4 (.data)

.bss       0    2000edd8    00000188     UNINITIALIZED
                  2000edd8    0000012c     (.common:PowerCC32XX_contextSave)
                  2000ef04    00000020     drivers_cc32xx.a : GPIOCC32XX.oem4 (.bss:gpioCallbackInfo)
                  2000ef24    00000014                      : GPIOCC32XX.oem4 (.bss:powerNotifyObj)
                  2000ef38    00000010     (.common:ClockP_ctrl)
                  2000ef48    0000000d     nortos_cc32xx.a : SwiP_nortos.oem4 (.bss)
                  2000ef55    00000003     --HOLE--
                  2000ef58    00000004     drivers_cc32xx.a : GPIOCC32XX.oem4 (.bss)
                  2000ef5c    00000004     nortos_cc32xx.a : ClockPSysTick_nortos.oem4 (.bss)

.log_data 
*          0    90000000    00000000     COPY SECTION

__llvm_prf_cnts 
*          0    20004000    00000000     UNINITIALIZED

MODULE SUMMARY

       Module                       code   ro data   rw data
       ------                       ----   -------   -------
    .\
       gpiointerrupt.obj            530    0         0      
       main_nortos.obj              18     0         0      
    +--+----------------------------+------+---------+---------+
       Total:                       548    0         0      
                                                            
    .\syscfg\
       ti_drivers_config.obj        18     88        280    
    +--+----------------------------+------+---------+---------+
       Total:                       18     88        280    
                                                            
    C:/ti/simplelink_cc32xx_sdk_5_20_00_06/kernel/nortos/lib/ccs/m4/nortos_cc32xx.a
       HwiPCC32XX_nortos.oem4       304    0         788    
       startup_cc32xx_ccs.oem4      90     64        780    
       ClockPSysTick_nortos.oem4    582    0         25     
       PowerCC32XX_nortos.oem4      472    0         0      
       SemaphoreP_nortos.oem4       378    0         11     
       SwiP_nortos.oem4             96     0         13     
    +--+----------------------------+------+---------+---------+
       Total:                       1922   64        1617   
                                                            
    C:/ti/simplelink_cc32xx_sdk_5_20_00_06/source/ti/devices/cc32xx/driverlib/ccs/Release/driverlib.a
       prcm.obj                     1604   168       0      
       pin.obj                      280    256       0      
       interrupt.obj                334    48        0      
       flash.obj                    72     0         0      
       cpu.obj                      20     0         0      
       utils.obj                    6      0         0      
    +--+----------------------------+------+---------+---------+
       Total:                       2316   472       0      
                                                            
    C:/ti/simplelink_cc32xx_sdk_5_20_00_06/source/ti/drivers/lib/ccs/m4/drivers_cc32xx.a
       PowerCC32XX.oem4             2048   0         664    
       GPIOCC32XX.oem4              1220   103       65     
       PowerCC32XX_asm.oem4         150    0         0      
       List.oem4                    38     0         0      
       Timer.oem4                   2      0         0      
    +--+----------------------------+------+---------+---------+
       Total:                       3458   103       729    
                                                            
    C:\ti\ccs1040\ccs\tools\compiler\ti-cgt-arm_20.2.5.LTS\lib\rtsv7M4_T_le_eabi.lib
       memory.c.obj                 672    0         8      
       memcpy_t2.asm.obj            156    0         0      
       ull_div_t2.asm.obj           150    0         0      
       copy_decompress_lzss.c.obj   104    0         0      
       autoinit.c.obj               68     0         0      
       boot_cortex_m.c.obj          36     0         0      
       copy_zero_init.c.obj         28     0         0      
       ll_mul_t2.asm.obj            24     0         0      
       copy_decompress_none.c.obj   14     0         0      
       _lock.c.obj                  2      0         8      
       exit.c.obj                   4      0         0      
       pre_init.c.obj               4      0         0      
       div0.asm.obj                 2      0         0      
    +--+----------------------------+------+---------+---------+
       Total:                       1264   0         16     
                                                            
       Heap:                        0      0         32768  
       Stack:                       0      0         4096   
       Linker Generated:            0      239       0      
    +--+----------------------------+------+---------+---------+
       Grand Total:                 9526   966       39506  


LINKER GENERATED COPY TABLES

__TI_cinit_table @ 2000f040 records: 2, size/record: 8, table size: 16
	.data: load addr=2000ef60, load size=000000cb bytes, run addr=2000e578, run size=000005c1 bytes, compression=lzss
	.bss: load addr=2000f038, load size=00000008 bytes, run addr=2000edd8, run size=00000188 bytes, compression=zero_init


LINKER GENERATED HANDLER TABLE

__TI_handler_table @ 2000f02c records: 3, size/record: 4, table size: 12
	index: 0, handler: __TI_decompress_lzss
	index: 1, handler: __TI_decompress_none
	index: 2, handler: __TI_zero_init


GLOBAL SYMBOLS: SORTED ALPHABETICALLY BY Name 

address   name                          
-------   ----                          
2000e47d  Board_init                    
2000d393  Board_initHook                
2000e56f  C$$EXIT                       
2000e3f3  CPUcpsid                      
2000e48d  ClockP_add                    
2000ef38  ClockP_ctrl                   
2000df59  ClockP_destruct               
2000db25  ClockP_doTick                 
2000e49d  ClockP_getCpuFreq             
2000e4ad  ClockP_getSystemTicks         
2000e0b1  ClockP_getTicksUntilInterrupt 
2000e541  ClockP_isActive               
2000e4bd  ClockP_setTicks               
2000e14d  ClockP_start                  
2000e0e5  ClockP_startup                
2000dd81  ClockP_stop                   
2000db25  ClockP_sysTickHandler         
2000eb34  ClockP_tickPeriod             
2000dca9  FlashDisable                  
2000ed7c  GPIOCC32XX_config             
2000dbc5  GPIO_enableInt                
2000d749  GPIO_hwiIntFxn                
2000ce55  GPIO_init                     
2000d9c1  GPIO_setCallback              
2000c671  GPIO_setConfig                
2000d899  GPIO_toggle                   
2000e459  HwiP_Params_init              
2000d425  HwiP_construct                
2000e1ad  HwiP_create                   
2000e4fd  HwiP_disable                  
2000e279  HwiP_dispatch                 
2000e50b  HwiP_enable                   
2000e409  HwiP_inISR                    
2000eb2c  HwiP_key                      
2000e563  HwiP_post                     
2000e4cd  HwiP_restore                  
2000eb30  HwiP_swiPIntNum               
UNDEFED   ITM_flush                     
UNDEFED   ITM_restore                   
2000cfd9  IntEnable                     
2000e54b  IntMasterDisable              
2000d4b1  IntPendSet                    
2000e41d  IntVTableBaseSet              
2000e251  List_put                      
2000e50b  NoRTOS_start                  
2000c041  PRCMCC3200MCUInit             
2000e3b1  PRCMHIBRegRead                
2000e3c7  PRCMHIBRegWrite               
2000dcf1  PRCMLPDSEnter                 
2000dfd1  PRCMLPDSEnterKeepDebugIf      
2000ddc5  PRCMLPDSRestoreInfoSet        
2000e1d9  PRCMPeripheralClkDisable      
2000dd39  PRCMPeripheralClkEnable       
2000da79  PRCMPeripheralReset           
2000d961  PRCMSysResetCauseGet          
2000d539  PinConfigSet                  
2000e119  PinModeGet                    
2000df19  PinModeSet                    
2000e2c1  PinToPadGet                   
2000ece4  PowerCC32XX_config            
2000d081  PowerCC32XX_configureWakeup   
2000edd8  PowerCC32XX_contextSave       
2000de09  PowerCC32XX_enterLPDS         
2000db23  PowerCC32XX_initPolicy        
2000e884  PowerCC32XX_module            
2000dc11  PowerCC32XX_parkPin           
2000e17d  PowerCC32XX_restoreParkedPin  
2000dad1  PowerCC32XX_resumeLPDS        
2000d8fd  PowerCC32XX_setParkState      
2000c855  PowerCC32XX_sleepPolicy       
2000e431  Power_disablePolicy           
2000e4dd  Power_enablePolicy            
2000e535  Power_getConstraintMask       
2000e445  Power_getDependencyCount      
2000e369  Power_getTransitionLatency    
2000e381  Power_idleFunc                
2000d5c1  Power_init                    
2000e201  Power_registerNotify          
2000d6c9  Power_setDependency           
2000cb39  Power_sleep                   
2000e4ed  SemaphoreP_Params_init        
2000db75  SemaphoreP_construct          
2000e3dd  SemaphoreP_create             
2000e331  SemaphoreP_createBinary       
2000eb24  SemaphoreP_defaultParams      
2000e567  SemaphoreP_delete             
2000d129  SemaphoreP_pend               
2000de4d  SemaphoreP_post               
2000e2dd  SwiP_disable                  
2000de91  SwiP_restore                  
2000dfcf  Timer_init                    
2000e55d  UtilsDelay                    
20004000  __STACK_END                   
00001000  __STACK_SIZE                  
00008000  __SYSMEM_SIZE                 
2000f040  __TI_CINIT_Base               
2000f050  __TI_CINIT_Limit              
2000f02c  __TI_Handler_Table_Base       
2000f038  __TI_Handler_Table_Limit      
2000ded5  __TI_auto_init_nobinit_nopinit
2000d831  __TI_decompress_lzss          
2000e519  __TI_decompress_none          
ffffffff  __TI_pprof_out_hndl           
ffffffff  __TI_prof_data_size           
ffffffff  __TI_prof_data_start          
2000ef60  __TI_static_base__            
2000e2f9  __TI_zero_init_nomemset       
2000e575  __aeabi_idiv0                 
2000e575  __aeabi_ldiv0                 
2000e399  __aeabi_lmul                  
2000d1c9  __aeabi_memcpy                
2000d1c9  __aeabi_memcpy4               
2000d1c9  __aeabi_memcpy8               
2000d2fd  __aeabi_uldivmod              
ffffffff  __binit__                     
ffffffff  __c_args__                    
UNDEFED   __mpu_init                    
20003000  __stack                       
20004000  __start___llvm_prf_cnts       
20004000  __stop___llvm_prf_cnts        
2000e29d  _c_int00_noargs               
2000eb14  _lock                         
2000e1d7  _nop                          
20004040  _sys_memory                   
UNDEFED   _system_post_cinit            
2000e56b  _system_pre_init              
2000eb18  _unlock                       
2000e56f  abort                         
2000cc71  aligned_alloc                 
ffffffff  binit                         
2000e34b  clkFxn                        
2000cd71  free                          
2000e527  gpioButtonFxn0                
2000eae8  gpioCallbackFunctions         
2000eaf8  gpioPinConfigs                
2000edc6  inPinTypes                    
2000e041  initVectors                   
2000e46b  main                          
2000c46d  mainThread                    
2000e555  malloc                        
2000cc71  memalign                      
2000d1c9  memcpy                        
2000edcc  outPinStrengths               
2000edb8  outPinTypes                   
2000e9f0  parkInfo                      
2000e34d  resetISR                      
2000e360  resetVectorAddr               
20004000  resetVectors                  


GLOBAL SYMBOLS: SORTED BY Symbol Address 

address   name                          
-------   ----                          
00001000  __STACK_SIZE                  
00008000  __SYSMEM_SIZE                 
20003000  __stack                       
20004000  __STACK_END                   
20004000  __start___llvm_prf_cnts       
20004000  __stop___llvm_prf_cnts        
20004000  resetVectors                  
20004040  _sys_memory                   
2000c041  PRCMCC3200MCUInit             
2000c46d  mainThread                    
2000c671  GPIO_setConfig                
2000c855  PowerCC32XX_sleepPolicy       
2000cb39  Power_sleep                   
2000cc71  aligned_alloc                 
2000cc71  memalign                      
2000cd71  free                          
2000ce55  GPIO_init                     
2000cfd9  IntEnable                     
2000d081  PowerCC32XX_configureWakeup   
2000d129  SemaphoreP_pend               
2000d1c9  __aeabi_memcpy                
2000d1c9  __aeabi_memcpy4               
2000d1c9  __aeabi_memcpy8               
2000d1c9  memcpy                        
2000d2fd  __aeabi_uldivmod              
2000d393  Board_initHook                
2000d425  HwiP_construct                
2000d4b1  IntPendSet                    
2000d539  PinConfigSet                  
2000d5c1  Power_init                    
2000d6c9  Power_setDependency           
2000d749  GPIO_hwiIntFxn                
2000d831  __TI_decompress_lzss          
2000d899  GPIO_toggle                   
2000d8fd  PowerCC32XX_setParkState      
2000d961  PRCMSysResetCauseGet          
2000d9c1  GPIO_setCallback              
2000da79  PRCMPeripheralReset           
2000dad1  PowerCC32XX_resumeLPDS        
2000db23  PowerCC32XX_initPolicy        
2000db25  ClockP_doTick                 
2000db25  ClockP_sysTickHandler         
2000db75  SemaphoreP_construct          
2000dbc5  GPIO_enableInt                
2000dc11  PowerCC32XX_parkPin           
2000dca9  FlashDisable                  
2000dcf1  PRCMLPDSEnter                 
2000dd39  PRCMPeripheralClkEnable       
2000dd81  ClockP_stop                   
2000ddc5  PRCMLPDSRestoreInfoSet        
2000de09  PowerCC32XX_enterLPDS         
2000de4d  SemaphoreP_post               
2000de91  SwiP_restore                  
2000ded5  __TI_auto_init_nobinit_nopinit
2000df19  PinModeSet                    
2000df59  ClockP_destruct               
2000dfcf  Timer_init                    
2000dfd1  PRCMLPDSEnterKeepDebugIf      
2000e041  initVectors                   
2000e0b1  ClockP_getTicksUntilInterrupt 
2000e0e5  ClockP_startup                
2000e119  PinModeGet                    
2000e14d  ClockP_start                  
2000e17d  PowerCC32XX_restoreParkedPin  
2000e1ad  HwiP_create                   
2000e1d7  _nop                          
2000e1d9  PRCMPeripheralClkDisable      
2000e201  Power_registerNotify          
2000e251  List_put                      
2000e279  HwiP_dispatch                 
2000e29d  _c_int00_noargs               
2000e2c1  PinToPadGet                   
2000e2dd  SwiP_disable                  
2000e2f9  __TI_zero_init_nomemset       
2000e331  SemaphoreP_createBinary       
2000e34b  clkFxn                        
2000e34d  resetISR                      
2000e360  resetVectorAddr               
2000e369  Power_getTransitionLatency    
2000e381  Power_idleFunc                
2000e399  __aeabi_lmul                  
2000e3b1  PRCMHIBRegRead                
2000e3c7  PRCMHIBRegWrite               
2000e3dd  SemaphoreP_create             
2000e3f3  CPUcpsid                      
2000e409  HwiP_inISR                    
2000e41d  IntVTableBaseSet              
2000e431  Power_disablePolicy           
2000e445  Power_getDependencyCount      
2000e459  HwiP_Params_init              
2000e46b  main                          
2000e47d  Board_init                    
2000e48d  ClockP_add                    
2000e49d  ClockP_getCpuFreq             
2000e4ad  ClockP_getSystemTicks         
2000e4bd  ClockP_setTicks               
2000e4cd  HwiP_restore                  
2000e4dd  Power_enablePolicy            
2000e4ed  SemaphoreP_Params_init        
2000e4fd  HwiP_disable                  
2000e50b  HwiP_enable                   
2000e50b  NoRTOS_start                  
2000e519  __TI_decompress_none          
2000e527  gpioButtonFxn0                
2000e535  Power_getConstraintMask       
2000e541  ClockP_isActive               
2000e54b  IntMasterDisable              
2000e555  malloc                        
2000e55d  UtilsDelay                    
2000e563  HwiP_post                     
2000e567  SemaphoreP_delete             
2000e56b  _system_pre_init              
2000e56f  C$$EXIT                       
2000e56f  abort                         
2000e575  __aeabi_idiv0                 
2000e575  __aeabi_ldiv0                 
2000e884  PowerCC32XX_module            
2000e9f0  parkInfo                      
2000eae8  gpioCallbackFunctions         
2000eaf8  gpioPinConfigs                
2000eb14  _lock                         
2000eb18  _unlock                       
2000eb24  SemaphoreP_defaultParams      
2000eb2c  HwiP_key                      
2000eb30  HwiP_swiPIntNum               
2000eb34  ClockP_tickPeriod             
2000ece4  PowerCC32XX_config            
2000ed7c  GPIOCC32XX_config             
2000edb8  outPinTypes                   
2000edc6  inPinTypes                    
2000edcc  outPinStrengths               
2000edd8  PowerCC32XX_contextSave       
2000ef38  ClockP_ctrl                   
2000ef60  __TI_static_base__            
2000f02c  __TI_Handler_Table_Base       
2000f038  __TI_Handler_Table_Limit      
2000f040  __TI_CINIT_Base               
2000f050  __TI_CINIT_Limit              
ffffffff  __TI_pprof_out_hndl           
ffffffff  __TI_prof_data_size           
ffffffff  __TI_prof_data_start          
ffffffff  __binit__                     
ffffffff  __c_args__                    
ffffffff  binit                         
UNDEFED   ITM_flush                     
UNDEFED   ITM_restore                   
UNDEFED   __mpu_init                    
UNDEFED   _system_post_cinit            

[148 symbols]
