<?xml version="1.0" encoding="ISO-8859-1" ?>
<link_info>
   <banner>TI ARM Linker PC v20.2.5.LTS</banner>
   <copyright>Copyright (c) 1996-2018 Texas Instruments Incorporated</copyright>
   <link_time>0x6143fe08</link_time>
   <link_errors>0x0</link_errors>
   <output_file>uartecho_CC3220S_LAUNCHXL_nortos_ccs.out</output_file>
   <entry_point>
      <name>resetISR</name>
      <address>0x2000f28d</address>
   </entry_point>
   <input_file_list>
      <input_file id="fl-2">
         <path>.\</path>
         <kind>object</kind>
         <file>main_nortos.obj</file>
         <name>main_nortos.obj</name>
      </input_file>
      <input_file id="fl-3">
         <path>.\</path>
         <kind>object</kind>
         <file>uartecho.obj</file>
         <name>uartecho.obj</name>
      </input_file>
      <input_file id="fl-4">
         <path>.\syscfg\</path>
         <kind>object</kind>
         <file>ti_drivers_config.obj</file>
         <name>ti_drivers_config.obj</name>
      </input_file>
      <input_file id="fl-d">
         <kind>object</kind>
         <file>&lt;internal&gt;</file>
         <name>&lt;internal&gt;</name>
      </input_file>
      <input_file id="fl-e">
         <path>C:\ti\simplelink_cc32xx_sdk_5_20_00_06\source\ti\drivers\lib\ccs\m4\</path>
         <kind>archive</kind>
         <file>drivers_cc32xx.a</file>
         <name>UART.oem4</name>
      </input_file>
      <input_file id="fl-f">
         <path>C:\ti\simplelink_cc32xx_sdk_5_20_00_06\source\ti\drivers\lib\ccs\m4\</path>
         <kind>archive</kind>
         <file>drivers_cc32xx.a</file>
         <name>GPIOCC32XX.oem4</name>
      </input_file>
      <input_file id="fl-10">
         <path>C:\ti\simplelink_cc32xx_sdk_5_20_00_06\source\ti\drivers\lib\ccs\m4\</path>
         <kind>archive</kind>
         <file>drivers_cc32xx.a</file>
         <name>PowerCC32XX.oem4</name>
      </input_file>
      <input_file id="fl-11">
         <path>C:\ti\simplelink_cc32xx_sdk_5_20_00_06\source\ti\drivers\lib\ccs\m4\</path>
         <kind>archive</kind>
         <file>drivers_cc32xx.a</file>
         <name>PowerCC32XX_asm.oem4</name>
      </input_file>
      <input_file id="fl-12">
         <path>C:\ti\simplelink_cc32xx_sdk_5_20_00_06\source\ti\drivers\lib\ccs\m4\</path>
         <kind>archive</kind>
         <file>drivers_cc32xx.a</file>
         <name>UARTCC32XX.oem4</name>
      </input_file>
      <input_file id="fl-13">
         <path>C:\ti\simplelink_cc32xx_sdk_5_20_00_06\source\ti\drivers\lib\ccs\m4\</path>
         <kind>archive</kind>
         <file>drivers_cc32xx.a</file>
         <name>List.oem4</name>
      </input_file>
      <input_file id="fl-14">
         <path>C:\ti\simplelink_cc32xx_sdk_5_20_00_06\source\ti\drivers\lib\ccs\m4\</path>
         <kind>archive</kind>
         <file>drivers_cc32xx.a</file>
         <name>RingBuf.oem4</name>
      </input_file>
      <input_file id="fl-15">
         <path>C:\ti\simplelink_cc32xx_sdk_5_20_00_06\kernel\nortos\lib\ccs\m4\</path>
         <kind>archive</kind>
         <file>nortos_cc32xx.a</file>
         <name>NoRTOS.oem4</name>
      </input_file>
      <input_file id="fl-16">
         <path>C:\ti\simplelink_cc32xx_sdk_5_20_00_06\kernel\nortos\lib\ccs\m4\</path>
         <kind>archive</kind>
         <file>nortos_cc32xx.a</file>
         <name>SemaphoreP_nortos.oem4</name>
      </input_file>
      <input_file id="fl-17">
         <path>C:\ti\simplelink_cc32xx_sdk_5_20_00_06\kernel\nortos\lib\ccs\m4\</path>
         <kind>archive</kind>
         <file>nortos_cc32xx.a</file>
         <name>ClockPSysTick_nortos.oem4</name>
      </input_file>
      <input_file id="fl-18">
         <path>C:\ti\simplelink_cc32xx_sdk_5_20_00_06\kernel\nortos\lib\ccs\m4\</path>
         <kind>archive</kind>
         <file>nortos_cc32xx.a</file>
         <name>HwiPCC32XX_nortos.oem4</name>
      </input_file>
      <input_file id="fl-19">
         <path>C:\ti\simplelink_cc32xx_sdk_5_20_00_06\kernel\nortos\lib\ccs\m4\</path>
         <kind>archive</kind>
         <file>nortos_cc32xx.a</file>
         <name>PowerCC32XX_nortos.oem4</name>
      </input_file>
      <input_file id="fl-1a">
         <path>C:\ti\simplelink_cc32xx_sdk_5_20_00_06\kernel\nortos\lib\ccs\m4\</path>
         <kind>archive</kind>
         <file>nortos_cc32xx.a</file>
         <name>startup_cc32xx_ccs.oem4</name>
      </input_file>
      <input_file id="fl-1b">
         <path>C:\ti\simplelink_cc32xx_sdk_5_20_00_06\kernel\nortos\lib\ccs\m4\</path>
         <kind>archive</kind>
         <file>nortos_cc32xx.a</file>
         <name>SwiP_nortos.oem4</name>
      </input_file>
      <input_file id="fl-1c">
         <path>C:\ti\simplelink_cc32xx_sdk_5_20_00_06\kernel\nortos\lib\ccs\m4\</path>
         <kind>archive</kind>
         <file>nortos_cc32xx.a</file>
         <name>QueueP_nortos.oem4</name>
      </input_file>
      <input_file id="fl-1d">
         <path>C:\ti\simplelink_cc32xx_sdk_5_20_00_06\source\ti\devices\cc32xx\driverlib\ccs\Release\</path>
         <kind>archive</kind>
         <file>driverlib.a</file>
         <name>cpu.obj</name>
      </input_file>
      <input_file id="fl-1e">
         <path>C:\ti\simplelink_cc32xx_sdk_5_20_00_06\source\ti\devices\cc32xx\driverlib\ccs\Release\</path>
         <kind>archive</kind>
         <file>driverlib.a</file>
         <name>interrupt.obj</name>
      </input_file>
      <input_file id="fl-1f">
         <path>C:\ti\simplelink_cc32xx_sdk_5_20_00_06\source\ti\devices\cc32xx\driverlib\ccs\Release\</path>
         <kind>archive</kind>
         <file>driverlib.a</file>
         <name>pin.obj</name>
      </input_file>
      <input_file id="fl-20">
         <path>C:\ti\simplelink_cc32xx_sdk_5_20_00_06\source\ti\devices\cc32xx\driverlib\ccs\Release\</path>
         <kind>archive</kind>
         <file>driverlib.a</file>
         <name>prcm.obj</name>
      </input_file>
      <input_file id="fl-21">
         <path>C:\ti\simplelink_cc32xx_sdk_5_20_00_06\source\ti\devices\cc32xx\driverlib\ccs\Release\</path>
         <kind>archive</kind>
         <file>driverlib.a</file>
         <name>uart.obj</name>
      </input_file>
      <input_file id="fl-22">
         <path>C:\ti\simplelink_cc32xx_sdk_5_20_00_06\source\ti\devices\cc32xx\driverlib\ccs\Release\</path>
         <kind>archive</kind>
         <file>driverlib.a</file>
         <name>utils.obj</name>
      </input_file>
      <input_file id="fl-23">
         <path>C:\ti\simplelink_cc32xx_sdk_5_20_00_06\source\ti\devices\cc32xx\driverlib\ccs\Release\</path>
         <kind>archive</kind>
         <file>driverlib.a</file>
         <name>flash.obj</name>
      </input_file>
      <input_file id="fl-d9">
         <path>C:\ti\ccs1040\ccs\tools\compiler\ti-cgt-arm_20.2.5.LTS\lib\</path>
         <kind>archive</kind>
         <file>rtsv7M4_T_le_eabi.lib</file>
         <name>ll_mul_t2.asm.obj</name>
      </input_file>
      <input_file id="fl-da">
         <path>C:\ti\ccs1040\ccs\tools\compiler\ti-cgt-arm_20.2.5.LTS\lib\</path>
         <kind>archive</kind>
         <file>rtsv7M4_T_le_eabi.lib</file>
         <name>memcpy_t2.asm.obj</name>
      </input_file>
      <input_file id="fl-db">
         <path>C:\ti\ccs1040\ccs\tools\compiler\ti-cgt-arm_20.2.5.LTS\lib\</path>
         <kind>archive</kind>
         <file>rtsv7M4_T_le_eabi.lib</file>
         <name>ull_div_t2.asm.obj</name>
      </input_file>
      <input_file id="fl-dc">
         <path>C:\ti\ccs1040\ccs\tools\compiler\ti-cgt-arm_20.2.5.LTS\lib\</path>
         <kind>archive</kind>
         <file>rtsv7M4_T_le_eabi.lib</file>
         <name>copy_zero_init.c.obj</name>
      </input_file>
      <input_file id="fl-dd">
         <path>C:\ti\ccs1040\ccs\tools\compiler\ti-cgt-arm_20.2.5.LTS\lib\</path>
         <kind>archive</kind>
         <file>rtsv7M4_T_le_eabi.lib</file>
         <name>copy_decompress_none.c.obj</name>
      </input_file>
      <input_file id="fl-de">
         <path>C:\ti\ccs1040\ccs\tools\compiler\ti-cgt-arm_20.2.5.LTS\lib\</path>
         <kind>archive</kind>
         <file>rtsv7M4_T_le_eabi.lib</file>
         <name>copy_decompress_lzss.c.obj</name>
      </input_file>
      <input_file id="fl-df">
         <path>C:\ti\ccs1040\ccs\tools\compiler\ti-cgt-arm_20.2.5.LTS\lib\</path>
         <kind>archive</kind>
         <file>rtsv7M4_T_le_eabi.lib</file>
         <name>memory.c.obj</name>
      </input_file>
      <input_file id="fl-e0">
         <path>C:\ti\ccs1040\ccs\tools\compiler\ti-cgt-arm_20.2.5.LTS\lib\</path>
         <kind>archive</kind>
         <file>rtsv7M4_T_le_eabi.lib</file>
         <name>boot_cortex_m.c.obj</name>
      </input_file>
      <input_file id="fl-e1">
         <path>C:\ti\ccs1040\ccs\tools\compiler\ti-cgt-arm_20.2.5.LTS\lib\</path>
         <kind>archive</kind>
         <file>rtsv7M4_T_le_eabi.lib</file>
         <name>div0.asm.obj</name>
      </input_file>
      <input_file id="fl-e2">
         <path>C:\ti\ccs1040\ccs\tools\compiler\ti-cgt-arm_20.2.5.LTS\lib\</path>
         <kind>archive</kind>
         <file>rtsv7M4_T_le_eabi.lib</file>
         <name>memset_t2.asm.obj</name>
      </input_file>
      <input_file id="fl-e3">
         <path>C:\ti\ccs1040\ccs\tools\compiler\ti-cgt-arm_20.2.5.LTS\lib\</path>
         <kind>archive</kind>
         <file>rtsv7M4_T_le_eabi.lib</file>
         <name>autoinit.c.obj</name>
      </input_file>
      <input_file id="fl-e4">
         <path>C:\ti\ccs1040\ccs\tools\compiler\ti-cgt-arm_20.2.5.LTS\lib\</path>
         <kind>archive</kind>
         <file>rtsv7M4_T_le_eabi.lib</file>
         <name>pre_init.c.obj</name>
      </input_file>
      <input_file id="fl-e5">
         <path>C:\ti\ccs1040\ccs\tools\compiler\ti-cgt-arm_20.2.5.LTS\lib\</path>
         <kind>archive</kind>
         <file>rtsv7M4_T_le_eabi.lib</file>
         <name>cpy_tbl.c.obj</name>
      </input_file>
      <input_file id="fl-e6">
         <path>C:\ti\ccs1040\ccs\tools\compiler\ti-cgt-arm_20.2.5.LTS\lib\</path>
         <kind>archive</kind>
         <file>rtsv7M4_T_le_eabi.lib</file>
         <name>exit.c.obj</name>
      </input_file>
      <input_file id="fl-e7">
         <path>C:\ti\ccs1040\ccs\tools\compiler\ti-cgt-arm_20.2.5.LTS\lib\</path>
         <kind>archive</kind>
         <file>rtsv7M4_T_le_eabi.lib</file>
         <name>_lock.c.obj</name>
      </input_file>
      <input_file id="fl-e8">
         <path>C:\ti\ccs1040\ccs\tools\compiler\ti-cgt-arm_20.2.5.LTS\lib\</path>
         <kind>archive</kind>
         <file>rtsv7M4_T_le_eabi.lib</file>
         <name>args_main.c.obj</name>
      </input_file>
   </input_file_list>
   <object_component_list>
      <object_component id="oc-1a9">
         <name>.text:PRCMCC3200MCUInit</name>
         <load_address>0x2000c040</load_address>
         <run_address>0x2000c040</run_address>
         <size>0x42c</size>
         <input_file_ref idref="fl-20"/>
      </object_component>
      <object_component id="oc-4d1">
         <name>.text:UARTCC32XX_open</name>
         <load_address>0x2000c46c</load_address>
         <run_address>0x2000c46c</run_address>
         <size>0x288</size>
         <input_file_ref idref="fl-12"/>
      </object_component>
      <object_component id="oc-1c9">
         <name>.text:GPIO_setConfig</name>
         <load_address>0x2000c6f4</load_address>
         <run_address>0x2000c6f4</run_address>
         <size>0x1e4</size>
         <input_file_ref idref="fl-f"/>
      </object_component>
      <object_component id="oc-359">
         <name>.text:PowerCC32XX_sleepPolicy</name>
         <load_address>0x2000c8d8</load_address>
         <run_address>0x2000c8d8</run_address>
         <size>0x19c</size>
         <input_file_ref idref="fl-19"/>
      </object_component>
      <object_component id="oc-53b">
         <name>.text:parkPins</name>
         <load_address>0x2000ca74</load_address>
         <run_address>0x2000ca74</run_address>
         <size>0x148</size>
         <input_file_ref idref="fl-10"/>
      </object_component>
      <object_component id="oc-45f">
         <name>.text:Power_sleep</name>
         <load_address>0x2000cbbc</load_address>
         <run_address>0x2000cbbc</run_address>
         <size>0x138</size>
         <input_file_ref idref="fl-10"/>
      </object_component>
      <object_component id="oc-4bf">
         <name>.text:UARTCC32XX_close</name>
         <load_address>0x2000ccf4</load_address>
         <run_address>0x2000ccf4</run_address>
         <size>0x120</size>
         <input_file_ref idref="fl-12"/>
      </object_component>
      <object_component id="oc-503">
         <name>.text:aligned_alloc</name>
         <load_address>0x2000ce14</load_address>
         <run_address>0x2000ce14</run_address>
         <size>0x100</size>
         <input_file_ref idref="fl-df"/>
      </object_component>
      <object_component id="oc-4c5">
         <name>.text:UARTCC32XX_control</name>
         <load_address>0x2000cf14</load_address>
         <run_address>0x2000cf14</run_address>
         <size>0xf2</size>
         <input_file_ref idref="fl-12"/>
      </object_component>
      <object_component id="oc-1b5">
         <name>.text:Board_initHook</name>
         <load_address>0x2000d006</load_address>
         <run_address>0x2000d006</run_address>
         <size>0x2</size>
         <input_file_ref idref="fl-4"/>
      </object_component>
      <object_component id="oc-375">
         <name>.text:free</name>
         <load_address>0x2000d008</load_address>
         <run_address>0x2000d008</run_address>
         <size>0xe4</size>
         <input_file_ref idref="fl-df"/>
      </object_component>
      <object_component id="oc-4e9">
         <name>.text:UARTCC32XX_write</name>
         <load_address>0x2000d0ec</load_address>
         <run_address>0x2000d0ec</run_address>
         <size>0xca</size>
         <input_file_ref idref="fl-12"/>
      </object_component>
      <object_component id="oc-353">
         <name>.text:PowerCC32XX_initPolicy</name>
         <load_address>0x2000d1b6</load_address>
         <run_address>0x2000d1b6</run_address>
         <size>0x2</size>
         <input_file_ref idref="fl-19"/>
      </object_component>
      <object_component id="oc-1bd">
         <name>.text:GPIO_init</name>
         <load_address>0x2000d1b8</load_address>
         <run_address>0x2000d1b8</run_address>
         <size>0xc4</size>
         <input_file_ref idref="fl-f"/>
      </object_component>
      <object_component id="oc-558">
         <name>.text:restoreParkedPins</name>
         <load_address>0x2000d27c</load_address>
         <run_address>0x2000d27c</run_address>
         <size>0xc0</size>
         <input_file_ref idref="fl-10"/>
      </object_component>
      <object_component id="oc-4dd">
         <name>.text:UARTCC32XX_readPolling</name>
         <load_address>0x2000d33c</load_address>
         <run_address>0x2000d33c</run_address>
         <size>0xba</size>
         <input_file_ref idref="fl-12"/>
      </object_component>
      <object_component id="oc-4cb">
         <name>.text:UARTCC32XX_init</name>
         <load_address>0x2000d3f6</load_address>
         <run_address>0x2000d3f6</run_address>
         <size>0x2</size>
         <input_file_ref idref="fl-12"/>
      </object_component>
      <object_component id="oc-5e5">
         <name>.text:initHw</name>
         <load_address>0x2000d3f8</load_address>
         <run_address>0x2000d3f8</run_address>
         <size>0xb8</size>
         <input_file_ref idref="fl-12"/>
      </object_component>
      <object_component id="oc-6cb">
         <name>.text:readTaskCallback</name>
         <load_address>0x2000d4b0</load_address>
         <run_address>0x2000d4b0</run_address>
         <size>0xb6</size>
         <input_file_ref idref="fl-12"/>
      </object_component>
      <object_component id="oc-31b">
         <name>.text:_nop</name>
         <load_address>0x2000d566</load_address>
         <run_address>0x2000d566</run_address>
         <size>0x2</size>
         <input_file_ref idref="fl-e7"/>
      </object_component>
      <object_component id="oc-15e">
         <name>.text:mainThread</name>
         <load_address>0x2000d568</load_address>
         <run_address>0x2000d568</run_address>
         <size>0xb0</size>
         <input_file_ref idref="fl-3"/>
      </object_component>
      <object_component id="oc-6b9">
         <name>.text:readTaskBlocking</name>
         <load_address>0x2000d618</load_address>
         <run_address>0x2000d618</run_address>
         <size>0xb0</size>
         <input_file_ref idref="fl-12"/>
      </object_component>
      <object_component id="oc-6bf">
         <name>.text:readIsrTextBlocking</name>
         <load_address>0x2000d6c8</load_address>
         <run_address>0x2000d6c8</run_address>
         <size>0xae</size>
         <input_file_ref idref="fl-12"/>
      </object_component>
      <object_component id="oc-73">
         <name>.text:busFaultHandler</name>
         <load_address>0x2000d776</load_address>
         <run_address>0x2000d776</run_address>
         <size>0x2</size>
         <input_file_ref idref="fl-1a"/>
      </object_component>
      <object_component id="oc-b5">
         <name>.text:IntEnable</name>
         <load_address>0x2000d778</load_address>
         <run_address>0x2000d778</run_address>
         <size>0xa8</size>
         <input_file_ref idref="fl-1e"/>
      </object_component>
      <object_component id="oc-273">
         <name>.text:PowerCC32XX_configureWakeup</name>
         <load_address>0x2000d820</load_address>
         <run_address>0x2000d820</run_address>
         <size>0xa8</size>
         <input_file_ref idref="fl-10"/>
      </object_component>
      <object_component id="oc-6d1">
         <name>.text:readIsrTextCallback</name>
         <load_address>0x2000d8c8</load_address>
         <run_address>0x2000d8c8</run_address>
         <size>0xa2</size>
         <input_file_ref idref="fl-12"/>
      </object_component>
      <object_component id="oc-61c">
         <name>.text:writeData</name>
         <load_address>0x2000d96a</load_address>
         <run_address>0x2000d96a</run_address>
         <size>0xa2</size>
         <input_file_ref idref="fl-12"/>
      </object_component>
      <object_component id="oc-299">
         <name>.text:SemaphoreP_pend</name>
         <load_address>0x2000da0c</load_address>
         <run_address>0x2000da0c</run_address>
         <size>0xa0</size>
         <input_file_ref idref="fl-16"/>
      </object_component>
      <object_component id="oc-3b">
         <name>.text</name>
         <load_address>0x2000daac</load_address>
         <run_address>0x2000daac</run_address>
         <size>0x9c</size>
         <input_file_ref idref="fl-da"/>
      </object_component>
      <object_component id="oc-2bb">
         <name>.text:powerNotifyFxn</name>
         <load_address>0x2000db48</load_address>
         <run_address>0x2000db48</run_address>
         <size>0x98</size>
         <input_file_ref idref="fl-f"/>
      </object_component>
      <object_component id="oc-45a">
         <name>.text</name>
         <load_address>0x2000dbe0</load_address>
         <run_address>0x2000dbe0</run_address>
         <size>0x96</size>
         <input_file_ref idref="fl-db"/>
      </object_component>
      <object_component id="oc-39a">
         <name>.text:clkFxn</name>
         <load_address>0x2000dc76</load_address>
         <run_address>0x2000dc76</run_address>
         <size>0x2</size>
         <input_file_ref idref="fl-16"/>
      </object_component>
      <object_component id="oc-54c">
         <name>.text:restoreNVICRegs</name>
         <load_address>0x2000dc78</load_address>
         <run_address>0x2000dc78</run_address>
         <size>0x90</size>
         <input_file_ref idref="fl-10"/>
      </object_component>
      <object_component id="oc-3ea">
         <name>.text:HwiP_construct</name>
         <load_address>0x2000dd08</load_address>
         <run_address>0x2000dd08</run_address>
         <size>0x8c</size>
         <input_file_ref idref="fl-18"/>
      </object_component>
      <object_component id="oc-67b">
         <name>.text:IntPendSet</name>
         <load_address>0x2000dd94</load_address>
         <run_address>0x2000dd94</run_address>
         <size>0x88</size>
         <input_file_ref idref="fl-1e"/>
      </object_component>
      <object_component id="oc-2cf">
         <name>.text:PinConfigSet</name>
         <load_address>0x2000de1c</load_address>
         <run_address>0x2000de1c</run_address>
         <size>0x88</size>
         <input_file_ref idref="fl-1f"/>
      </object_component>
      <object_component id="oc-1af">
         <name>.text:Power_init</name>
         <load_address>0x2000dea4</load_address>
         <run_address>0x2000dea4</run_address>
         <size>0x84</size>
         <input_file_ref idref="fl-10"/>
      </object_component>
      <object_component id="oc-541">
         <name>.text:saveNVICRegs</name>
         <load_address>0x2000df28</load_address>
         <run_address>0x2000df28</run_address>
         <size>0x84</size>
         <input_file_ref idref="fl-10"/>
      </object_component>
      <object_component id="oc-2d5">
         <name>.text:Power_setDependency</name>
         <load_address>0x2000dfac</load_address>
         <run_address>0x2000dfac</run_address>
         <size>0x80</size>
         <input_file_ref idref="fl-10"/>
      </object_component>
      <object_component id="oc-6b3">
         <name>.text:readIsrBinaryBlocking</name>
         <load_address>0x2000e02c</load_address>
         <run_address>0x2000e02c</run_address>
         <size>0x7c</size>
         <input_file_ref idref="fl-12"/>
      </object_component>
      <object_component id="oc-2f9">
         <name>.text:GPIO_hwiIntFxn</name>
         <load_address>0x2000e0a8</load_address>
         <run_address>0x2000e0a8</run_address>
         <size>0x78</size>
         <input_file_ref idref="fl-f"/>
      </object_component>
      <object_component id="oc-6c5">
         <name>.text:readIsrBinaryCallback</name>
         <load_address>0x2000e120</load_address>
         <run_address>0x2000e120</run_address>
         <size>0x78</size>
         <input_file_ref idref="fl-12"/>
      </object_component>
      <object_component id="oc-5f4">
         <name>.text:UARTCC32XX_hwiIntFxn</name>
         <load_address>0x2000e198</load_address>
         <run_address>0x2000e198</run_address>
         <size>0x74</size>
         <input_file_ref idref="fl-12"/>
      </object_component>
      <object_component id="oc-629">
         <name>.text:split</name>
         <load_address>0x2000e20c</load_address>
         <run_address>0x2000e20c</run_address>
         <size>0x70</size>
         <input_file_ref idref="fl-df"/>
      </object_component>
      <object_component id="oc-14">
         <name>.text:decompress:lzss:__TI_decompress_lzss</name>
         <load_address>0x2000e27c</load_address>
         <run_address>0x2000e27c</run_address>
         <size>0x68</size>
         <input_file_ref idref="fl-de"/>
      </object_component>
      <object_component id="oc-4f5">
         <name>.text:UARTCC32XX_writeCancel</name>
         <load_address>0x2000e2e4</load_address>
         <run_address>0x2000e2e4</run_address>
         <size>0x66</size>
         <input_file_ref idref="fl-12"/>
      </object_component>
      <object_component id="oc-6d">
         <name>.text:defaultHandler</name>
         <load_address>0x2000e34a</load_address>
         <run_address>0x2000e34a</run_address>
         <size>0x2</size>
         <input_file_ref idref="fl-1a"/>
      </object_component>
      <object_component id="oc-3c5">
         <name>.text:PowerCC32XX_setParkState</name>
         <load_address>0x2000e34c</load_address>
         <run_address>0x2000e34c</run_address>
         <size>0x64</size>
         <input_file_ref idref="fl-10"/>
      </object_component>
      <object_component id="oc-4ef">
         <name>.text:UARTCC32XX_writePolling</name>
         <load_address>0x2000e3b0</load_address>
         <run_address>0x2000e3b0</run_address>
         <size>0x62</size>
         <input_file_ref idref="fl-12"/>
      </object_component>
      <object_component id="oc-67">
         <name>.text:faultISR</name>
         <load_address>0x2000e412</load_address>
         <run_address>0x2000e412</run_address>
         <size>0x2</size>
         <input_file_ref idref="fl-1a"/>
      </object_component>
      <object_component id="oc-241">
         <name>.text:PRCMSysResetCauseGet</name>
         <load_address>0x2000e414</load_address>
         <run_address>0x2000e414</run_address>
         <size>0x60</size>
         <input_file_ref idref="fl-20"/>
      </object_component>
      <object_component id="oc-29f">
         <name>.text:GPIO_setCallback</name>
         <load_address>0x2000e474</load_address>
         <run_address>0x2000e474</run_address>
         <size>0x5c</size>
         <input_file_ref idref="fl-f"/>
      </object_component>
      <object_component id="oc-641">
         <name>.text:sysTickInit</name>
         <load_address>0x2000e4d0</load_address>
         <run_address>0x2000e4d0</run_address>
         <size>0x5c</size>
         <input_file_ref idref="fl-17"/>
      </object_component>
      <object_component id="oc-1e7">
         <name>.text:GPIO_write</name>
         <load_address>0x2000e52c</load_address>
         <run_address>0x2000e52c</run_address>
         <size>0x58</size>
         <input_file_ref idref="fl-f"/>
      </object_component>
      <object_component id="oc-25a">
         <name>.text:PRCMPeripheralReset</name>
         <load_address>0x2000e584</load_address>
         <run_address>0x2000e584</run_address>
         <size>0x58</size>
         <input_file_ref idref="fl-20"/>
      </object_component>
      <object_component id="oc-5a0">
         <name>.text:Power_releaseDependency</name>
         <load_address>0x2000e5dc</load_address>
         <run_address>0x2000e5dc</run_address>
         <size>0x58</size>
         <input_file_ref idref="fl-10"/>
      </object_component>
      <object_component id="oc-719">
         <name>.text:ringBufGet</name>
         <load_address>0x2000e634</load_address>
         <run_address>0x2000e634</run_address>
         <size>0x54</size>
         <input_file_ref idref="fl-12"/>
      </object_component>
      <object_component id="oc-658">
         <name>.text:PowerCC32XX_resumeLPDS</name>
         <load_address>0x2000e688</load_address>
         <run_address>0x2000e688</run_address>
         <size>0x52</size>
         <input_file_ref idref="fl-11"/>
      </object_component>
      <object_component id="oc-61">
         <name>.text:nmiISR</name>
         <load_address>0x2000e6da</load_address>
         <run_address>0x2000e6da</run_address>
         <size>0x2</size>
         <input_file_ref idref="fl-1a"/>
      </object_component>
      <object_component id="oc-79">
         <name>.text:ClockP_sysTickHandler</name>
         <load_address>0x2000e6dc</load_address>
         <run_address>0x2000e6dc</run_address>
         <size>0x50</size>
         <input_file_ref idref="fl-17"/>
      </object_component>
      <object_component id="oc-480">
         <name>.text:SemaphoreP_construct</name>
         <load_address>0x2000e72c</load_address>
         <run_address>0x2000e72c</run_address>
         <size>0x50</size>
         <input_file_ref idref="fl-16"/>
      </object_component>
      <object_component id="oc-3cb">
         <name>.text:GPIO_enableInt</name>
         <load_address>0x2000e77c</load_address>
         <run_address>0x2000e77c</run_address>
         <size>0x4c</size>
         <input_file_ref idref="fl-f"/>
      </object_component>
      <object_component id="oc-64f">
         <name>.text:PowerCC32XX_parkPin</name>
         <load_address>0x2000e7c8</load_address>
         <run_address>0x2000e7c8</run_address>
         <size>0x4c</size>
         <input_file_ref idref="fl-10"/>
      </object_component>
      <object_component id="oc-552">
         <name>.text:restorePeriphClocks</name>
         <load_address>0x2000e814</load_address>
         <run_address>0x2000e814</run_address>
         <size>0x4c</size>
         <input_file_ref idref="fl-10"/>
      </object_component>
      <object_component id="oc-673">
         <name>.text:FlashDisable</name>
         <load_address>0x2000e860</load_address>
         <run_address>0x2000e860</run_address>
         <size>0x48</size>
         <input_file_ref idref="fl-23"/>
      </object_component>
      <object_component id="oc-55e">
         <name>.text:PRCMLPDSEnter</name>
         <load_address>0x2000e8a8</load_address>
         <run_address>0x2000e8a8</run_address>
         <size>0x48</size>
         <input_file_ref idref="fl-20"/>
      </object_component>
      <object_component id="oc-254">
         <name>.text:PRCMPeripheralClkEnable</name>
         <load_address>0x2000e8f0</load_address>
         <run_address>0x2000e8f0</run_address>
         <size>0x48</size>
         <input_file_ref idref="fl-20"/>
      </object_component>
      <object_component id="oc-594">
         <name>.text:Power_releaseConstraint</name>
         <load_address>0x2000e938</load_address>
         <run_address>0x2000e938</run_address>
         <size>0x48</size>
         <input_file_ref idref="fl-10"/>
      </object_component>
      <object_component id="oc-706">
         <name>.text:RingBuf_put</name>
         <load_address>0x2000e980</load_address>
         <run_address>0x2000e980</run_address>
         <size>0x46</size>
         <input_file_ref idref="fl-14"/>
      </object_component>
      <object_component id="oc-52f">
         <name>.text</name>
         <load_address>0x2000e9c6</load_address>
         <run_address>0x2000e9c6</run_address>
         <size>0x2</size>
         <input_file_ref idref="fl-e1"/>
      </object_component>
      <object_component id="oc-4a8">
         <name>.text:ClockP_stop</name>
         <load_address>0x2000e9c8</load_address>
         <run_address>0x2000e9c8</run_address>
         <size>0x44</size>
         <input_file_ref idref="fl-17"/>
      </object_component>
      <object_component id="oc-65d">
         <name>.text:PRCMLPDSRestoreInfoSet</name>
         <load_address>0x2000ea0c</load_address>
         <run_address>0x2000ea0c</run_address>
         <size>0x44</size>
         <input_file_ref idref="fl-20"/>
      </object_component>
      <object_component id="oc-547">
         <name>.text:PowerCC32XX_enterLPDS</name>
         <load_address>0x2000ea50</load_address>
         <run_address>0x2000ea50</run_address>
         <size>0x44</size>
         <input_file_ref idref="fl-11"/>
      </object_component>
      <object_component id="oc-2ab">
         <name>.text:SemaphoreP_post</name>
         <load_address>0x2000ea94</load_address>
         <run_address>0x2000ea94</run_address>
         <size>0x44</size>
         <input_file_ref idref="fl-16"/>
      </object_component>
      <object_component id="oc-470">
         <name>.text:SwiP_restore</name>
         <load_address>0x2000ead8</load_address>
         <run_address>0x2000ead8</run_address>
         <size>0x44</size>
         <input_file_ref idref="fl-1b"/>
      </object_component>
      <object_component id="oc-1c3">
         <name>.text:UART_init</name>
         <load_address>0x2000eb1c</load_address>
         <run_address>0x2000eb1c</run_address>
         <size>0x44</size>
         <input_file_ref idref="fl-e"/>
      </object_component>
      <object_component id="oc-171">
         <name>.text:__TI_auto_init_nobinit_nopinit:__TI_auto_init_nobinit_nopinit</name>
         <load_address>0x2000eb60</load_address>
         <run_address>0x2000eb60</run_address>
         <size>0x44</size>
         <input_file_ref idref="fl-e3"/>
      </object_component>
      <object_component id="oc-6a2">
         <name>.text:ClockP_construct</name>
         <load_address>0x2000eba4</load_address>
         <run_address>0x2000eba4</run_address>
         <size>0x40</size>
         <input_file_ref idref="fl-17"/>
      </object_component>
      <object_component id="oc-26c">
         <name>.text:PinModeSet</name>
         <load_address>0x2000ebe4</load_address>
         <run_address>0x2000ebe4</run_address>
         <size>0x40</size>
         <input_file_ref idref="fl-1f"/>
      </object_component>
      <object_component id="oc-60e">
         <name>.text:RingBuf_get</name>
         <load_address>0x2000ec24</load_address>
         <run_address>0x2000ec24</run_address>
         <size>0x40</size>
         <input_file_ref idref="fl-14"/>
      </object_component>
      <object_component id="oc-4d7">
         <name>.text:UARTCC32XX_read</name>
         <load_address>0x2000ec64</load_address>
         <run_address>0x2000ec64</run_address>
         <size>0x40</size>
         <input_file_ref idref="fl-12"/>
      </object_component>
      <object_component id="oc-1d5">
         <name>.text:UART_open</name>
         <load_address>0x2000eca4</load_address>
         <run_address>0x2000eca4</run_address>
         <size>0x40</size>
         <input_file_ref idref="fl-e"/>
      </object_component>
      <object_component id="oc-394">
         <name>.text:ClockP_destruct</name>
         <load_address>0x2000ece4</load_address>
         <run_address>0x2000ece4</run_address>
         <size>0x3c</size>
         <input_file_ref idref="fl-17"/>
      </object_component>
      <object_component id="oc-5b9">
         <name>.text:Power_setConstraint</name>
         <load_address>0x2000ed20</load_address>
         <run_address>0x2000ed20</run_address>
         <size>0x3c</size>
         <input_file_ref idref="fl-10"/>
      </object_component>
      <object_component id="oc-454">
         <name>.text:getCountsRTC</name>
         <load_address>0x2000ed5c</load_address>
         <run_address>0x2000ed5c</run_address>
         <size>0x3a</size>
         <input_file_ref idref="fl-19"/>
      </object_component>
      <object_component id="oc-564">
         <name>.text:PRCMLPDSEnterKeepDebugIf</name>
         <load_address>0x2000ed98</load_address>
         <run_address>0x2000ed98</run_address>
         <size>0x38</size>
         <input_file_ref idref="fl-20"/>
      </object_component>
      <object_component id="oc-db">
         <name>.text:addToList</name>
         <load_address>0x2000edd0</load_address>
         <run_address>0x2000edd0</run_address>
         <size>0x38</size>
         <input_file_ref idref="fl-17"/>
      </object_component>
      <object_component id="oc-59">
         <name>.text:initVectors</name>
         <load_address>0x2000ee08</load_address>
         <run_address>0x2000ee08</run_address>
         <size>0x38</size>
         <input_file_ref idref="fl-1a"/>
      </object_component>
      <object_component id="oc-535">
         <name>.text:notify</name>
         <load_address>0x2000ee40</load_address>
         <run_address>0x2000ee40</run_address>
         <size>0x38</size>
         <input_file_ref idref="fl-10"/>
      </object_component>
      <object_component id="oc-4e3">
         <name>.text:UARTCC32XX_readCancel</name>
         <load_address>0x2000ee78</load_address>
         <run_address>0x2000ee78</run_address>
         <size>0x36</size>
         <input_file_ref idref="fl-12"/>
      </object_component>
      <object_component id="oc-442">
         <name>.text:ClockP_getTicksUntilInterrupt</name>
         <load_address>0x2000eeb0</load_address>
         <run_address>0x2000eeb0</run_address>
         <size>0x34</size>
         <input_file_ref idref="fl-17"/>
      </object_component>
      <object_component id="oc-526">
         <name>.text:ClockP_startup</name>
         <load_address>0x2000eee4</load_address>
         <run_address>0x2000eee4</run_address>
         <size>0x34</size>
         <input_file_ref idref="fl-17"/>
      </object_component>
      <object_component id="oc-266">
         <name>.text:PinModeGet</name>
         <load_address>0x2000ef18</load_address>
         <run_address>0x2000ef18</run_address>
         <size>0x34</size>
         <input_file_ref idref="fl-1f"/>
      </object_component>
      <object_component id="oc-5a6">
         <name>.text:PowerCC32XX_restoreParkState</name>
         <load_address>0x2000ef4c</load_address>
         <run_address>0x2000ef4c</run_address>
         <size>0x34</size>
         <input_file_ref idref="fl-10"/>
      </object_component>
      <object_component id="oc-382">
         <name>.text:ClockP_start</name>
         <load_address>0x2000ef80</load_address>
         <run_address>0x2000ef80</run_address>
         <size>0x30</size>
         <input_file_ref idref="fl-17"/>
      </object_component>
      <object_component id="oc-66c">
         <name>.text:PowerCC32XX_restoreParkedPin</name>
         <load_address>0x2000efb0</load_address>
         <run_address>0x2000efb0</run_address>
         <size>0x30</size>
         <input_file_ref idref="fl-10"/>
      </object_component>
      <object_component id="oc-5d3">
         <name>.text:PowerCC32XX_getParkState</name>
         <load_address>0x2000efe0</load_address>
         <run_address>0x2000efe0</run_address>
         <size>0x2c</size>
         <input_file_ref idref="fl-10"/>
      </object_component>
      <object_component id="oc-2e1">
         <name>.text:HwiP_create</name>
         <load_address>0x2000f00c</load_address>
         <run_address>0x2000f00c</run_address>
         <size>0x2a</size>
         <input_file_ref idref="fl-18"/>
      </object_component>
      <object_component id="oc-260">
         <name>.text:PRCMPeripheralClkDisable</name>
         <load_address>0x2000f038</load_address>
         <run_address>0x2000f038</run_address>
         <size>0x28</size>
         <input_file_ref idref="fl-20"/>
      </object_component>
      <object_component id="oc-2a5">
         <name>.text:Power_registerNotify</name>
         <load_address>0x2000f060</load_address>
         <run_address>0x2000f060</run_address>
         <size>0x28</size>
         <input_file_ref idref="fl-10"/>
      </object_component>
      <object_component id="oc-4a0">
         <name>.text:free_list_insert</name>
         <load_address>0x2000f088</load_address>
         <run_address>0x2000f088</run_address>
         <size>0x28</size>
         <input_file_ref idref="fl-df"/>
      </object_component>
      <object_component id="oc-3a5">
         <name>.text:List_put</name>
         <load_address>0x2000f0b0</load_address>
         <run_address>0x2000f0b0</run_address>
         <size>0x26</size>
         <input_file_ref idref="fl-13"/>
      </object_component>
      <object_component id="oc-690">
         <name>.text:List_remove</name>
         <load_address>0x2000f0d6</load_address>
         <run_address>0x2000f0d6</run_address>
         <size>0x26</size>
         <input_file_ref idref="fl-13"/>
      </object_component>
      <object_component id="oc-50d">
         <name>.text:HwiP_dispatch</name>
         <load_address>0x2000f0fc</load_address>
         <run_address>0x2000f0fc</run_address>
         <size>0x24</size>
         <input_file_ref idref="fl-18"/>
      </object_component>
      <object_component id="oc-5cd">
         <name>.text:PowerCC32XX_reset</name>
         <load_address>0x2000f120</load_address>
         <run_address>0x2000f120</run_address>
         <size>0x24</size>
         <input_file_ref idref="fl-10"/>
      </object_component>
      <object_component id="oc-c5">
         <name>.text:_c_int00_noargs:_c_int00_noargs</name>
         <load_address>0x2000f144</load_address>
         <run_address>0x2000f144</run_address>
         <size>0x24</size>
         <input_file_ref idref="fl-e0"/>
      </object_component>
      <object_component id="oc-687">
         <name>.text:HwiP_destruct</name>
         <load_address>0x2000f168</load_address>
         <run_address>0x2000f168</run_address>
         <size>0x20</size>
         <input_file_ref idref="fl-18"/>
      </object_component>
      <object_component id="oc-59a">
         <name>.text:Power_unregisterNotify</name>
         <load_address>0x2000f188</load_address>
         <run_address>0x2000f188</run_address>
         <size>0x20</size>
         <input_file_ref idref="fl-10"/>
      </object_component>
      <object_component id="oc-5b3">
         <name>.text:RingBuf_peek</name>
         <load_address>0x2000f1a8</load_address>
         <run_address>0x2000f1a8</run_address>
         <size>0x20</size>
         <input_file_ref idref="fl-14"/>
      </object_component>
      <object_component id="oc-5c7">
         <name>.text:getPowerMgrId</name>
         <load_address>0x2000f1c8</load_address>
         <run_address>0x2000f1c8</run_address>
         <size>0x20</size>
         <input_file_ref idref="fl-12"/>
      </object_component>
      <object_component id="oc-5ac">
         <name>.text:PinToPadGet</name>
         <load_address>0x2000f1e8</load_address>
         <run_address>0x2000f1e8</run_address>
         <size>0x1c</size>
         <input_file_ref idref="fl-1f"/>
      </object_component>
      <object_component id="oc-436">
         <name>.text:SwiP_disable</name>
         <load_address>0x2000f204</load_address>
         <run_address>0x2000f204</run_address>
         <size>0x1c</size>
         <input_file_ref idref="fl-1b"/>
      </object_component>
      <object_component id="oc-47">
         <name>.text:decompress:ZI:__TI_zero_init_nomemset:__TI_zero_init_nomemset</name>
         <load_address>0x2000f220</load_address>
         <run_address>0x2000f220</run_address>
         <size>0x1c</size>
         <input_file_ref idref="fl-dc"/>
      </object_component>
      <object_component id="oc-49a">
         <name>.text:free_list_remove</name>
         <load_address>0x2000f23c</load_address>
         <run_address>0x2000f23c</run_address>
         <size>0x1c</size>
         <input_file_ref idref="fl-df"/>
      </object_component>
      <object_component id="oc-5df">
         <name>.text:ClockP_create</name>
         <load_address>0x2000f258</load_address>
         <run_address>0x2000f258</run_address>
         <size>0x1a</size>
         <input_file_ref idref="fl-17"/>
      </object_component>
      <object_component id="oc-281">
         <name>.text:SemaphoreP_createBinary</name>
         <load_address>0x2000f272</load_address>
         <run_address>0x2000f272</run_address>
         <size>0x1a</size>
         <input_file_ref idref="fl-16"/>
      </object_component>
      <object_component id="oc-21">
         <name>.text:resetISR</name>
         <load_address>0x2000f28c</load_address>
         <run_address>0x2000f28c</run_address>
         <size>0x1a</size>
         <input_file_ref idref="fl-1a"/>
      </object_component>
      <object_component id="oc-448">
         <name>.text:Power_getTransitionLatency</name>
         <load_address>0x2000f2a8</load_address>
         <run_address>0x2000f2a8</run_address>
         <size>0x18</size>
         <input_file_ref idref="fl-10"/>
      </object_component>
      <object_component id="oc-577">
         <name>.text:Power_idleFunc</name>
         <load_address>0x2000f2c0</load_address>
         <run_address>0x2000f2c0</run_address>
         <size>0x18</size>
         <input_file_ref idref="fl-10"/>
      </object_component>
      <object_component id="oc-616">
         <name>.text:UARTBusy</name>
         <load_address>0x2000f2d8</load_address>
         <run_address>0x2000f2d8</run_address>
         <size>0x18</size>
         <input_file_ref idref="fl-21"/>
      </object_component>
      <object_component id="oc-6e6">
         <name>.text:UARTIntEnable</name>
         <load_address>0x2000f2f0</load_address>
         <run_address>0x2000f2f0</run_address>
         <size>0x18</size>
         <input_file_ref idref="fl-21"/>
      </object_component>
      <object_component id="oc-1cf">
         <name>.text:UART_Params_init</name>
         <load_address>0x2000f308</load_address>
         <run_address>0x2000f308</run_address>
         <size>0x18</size>
         <input_file_ref idref="fl-e"/>
      </object_component>
      <object_component id="oc-465">
         <name>.text</name>
         <load_address>0x2000f320</load_address>
         <run_address>0x2000f320</run_address>
         <size>0x18</size>
         <input_file_ref idref="fl-d9"/>
      </object_component>
      <object_component id="oc-24e">
         <name>.text:PRCMHIBRegRead</name>
         <load_address>0x2000f338</load_address>
         <run_address>0x2000f338</run_address>
         <size>0x16</size>
         <input_file_ref idref="fl-20"/>
      </object_component>
      <object_component id="oc-248">
         <name>.text:PRCMHIBRegWrite</name>
         <load_address>0x2000f34e</load_address>
         <run_address>0x2000f34e</run_address>
         <size>0x16</size>
         <input_file_ref idref="fl-20"/>
      </object_component>
      <object_component id="oc-36a">
         <name>.text:SemaphoreP_create</name>
         <load_address>0x2000f364</load_address>
         <run_address>0x2000f364</run_address>
         <size>0x16</size>
         <input_file_ref idref="fl-16"/>
      </object_component>
      <object_component id="oc-a3">
         <name>.text:CPUcpsid</name>
         <load_address>0x2000f37a</load_address>
         <run_address>0x2000f37a</run_address>
         <size>0x14</size>
         <input_file_ref idref="fl-1d"/>
      </object_component>
      <object_component id="oc-3ac">
         <name>.text:HwiP_inISR</name>
         <load_address>0x2000f390</load_address>
         <run_address>0x2000f390</run_address>
         <size>0x14</size>
         <input_file_ref idref="fl-18"/>
      </object_component>
      <object_component id="oc-af">
         <name>.text:IntVTableBaseSet</name>
         <load_address>0x2000f3a4</load_address>
         <run_address>0x2000f3a4</run_address>
         <size>0x14</size>
         <input_file_ref idref="fl-1e"/>
      </object_component>
      <object_component id="oc-3b2">
         <name>.text:Power_disablePolicy</name>
         <load_address>0x2000f3b8</load_address>
         <run_address>0x2000f3b8</run_address>
         <size>0x14</size>
         <input_file_ref idref="fl-10"/>
      </object_component>
      <object_component id="oc-665">
         <name>.text:Power_getDependencyCount</name>
         <load_address>0x2000f3cc</load_address>
         <run_address>0x2000f3cc</run_address>
         <size>0x14</size>
         <input_file_ref idref="fl-10"/>
      </object_component>
      <object_component id="oc-6e0">
         <name>.text:releasePowerConstraint</name>
         <load_address>0x2000f3e0</load_address>
         <run_address>0x2000f3e0</run_address>
         <size>0x14</size>
         <input_file_ref idref="fl-12"/>
      </object_component>
      <object_component id="oc-2db">
         <name>.text:HwiP_Params_init</name>
         <load_address>0x2000f3f4</load_address>
         <run_address>0x2000f3f4</run_address>
         <size>0x12</size>
         <input_file_ref idref="fl-18"/>
      </object_component>
      <object_component id="oc-5c1">
         <name>.text:RingBuf_construct</name>
         <load_address>0x2000f406</load_address>
         <run_address>0x2000f406</run_address>
         <size>0x12</size>
         <input_file_ref idref="fl-14"/>
      </object_component>
      <object_component id="oc-11a">
         <name>.text:main</name>
         <load_address>0x2000f418</load_address>
         <run_address>0x2000f418</run_address>
         <size>0x12</size>
         <input_file_ref idref="fl-2"/>
      </object_component>
      <object_component id="oc-152">
         <name>.text:Board_init</name>
         <load_address>0x2000f42a</load_address>
         <run_address>0x2000f42a</run_address>
         <size>0x10</size>
         <input_file_ref idref="fl-4"/>
      </object_component>
      <object_component id="oc-37c">
         <name>.text:ClockP_add</name>
         <load_address>0x2000f43a</load_address>
         <run_address>0x2000f43a</run_address>
         <size>0x10</size>
         <input_file_ref idref="fl-17"/>
      </object_component>
      <object_component id="oc-58e">
         <name>.text:ClockP_delete</name>
         <load_address>0x2000f44a</load_address>
         <run_address>0x2000f44a</run_address>
         <size>0x10</size>
         <input_file_ref idref="fl-17"/>
      </object_component>
      <object_component id="oc-430">
         <name>.text:ClockP_getCpuFreq</name>
         <load_address>0x2000f45c</load_address>
         <run_address>0x2000f45c</run_address>
         <size>0x10</size>
         <input_file_ref idref="fl-17"/>
      </object_component>
      <object_component id="oc-44e">
         <name>.text:ClockP_getSystemTicks</name>
         <load_address>0x2000f46c</load_address>
         <run_address>0x2000f46c</run_address>
         <size>0x10</size>
         <input_file_ref idref="fl-17"/>
      </object_component>
      <object_component id="oc-46a">
         <name>.text:ClockP_setTicks</name>
         <load_address>0x2000f47c</load_address>
         <run_address>0x2000f47c</run_address>
         <size>0x10</size>
         <input_file_ref idref="fl-17"/>
      </object_component>
      <object_component id="oc-588">
         <name>.text:HwiP_delete</name>
         <load_address>0x2000f48c</load_address>
         <run_address>0x2000f48c</run_address>
         <size>0x10</size>
         <input_file_ref idref="fl-18"/>
      </object_component>
      <object_component id="oc-28d">
         <name>.text:HwiP_restore</name>
         <load_address>0x2000f49c</load_address>
         <run_address>0x2000f49c</run_address>
         <size>0x10</size>
         <input_file_ref idref="fl-18"/>
      </object_component>
      <object_component id="oc-388">
         <name>.text:Power_enablePolicy</name>
         <load_address>0x2000f4ac</load_address>
         <run_address>0x2000f4ac</run_address>
         <size>0x10</size>
         <input_file_ref idref="fl-10"/>
      </object_component>
      <object_component id="oc-364">
         <name>.text:SemaphoreP_Params_init</name>
         <load_address>0x2000f4bc</load_address>
         <run_address>0x2000f4bc</run_address>
         <size>0x10</size>
         <input_file_ref idref="fl-16"/>
      </object_component>
      <object_component id="oc-606">
         <name>.text:readBlockingTimeout</name>
         <load_address>0x2000f4cc</load_address>
         <run_address>0x2000f4cc</run_address>
         <size>0x10</size>
         <input_file_ref idref="fl-12"/>
      </object_component>
      <object_component id="oc-287">
         <name>.text:HwiP_disable</name>
         <load_address>0x2000f4dc</load_address>
         <run_address>0x2000f4dc</run_address>
         <size>0xe</size>
         <input_file_ref idref="fl-18"/>
      </object_component>
      <object_component id="oc-158">
         <name>.text:HwiP_enable</name>
         <load_address>0x2000f4ea</load_address>
         <run_address>0x2000f4ea</run_address>
         <size>0xe</size>
         <input_file_ref idref="fl-18"/>
      </object_component>
      <object_component id="oc-70c">
         <name>.text:RingBuf_isFull</name>
         <load_address>0x2000f4f8</load_address>
         <run_address>0x2000f4f8</run_address>
         <size>0xe</size>
         <input_file_ref idref="fl-14"/>
      </object_component>
      <object_component id="oc-1a">
         <name>.text:decompress:none:__TI_decompress_none</name>
         <load_address>0x2000f506</load_address>
         <run_address>0x2000f506</run_address>
         <size>0xe</size>
         <input_file_ref idref="fl-dd"/>
      </object_component>
      <object_component id="oc-43c">
         <name>.text:Power_getConstraintMask</name>
         <load_address>0x2000f514</load_address>
         <run_address>0x2000f514</run_address>
         <size>0xc</size>
         <input_file_ref idref="fl-10"/>
      </object_component>
      <object_component id="oc-5ee">
         <name>.text:postNotifyFxn</name>
         <load_address>0x2000f520</load_address>
         <run_address>0x2000f520</run_address>
         <size>0xc</size>
         <input_file_ref idref="fl-12"/>
      </object_component>
      <object_component id="oc-5d9">
         <name>.text:ClockP_Params_init</name>
         <load_address>0x2000f52c</load_address>
         <run_address>0x2000f52c</run_address>
         <size>0xa</size>
         <input_file_ref idref="fl-17"/>
      </object_component>
      <object_component id="oc-38e">
         <name>.text:ClockP_isActive</name>
         <load_address>0x2000f536</load_address>
         <run_address>0x2000f536</run_address>
         <size>0xa</size>
         <input_file_ref idref="fl-17"/>
      </object_component>
      <object_component id="oc-53">
         <name>.text:IntMasterDisable</name>
         <load_address>0x2000f540</load_address>
         <run_address>0x2000f540</run_address>
         <size>0xa</size>
         <input_file_ref idref="fl-1e"/>
      </object_component>
      <object_component id="oc-1e1">
         <name>.text:UART_read</name>
         <load_address>0x2000f54a</load_address>
         <run_address>0x2000f54a</run_address>
         <size>0xa</size>
         <input_file_ref idref="fl-e"/>
      </object_component>
      <object_component id="oc-1db">
         <name>.text:UART_write</name>
         <load_address>0x2000f554</load_address>
         <run_address>0x2000f554</run_address>
         <size>0xa</size>
         <input_file_ref idref="fl-e"/>
      </object_component>
      <object_component id="oc-3e4">
         <name>.text:malloc</name>
         <load_address>0x2000f55e</load_address>
         <run_address>0x2000f55e</run_address>
         <size>0x8</size>
         <input_file_ref idref="fl-df"/>
      </object_component>
      <object_component id="oc-600">
         <name>.text:readSemCallback</name>
         <load_address>0x2000f566</load_address>
         <run_address>0x2000f566</run_address>
         <size>0x8</size>
         <input_file_ref idref="fl-12"/>
      </object_component>
      <object_component id="oc-5fa">
         <name>.text:writeSemCallback</name>
         <load_address>0x2000f56e</load_address>
         <run_address>0x2000f56e</run_address>
         <size>0x8</size>
         <input_file_ref idref="fl-12"/>
      </object_component>
      <object_component id="oc-247">
         <name>.text:UtilsDelay</name>
         <load_address>0x2000f576</load_address>
         <run_address>0x2000f576</run_address>
         <size>0x6</size>
         <input_file_ref idref="fl-22"/>
      </object_component>
      <object_component id="oc-713">
         <name>.text:ClockP_setTimeout</name>
         <load_address>0x2000f57c</load_address>
         <run_address>0x2000f57c</run_address>
         <size>0x4</size>
         <input_file_ref idref="fl-17"/>
      </object_component>
      <object_component id="oc-56d">
         <name>.text:HwiP_post</name>
         <load_address>0x2000f580</load_address>
         <run_address>0x2000f580</run_address>
         <size>0x4</size>
         <input_file_ref idref="fl-18"/>
      </object_component>
      <object_component id="oc-293">
         <name>.text:SemaphoreP_delete</name>
         <load_address>0x2000f584</load_address>
         <run_address>0x2000f584</run_address>
         <size>0x4</size>
         <input_file_ref idref="fl-16"/>
      </object_component>
      <object_component id="oc-114">
         <name>.text:_system_pre_init</name>
         <load_address>0x2000f588</load_address>
         <run_address>0x2000f588</run_address>
         <size>0x4</size>
         <input_file_ref idref="fl-e4"/>
      </object_component>
      <object_component id="oc-165">
         <name>.text:abort:abort</name>
         <load_address>0x2000f58c</load_address>
         <run_address>0x2000f58c</run_address>
         <size>0x4</size>
         <input_file_ref idref="fl-e6"/>
      </object_component>
      <object_component id="oc-349">
         <name>.const:g_ulPinToPadMap</name>
         <load_address>0x2000fb3c</load_address>
         <run_address>0x2000fb3c</run_address>
         <size>0x100</size>
         <input_file_ref idref="fl-1f"/>
      </object_component>
      <object_component id="oc-342">
         <name>.const:PRCM_PeriphRegsList</name>
         <load_address>0x2000fc3c</load_address>
         <run_address>0x2000fc3c</run_address>
         <size>0xa8</size>
         <input_file_ref idref="fl-20"/>
      </object_component>
      <object_component id="oc-27c">
         <name>.const:PowerCC32XX_config</name>
         <load_address>0x2000fce4</load_address>
         <run_address>0x2000fce4</run_address>
         <size>0x44</size>
         <input_file_ref idref="fl-4"/>
      </object_component>
      <object_component id="oc-3d8">
         <name>.const:UARTCC32XX_fxnTable</name>
         <load_address>0x2000fd28</load_address>
         <run_address>0x2000fd28</run_address>
         <size>0x28</size>
         <input_file_ref idref="fl-12"/>
      </object_component>
      <object_component id="oc-30c">
         <name>.const:UART_defaultParams</name>
         <load_address>0x2000fd50</load_address>
         <run_address>0x2000fd50</run_address>
         <size>0x24</size>
         <input_file_ref idref="fl-e"/>
      </object_component>
      <object_component id="oc-3dc">
         <name>.const:uartCC32XXHWAttrs0</name>
         <load_address>0x2000fd74</load_address>
         <run_address>0x2000fd74</run_address>
         <size>0x24</size>
         <input_file_ref idref="fl-4"/>
      </object_component>
      <object_component id="oc-2e7">
         <name>.const:.string:pinTable</name>
         <load_address>0x2000fd98</load_address>
         <run_address>0x2000fd98</run_address>
         <size>0x21</size>
         <input_file_ref idref="fl-f"/>
      </object_component>
      <object_component id="oc-2c8">
         <name>.const</name>
         <load_address>0x2000fdb9</load_address>
         <run_address>0x2000fdb9</run_address>
         <size>0x3</size>
         <input_file_ref idref="fl-4"/>
      </object_component>
      <object_component id="oc-5eb">
         <name>.const:staticFxnTable</name>
         <load_address>0x2000fdbc</load_address>
         <run_address>0x2000fdbc</run_address>
         <size>0x20</size>
         <input_file_ref idref="fl-12"/>
      </object_component>
      <object_component id="oc-10e">
         <name>.const:g_pulEnRegs</name>
         <load_address>0x2000fddc</load_address>
         <run_address>0x2000fddc</run_address>
         <size>0x18</size>
         <input_file_ref idref="fl-1e"/>
      </object_component>
      <object_component id="oc-6f7">
         <name>.const:g_pulPendRegs</name>
         <load_address>0x2000fdf4</load_address>
         <run_address>0x2000fdf4</run_address>
         <size>0x18</size>
         <input_file_ref idref="fl-1e"/>
      </object_component>
      <object_component id="oc-1ed">
         <name>.const:.string:$P$T0$1</name>
         <load_address>0x2000fe0c</load_address>
         <run_address>0x2000fe0c</run_address>
         <size>0x16</size>
         <input_file_ref idref="fl-3"/>
      </object_component>
      <object_component id="oc-2b5">
         <name>.const:GPIOCC32XX_config</name>
         <load_address>0x2000fe24</load_address>
         <run_address>0x2000fe24</run_address>
         <size>0x14</size>
         <input_file_ref idref="fl-4"/>
      </object_component>
      <object_component id="oc-302">
         <name>.const:gpioBaseAddresses</name>
         <load_address>0x2000fe38</load_address>
         <run_address>0x2000fe38</run_address>
         <size>0x14</size>
         <input_file_ref idref="fl-f"/>
      </object_component>
      <object_component id="oc-6a9">
         <name>.const:parityType</name>
         <load_address>0x2000fe4c</load_address>
         <run_address>0x2000fe4c</run_address>
         <size>0x14</size>
         <input_file_ref idref="fl-12"/>
      </object_component>
      <object_component id="oc-2ea">
         <name>.const:powerResources</name>
         <load_address>0x2000fe60</load_address>
         <run_address>0x2000fe60</run_address>
         <size>0x14</size>
         <input_file_ref idref="fl-f"/>
      </object_component>
      <object_component id="oc-6af">
         <name>.const:dataLength</name>
         <load_address>0x2000fe74</load_address>
         <run_address>0x2000fe74</run_address>
         <size>0x10</size>
         <input_file_ref idref="fl-12"/>
      </object_component>
      <object_component id="oc-2cb">
         <name>.const:UART_config</name>
         <load_address>0x2000fe84</load_address>
         <run_address>0x2000fe84</run_address>
         <size>0xc</size>
         <input_file_ref idref="fl-4"/>
      </object_component>
      <object_component id="oc-2f0">
         <name>.const:outPinTypes</name>
         <load_address>0x2000fe90</load_address>
         <run_address>0x2000fe90</run_address>
         <size>0x8</size>
         <input_file_ref idref="fl-f"/>
      </object_component>
      <object_component id="oc-6ac">
         <name>.const:stopBits</name>
         <load_address>0x2000fe98</load_address>
         <run_address>0x2000fe98</run_address>
         <size>0x8</size>
         <input_file_ref idref="fl-12"/>
      </object_component>
      <object_component id="oc-2ff">
         <name>.const:.string:interruptType</name>
         <load_address>0x2000fea0</load_address>
         <run_address>0x2000fea0</run_address>
         <size>0x6</size>
         <input_file_ref idref="fl-f"/>
      </object_component>
      <object_component id="oc-2f3">
         <name>.const:inPinTypes</name>
         <load_address>0x2000fea6</load_address>
         <run_address>0x2000fea6</run_address>
         <size>0x6</size>
         <input_file_ref idref="fl-f"/>
      </object_component>
      <object_component id="oc-2ed">
         <name>.const:outPinStrengths</name>
         <load_address>0x2000feac</load_address>
         <run_address>0x2000feac</run_address>
         <size>0x6</size>
         <input_file_ref idref="fl-f"/>
      </object_component>
      <object_component id="oc-2f6">
         <name>.const:.string:portInterruptIds</name>
         <load_address>0x2000feb2</load_address>
         <run_address>0x2000feb2</run_address>
         <size>0x4</size>
         <input_file_ref idref="fl-f"/>
      </object_component>
      <object_component id="oc-75a">
         <name>.cinit..data.load</name>
         <load_address>0x200100e8</load_address>
         <run_address>0x200100e8</run_address>
         <size>0xbe</size>
      </object_component>
      <object_component id="oc-758">
         <name>__TI_handler_table</name>
         <load_address>0x200101a8</load_address>
         <run_address>0x200101a8</run_address>
         <size>0xc</size>
      </object_component>
      <object_component id="oc-75b">
         <name>.cinit..bss.load</name>
         <load_address>0x200101b8</load_address>
         <run_address>0x200101b8</run_address>
         <size>0x8</size>
      </object_component>
      <object_component id="oc-759">
         <name>__TI_cinit_table</name>
         <load_address>0x200101c0</load_address>
         <run_address>0x200101c0</run_address>
         <size>0x10</size>
      </object_component>
      <object_component id="oc-3bb">
         <name>.data:gpioPinConfigs</name>
         <load_address>0x2000fb38</load_address>
         <run_address>0x2000fb38</run_address>
         <size>0x4</size>
         <input_file_ref idref="fl-4"/>
      </object_component>
      <object_component id="oc-3be">
         <name>.data:gpioCallbackFunctions</name>
         <load_address>0x2000fb34</load_address>
         <run_address>0x2000fb34</run_address>
         <size>0x4</size>
         <input_file_ref idref="fl-4"/>
      </object_component>
      <object_component id="oc-35f">
         <name>.data:parkInfo</name>
         <load_address>0x2000fa08</load_address>
         <run_address>0x2000fa08</run_address>
         <size>0xf8</size>
         <input_file_ref idref="fl-4"/>
      </object_component>
      <object_component id="oc-2c5">
         <name>.data</name>
         <load_address>0x2000fb31</load_address>
         <run_address>0x2000fb31</run_address>
         <size>0x1</size>
         <input_file_ref idref="fl-e"/>
      </object_component>
      <object_component id="oc-2b2">
         <name>.data</name>
         <load_address>0x2000fb00</load_address>
         <run_address>0x2000fb00</run_address>
         <size>0x9</size>
         <input_file_ref idref="fl-f"/>
      </object_component>
      <object_component id="oc-279">
         <name>.data:PowerCC32XX_module</name>
         <load_address>0x2000f89c</load_address>
         <run_address>0x2000f89c</run_address>
         <size>0x16c</size>
         <input_file_ref idref="fl-10"/>
      </object_component>
      <object_component id="oc-3a0">
         <name>.data</name>
         <load_address>0x2000fb09</load_address>
         <run_address>0x2000fb09</run_address>
         <size>0x3</size>
         <input_file_ref idref="fl-16"/>
      </object_component>
      <object_component id="oc-47c">
         <name>.data:SemaphoreP_defaultParams</name>
         <load_address>0x2000fb1c</load_address>
         <run_address>0x2000fb1c</run_address>
         <size>0x8</size>
         <input_file_ref idref="fl-16"/>
      </object_component>
      <object_component id="oc-476">
         <name>.data</name>
         <load_address>0x2000fb2c</load_address>
         <run_address>0x2000fb2c</run_address>
         <size>0x5</size>
         <input_file_ref idref="fl-17"/>
      </object_component>
      <object_component id="oc-50a">
         <name>.data:HwiP_dispatchTable</name>
         <load_address>0x2000f590</load_address>
         <run_address>0x2000f590</run_address>
         <size>0x30c</size>
         <input_file_ref idref="fl-18"/>
      </object_component>
      <object_component id="oc-513">
         <name>.data</name>
         <load_address>0x2000fb24</load_address>
         <run_address>0x2000fb24</run_address>
         <size>0x8</size>
         <input_file_ref idref="fl-18"/>
      </object_component>
      <object_component id="oc-580">
         <name>.data:$O1$$</name>
         <load_address>0x2000fb14</load_address>
         <run_address>0x2000fb14</run_address>
         <size>0x8</size>
         <input_file_ref idref="fl-df"/>
      </object_component>
      <object_component id="oc-1fb">
         <name>.data:$O1$$</name>
         <load_address>0x2000fb0c</load_address>
         <run_address>0x2000fb0c</run_address>
         <size>0x8</size>
         <input_file_ref idref="fl-e7"/>
      </object_component>
      <object_component id="oc-4fe">
         <name>.bss:uartCC32XXRingBuffer0</name>
         <uninitialized>true</uninitialized>
         <run_address>0x20010088</run_address>
         <size>0x20</size>
         <input_file_ref idref="fl-4"/>
      </object_component>
      <object_component id="oc-2c1">
         <name>.bss:gpioCallbackInfo</name>
         <uninitialized>true</uninitialized>
         <run_address>0x20010068</run_address>
         <size>0x20</size>
         <input_file_ref idref="fl-f"/>
      </object_component>
      <object_component id="oc-2b8">
         <name>.bss:powerNotifyObj</name>
         <uninitialized>true</uninitialized>
         <run_address>0x200100a8</run_address>
         <size>0x14</size>
         <input_file_ref idref="fl-f"/>
      </object_component>
      <object_component id="oc-2b1">
         <name>.bss</name>
         <uninitialized>true</uninitialized>
         <run_address>0x200100bc</run_address>
         <size>0x4</size>
         <input_file_ref idref="fl-f"/>
      </object_component>
      <object_component id="oc-647">
         <name>.bss</name>
         <uninitialized>true</uninitialized>
         <run_address>0x200100e0</run_address>
         <size>0x4</size>
         <input_file_ref idref="fl-17"/>
      </object_component>
      <object_component id="oc-51a">
         <name>.bss</name>
         <uninitialized>true</uninitialized>
         <run_address>0x200100d0</run_address>
         <size>0xd</size>
         <input_file_ref idref="fl-1b"/>
      </object_component>
      <object_component id="oc-3db">
         <name>.common:uartCC32XXObjects0</name>
         <uninitialized>true</uninitialized>
         <run_address>0x2000ffe4</run_address>
         <size>0x84</size>
      </object_component>
      <object_component id="oc-656">
         <name>.common:PowerCC32XX_contextSave</name>
         <uninitialized>true</uninitialized>
         <run_address>0x2000feb8</run_address>
         <size>0x12c</size>
      </object_component>
      <object_component id="oc-e1">
         <name>.common:ClockP_ctrl</name>
         <uninitialized>true</uninitialized>
         <run_address>0x200100c0</run_address>
         <size>0x10</size>
      </object_component>
      <object_component id="oc-2a">
         <name>.sysmem</name>
         <uninitialized>true</uninitialized>
         <run_address>0x20004040</run_address>
         <size>0x10</size>
         <input_file_ref idref="fl-df"/>
      </object_component>
      <object_component id="oc-75e">
         <name>.sysmem</name>
         <uninitialized>true</uninitialized>
         <run_address>0x20004040</run_address>
         <size>0x0</size>
      </object_component>
      <object_component id="oc-2d">
         <name>.stack</name>
         <uninitialized>true</uninitialized>
         <run_address>0x20003000</run_address>
         <size>0x4</size>
         <input_file_ref idref="fl-e0"/>
      </object_component>
      <object_component id="oc-75d">
         <name>.stack</name>
         <uninitialized>true</uninitialized>
         <run_address>0x20003000</run_address>
         <size>0x0</size>
      </object_component>
      <object_component id="oc-27">
         <name>.resetVecs:retain</name>
         <load_address>0x20004000</load_address>
         <run_address>0x20004000</run_address>
         <size>0x40</size>
         <input_file_ref idref="fl-1a"/>
      </object_component>
      <object_component id="oc-bb">
         <name>.ramVecs</name>
         <uninitialized>true</uninitialized>
         <run_address>0x20000000</run_address>
         <size>0x30c</size>
         <input_file_ref idref="fl-1a"/>
      </object_component>
      <object_component id="oc-14d">
         <name>.debug_info</name>
         <load_address>0x0</load_address>
         <run_address>0x0</run_address>
         <size>0x1bd</size>
         <input_file_ref idref="fl-2"/>
      </object_component>
      <object_component id="oc-11e">
         <name>.debug_info</name>
         <load_address>0x1bd</load_address>
         <run_address>0x1bd</run_address>
         <size>0x155</size>
         <input_file_ref idref="fl-2"/>
      </object_component>
      <object_component id="oc-e7">
         <name>.debug_info</name>
         <load_address>0x312</load_address>
         <run_address>0x312</run_address>
         <size>0x26b</size>
         <input_file_ref idref="fl-2"/>
      </object_component>
      <object_component id="oc-36">
         <name>.debug_info</name>
         <load_address>0x57d</load_address>
         <run_address>0x57d</run_address>
         <size>0x84</size>
         <input_file_ref idref="fl-2"/>
      </object_component>
      <object_component id="oc-148">
         <name>.debug_info</name>
         <load_address>0x601</load_address>
         <run_address>0x601</run_address>
         <size>0x2a4</size>
         <input_file_ref idref="fl-2"/>
      </object_component>
      <object_component id="oc-219">
         <name>.debug_info</name>
         <load_address>0x8a5</load_address>
         <run_address>0x8a5</run_address>
         <size>0xef</size>
         <input_file_ref idref="fl-2"/>
      </object_component>
      <object_component id="oc-12f">
         <name>.debug_info</name>
         <load_address>0x994</load_address>
         <run_address>0x994</run_address>
         <size>0xbb</size>
         <input_file_ref idref="fl-2"/>
      </object_component>
      <object_component id="oc-23c">
         <name>.debug_info</name>
         <load_address>0xa4f</load_address>
         <run_address>0xa4f</run_address>
         <size>0x53</size>
         <input_file_ref idref="fl-2"/>
      </object_component>
      <object_component id="oc-1f1">
         <name>.debug_info</name>
         <load_address>0xaa2</load_address>
         <run_address>0xaa2</run_address>
         <size>0x39f</size>
         <input_file_ref idref="fl-3"/>
      </object_component>
      <object_component id="oc-1ee">
         <name>.debug_info</name>
         <load_address>0xe41</load_address>
         <run_address>0xe41</run_address>
         <size>0xec</size>
         <input_file_ref idref="fl-3"/>
      </object_component>
      <object_component id="oc-160">
         <name>.debug_info</name>
         <load_address>0xf2d</load_address>
         <run_address>0xf2d</run_address>
         <size>0x289</size>
         <input_file_ref idref="fl-3"/>
      </object_component>
      <object_component id="oc-1f2">
         <name>.debug_info</name>
         <load_address>0x11b6</load_address>
         <run_address>0x11b6</run_address>
         <size>0x4cf</size>
         <input_file_ref idref="fl-3"/>
      </object_component>
      <object_component id="oc-237">
         <name>.debug_info</name>
         <load_address>0x1685</load_address>
         <run_address>0x1685</run_address>
         <size>0x3b</size>
         <input_file_ref idref="fl-3"/>
      </object_component>
      <object_component id="oc-1a3">
         <name>.debug_info</name>
         <load_address>0x16c0</load_address>
         <run_address>0x16c0</run_address>
         <size>0x50b</size>
         <input_file_ref idref="fl-4"/>
      </object_component>
      <object_component id="oc-3bc">
         <name>.debug_info</name>
         <load_address>0x1bcb</load_address>
         <run_address>0x1bcb</run_address>
         <size>0x108</size>
         <input_file_ref idref="fl-4"/>
      </object_component>
      <object_component id="oc-3bf">
         <name>.debug_info</name>
         <load_address>0x1cd3</load_address>
         <run_address>0x1cd3</run_address>
         <size>0x116</size>
         <input_file_ref idref="fl-4"/>
      </object_component>
      <object_component id="oc-2c9">
         <name>.debug_info</name>
         <load_address>0x1de9</load_address>
         <run_address>0x1de9</run_address>
         <size>0x176</size>
         <input_file_ref idref="fl-4"/>
      </object_component>
      <object_component id="oc-2b6">
         <name>.debug_info</name>
         <load_address>0x1f5f</load_address>
         <run_address>0x1f5f</run_address>
         <size>0x10e</size>
         <input_file_ref idref="fl-4"/>
      </object_component>
      <object_component id="oc-27d">
         <name>.debug_info</name>
         <load_address>0x206d</load_address>
         <run_address>0x206d</run_address>
         <size>0x110</size>
         <input_file_ref idref="fl-4"/>
      </object_component>
      <object_component id="oc-4ff">
         <name>.debug_info</name>
         <load_address>0x217d</load_address>
         <run_address>0x217d</run_address>
         <size>0x115</size>
         <input_file_ref idref="fl-4"/>
      </object_component>
      <object_component id="oc-3dd">
         <name>.debug_info</name>
         <load_address>0x2292</load_address>
         <run_address>0x2292</run_address>
         <size>0x10f</size>
         <input_file_ref idref="fl-4"/>
      </object_component>
      <object_component id="oc-2cc">
         <name>.debug_info</name>
         <load_address>0x23a1</load_address>
         <run_address>0x23a1</run_address>
         <size>0x102</size>
         <input_file_ref idref="fl-4"/>
      </object_component>
      <object_component id="oc-360">
         <name>.debug_info</name>
         <load_address>0x24a3</load_address>
         <run_address>0x24a3</run_address>
         <size>0xfc</size>
         <input_file_ref idref="fl-4"/>
      </object_component>
      <object_component id="oc-1b6">
         <name>.debug_info</name>
         <load_address>0x259f</load_address>
         <run_address>0x259f</run_address>
         <size>0x154</size>
         <input_file_ref idref="fl-4"/>
      </object_component>
      <object_component id="oc-153">
         <name>.debug_info</name>
         <load_address>0x26f3</load_address>
         <run_address>0x26f3</run_address>
         <size>0x18a</size>
         <input_file_ref idref="fl-4"/>
      </object_component>
      <object_component id="oc-223">
         <name>.debug_info</name>
         <load_address>0x287d</load_address>
         <run_address>0x287d</run_address>
         <size>0x878</size>
         <input_file_ref idref="fl-4"/>
      </object_component>
      <object_component id="oc-134">
         <name>.debug_info</name>
         <load_address>0x30f5</load_address>
         <run_address>0x30f5</run_address>
         <size>0x100</size>
         <input_file_ref idref="fl-4"/>
      </object_component>
      <object_component id="oc-13e">
         <name>.debug_info</name>
         <load_address>0x31f5</load_address>
         <run_address>0x31f5</run_address>
         <size>0x137</size>
         <input_file_ref idref="fl-4"/>
      </object_component>
      <object_component id="oc-306">
         <name>.debug_info</name>
         <load_address>0x332c</load_address>
         <run_address>0x332c</run_address>
         <size>0xf8</size>
         <input_file_ref idref="fl-4"/>
      </object_component>
      <object_component id="oc-21e">
         <name>.debug_info</name>
         <load_address>0x3424</load_address>
         <run_address>0x3424</run_address>
         <size>0x9a</size>
         <input_file_ref idref="fl-4"/>
      </object_component>
      <object_component id="oc-22d">
         <name>.debug_info</name>
         <load_address>0x34be</load_address>
         <run_address>0x34be</run_address>
         <size>0x518</size>
         <input_file_ref idref="fl-4"/>
      </object_component>
      <object_component id="oc-228">
         <name>.debug_info</name>
         <load_address>0x39d6</load_address>
         <run_address>0x39d6</run_address>
         <size>0xbb</size>
         <input_file_ref idref="fl-4"/>
      </object_component>
      <object_component id="oc-33a">
         <name>.debug_info</name>
         <load_address>0x3a91</load_address>
         <run_address>0x3a91</run_address>
         <size>0xb6</size>
         <input_file_ref idref="fl-4"/>
      </object_component>
      <object_component id="oc-232">
         <name>.debug_info</name>
         <load_address>0x3b47</load_address>
         <run_address>0x3b47</run_address>
         <size>0xa1</size>
         <input_file_ref idref="fl-4"/>
      </object_component>
      <object_component id="oc-420">
         <name>.debug_info</name>
         <load_address>0x3be8</load_address>
         <run_address>0x3be8</run_address>
         <size>0x62</size>
         <input_file_ref idref="fl-4"/>
      </object_component>
      <object_component id="oc-108">
         <name>.debug_info</name>
         <load_address>0x3c4a</load_address>
         <run_address>0x3c4a</run_address>
         <size>0x8b</size>
         <input_file_ref idref="fl-4"/>
      </object_component>
      <object_component id="oc-aa">
         <name>.debug_info</name>
         <load_address>0x3cd5</load_address>
         <run_address>0x3cd5</run_address>
         <size>0x2c</size>
         <input_file_ref idref="fl-4"/>
      </object_component>
      <object_component id="oc-310">
         <name>.debug_info</name>
         <load_address>0x3d01</load_address>
         <run_address>0x3d01</run_address>
         <size>0x2f0</size>
         <input_file_ref idref="fl-e"/>
      </object_component>
[...]
      </symbol>
      <symbol id="sm-3e1">
         <name>PowerCC32XX_getParkState</name>
         <value>0x2000efe1</value>
         <object_component_ref idref="oc-5d3"/>
      </symbol>
      <symbol id="sm-3f2">
         <name>PowerCC32XX_enterLPDS</name>
         <value>0x2000ea51</value>
         <object_component_ref idref="oc-547"/>
      </symbol>
      <symbol id="sm-3f3">
         <name>PowerCC32XX_resumeLPDS</name>
         <value>0x2000e689</value>
         <object_component_ref idref="oc-658"/>
      </symbol>
      <symbol id="sm-57d">
         <name>UARTCC32XX_close</name>
         <value>0x2000ccf5</value>
         <object_component_ref idref="oc-4bf"/>
      </symbol>
      <symbol id="sm-57e">
         <name>UARTCC32XX_fxnTable</name>
         <value>0x2000fd28</value>
         <object_component_ref idref="oc-3d8"/>
      </symbol>
      <symbol id="sm-57f">
         <name>UARTCC32XX_init</name>
         <value>0x2000d3f7</value>
         <object_component_ref idref="oc-4cb"/>
      </symbol>
      <symbol id="sm-580">
         <name>UARTCC32XX_writePolling</name>
         <value>0x2000e3b1</value>
         <object_component_ref idref="oc-4ef"/>
      </symbol>
      <symbol id="sm-581">
         <name>UARTCC32XX_writeCancel</name>
         <value>0x2000e2e5</value>
         <object_component_ref idref="oc-4f5"/>
      </symbol>
      <symbol id="sm-582">
         <name>UARTCC32XX_control</name>
         <value>0x2000cf15</value>
         <object_component_ref idref="oc-4c5"/>
      </symbol>
      <symbol id="sm-583">
         <name>UARTCC32XX_open</name>
         <value>0x2000c46d</value>
         <object_component_ref idref="oc-4d1"/>
      </symbol>
      <symbol id="sm-584">
         <name>UARTCC32XX_readCancel</name>
         <value>0x2000ee79</value>
         <object_component_ref idref="oc-4e3"/>
      </symbol>
      <symbol id="sm-585">
         <name>UARTCC32XX_write</name>
         <value>0x2000d0ed</value>
         <object_component_ref idref="oc-4e9"/>
      </symbol>
      <symbol id="sm-586">
         <name>UARTCC32XX_read</name>
         <value>0x2000ec65</value>
         <object_component_ref idref="oc-4d7"/>
      </symbol>
      <symbol id="sm-587">
         <name>UARTCC32XX_readPolling</name>
         <value>0x2000d33d</value>
         <object_component_ref idref="oc-4dd"/>
      </symbol>
      <symbol id="sm-59f">
         <name>List_remove</name>
         <value>0x2000f0d7</value>
         <object_component_ref idref="oc-690"/>
      </symbol>
      <symbol id="sm-5a0">
         <name>List_put</name>
         <value>0x2000f0b1</value>
         <object_component_ref idref="oc-3a5"/>
      </symbol>
      <symbol id="sm-5cf">
         <name>RingBuf_put</name>
         <value>0x2000e981</value>
         <object_component_ref idref="oc-706"/>
      </symbol>
      <symbol id="sm-5d0">
         <name>RingBuf_isFull</name>
         <value>0x2000f4f9</value>
         <object_component_ref idref="oc-70c"/>
      </symbol>
      <symbol id="sm-5d1">
         <name>RingBuf_construct</name>
         <value>0x2000f407</value>
         <object_component_ref idref="oc-5c1"/>
      </symbol>
      <symbol id="sm-5d2">
         <name>RingBuf_peek</name>
         <value>0x2000f1a9</value>
         <object_component_ref idref="oc-5b3"/>
      </symbol>
      <symbol id="sm-5d3">
         <name>RingBuf_get</name>
         <value>0x2000ec25</value>
         <object_component_ref idref="oc-60e"/>
      </symbol>
      <symbol id="sm-64e">
         <name>SemaphoreP_defaultParams</name>
         <value>0x2000fb1c</value>
         <object_component_ref idref="oc-47c"/>
      </symbol>
      <symbol id="sm-64f">
         <name>SemaphoreP_construct</name>
         <value>0x2000e72d</value>
         <object_component_ref idref="oc-480"/>
      </symbol>
      <symbol id="sm-650">
         <name>SemaphoreP_create</name>
         <value>0x2000f365</value>
         <object_component_ref idref="oc-36a"/>
      </symbol>
      <symbol id="sm-651">
         <name>SemaphoreP_post</name>
         <value>0x2000ea95</value>
         <object_component_ref idref="oc-2ab"/>
      </symbol>
      <symbol id="sm-652">
         <name>SemaphoreP_pend</name>
         <value>0x2000da0d</value>
         <object_component_ref idref="oc-299"/>
      </symbol>
      <symbol id="sm-653">
         <name>SemaphoreP_delete</name>
         <value>0x2000f585</value>
         <object_component_ref idref="oc-293"/>
      </symbol>
      <symbol id="sm-654">
         <name>SemaphoreP_createBinary</name>
         <value>0x2000f273</value>
         <object_component_ref idref="oc-281"/>
      </symbol>
      <symbol id="sm-655">
         <name>SemaphoreP_Params_init</name>
         <value>0x2000f4bd</value>
         <object_component_ref idref="oc-364"/>
      </symbol>
      <symbol id="sm-656">
         <name>clkFxn</name>
         <value>0x2000dc77</value>
         <object_component_ref idref="oc-39a"/>
      </symbol>
      <symbol id="sm-740">
         <name>ClockP_ctrl</name>
         <value>0x200100c0</value>
      </symbol>
      <symbol id="sm-741">
         <name>ClockP_delete</name>
         <value>0x2000f44b</value>
         <object_component_ref idref="oc-58e"/>
      </symbol>
      <symbol id="sm-742">
         <name>ClockP_doTick</name>
         <value>0x2000e6dd</value>
         <object_component_ref idref="oc-79"/>
      </symbol>
      <symbol id="sm-743">
         <name>ClockP_setTimeout</name>
         <value>0x2000f57d</value>
         <object_component_ref idref="oc-713"/>
      </symbol>
      <symbol id="sm-744">
         <name>ClockP_startup</name>
         <value>0x2000eee5</value>
         <object_component_ref idref="oc-526"/>
      </symbol>
      <symbol id="sm-745">
         <name>ClockP_stop</name>
         <value>0x2000e9c9</value>
         <object_component_ref idref="oc-4a8"/>
      </symbol>
      <symbol id="sm-746">
         <name>ClockP_construct</name>
         <value>0x2000eba5</value>
         <object_component_ref idref="oc-6a2"/>
      </symbol>
      <symbol id="sm-747">
         <name>ClockP_getTicksUntilInterrupt</name>
         <value>0x2000eeb1</value>
         <object_component_ref idref="oc-442"/>
      </symbol>
      <symbol id="sm-748">
         <name>ClockP_setTicks</name>
         <value>0x2000f47d</value>
         <object_component_ref idref="oc-46a"/>
      </symbol>
      <symbol id="sm-749">
         <name>ClockP_tickPeriod</name>
         <value>0x2000fb2c</value>
         <object_component_ref idref="oc-476"/>
      </symbol>
      <symbol id="sm-74a">
         <name>ClockP_create</name>
         <value>0x2000f259</value>
         <object_component_ref idref="oc-5df"/>
      </symbol>
      <symbol id="sm-74b">
         <name>ClockP_Params_init</name>
         <value>0x2000f52d</value>
         <object_component_ref idref="oc-5d9"/>
      </symbol>
      <symbol id="sm-74c">
         <name>ClockP_getSystemTicks</name>
         <value>0x2000f46d</value>
         <object_component_ref idref="oc-44e"/>
      </symbol>
      <symbol id="sm-74d">
         <name>ClockP_destruct</name>
         <value>0x2000ece5</value>
         <object_component_ref idref="oc-394"/>
      </symbol>
      <symbol id="sm-74e">
         <name>ClockP_start</name>
         <value>0x2000ef81</value>
         <object_component_ref idref="oc-382"/>
      </symbol>
      <symbol id="sm-74f">
         <name>ClockP_sysTickHandler</name>
         <value>0x2000e6dd</value>
         <object_component_ref idref="oc-79"/>
      </symbol>
      <symbol id="sm-750">
         <name>ClockP_isActive</name>
         <value>0x2000f537</value>
         <object_component_ref idref="oc-38e"/>
      </symbol>
      <symbol id="sm-751">
         <name>ClockP_getCpuFreq</name>
         <value>0x2000f45d</value>
         <object_component_ref idref="oc-430"/>
      </symbol>
      <symbol id="sm-752">
         <name>ClockP_add</name>
         <value>0x2000f43b</value>
         <object_component_ref idref="oc-37c"/>
      </symbol>
      <symbol id="sm-7d3">
         <name>HwiP_delete</name>
         <value>0x2000f48d</value>
         <object_component_ref idref="oc-588"/>
      </symbol>
      <symbol id="sm-7d4">
         <name>HwiP_construct</name>
         <value>0x2000dd09</value>
         <object_component_ref idref="oc-3ea"/>
      </symbol>
      <symbol id="sm-7d5">
         <name>HwiP_inISR</name>
         <value>0x2000f391</value>
         <object_component_ref idref="oc-3ac"/>
      </symbol>
      <symbol id="sm-7d6">
         <name>HwiP_dispatch</name>
         <value>0x2000f0fd</value>
         <object_component_ref idref="oc-50d"/>
      </symbol>
      <symbol id="sm-7d7">
         <name>HwiP_destruct</name>
         <value>0x2000f169</value>
         <object_component_ref idref="oc-687"/>
      </symbol>
      <symbol id="sm-7d8">
         <name>HwiP_swiPIntNum</name>
         <value>0x2000fb28</value>
         <object_component_ref idref="oc-513"/>
      </symbol>
      <symbol id="sm-7d9">
         <name>HwiP_Params_init</name>
         <value>0x2000f3f5</value>
         <object_component_ref idref="oc-2db"/>
      </symbol>
      <symbol id="sm-7da">
         <name>HwiP_disable</name>
         <value>0x2000f4dd</value>
         <object_component_ref idref="oc-287"/>
      </symbol>
      <symbol id="sm-7db">
         <name>HwiP_key</name>
         <value>0x2000fb24</value>
         <object_component_ref idref="oc-513"/>
      </symbol>
      <symbol id="sm-7dc">
         <name>HwiP_create</name>
         <value>0x2000f00d</value>
         <object_component_ref idref="oc-2e1"/>
      </symbol>
      <symbol id="sm-7dd">
         <name>HwiP_post</name>
         <value>0x2000f581</value>
         <object_component_ref idref="oc-56d"/>
      </symbol>
      <symbol id="sm-7de">
         <name>HwiP_enable</name>
         <value>0x2000f4eb</value>
         <object_component_ref idref="oc-158"/>
      </symbol>
      <symbol id="sm-7df">
         <name>HwiP_restore</name>
         <value>0x2000f49d</value>
         <object_component_ref idref="oc-28d"/>
      </symbol>
      <symbol id="sm-80f">
         <name>PowerCC32XX_initPolicy</name>
         <value>0x2000d1b7</value>
         <object_component_ref idref="oc-353"/>
      </symbol>
      <symbol id="sm-810">
         <name>PowerCC32XX_sleepPolicy</name>
         <value>0x2000c8d9</value>
         <object_component_ref idref="oc-359"/>
      </symbol>
      <symbol id="sm-865">
         <name>resetISR</name>
         <value>0x2000f28d</value>
         <object_component_ref idref="oc-21"/>
      </symbol>
      <symbol id="sm-866">
         <name>resetVectorAddr</name>
         <value>0x2000f2a0</value>
         <object_component_ref idref="oc-21"/>
      </symbol>
      <symbol id="sm-867">
         <name>initVectors</name>
         <value>0x2000ee09</value>
         <object_component_ref idref="oc-59"/>
      </symbol>
      <symbol id="sm-868">
         <name>resetVectors</name>
         <value>0x20004000</value>
         <object_component_ref idref="oc-27"/>
      </symbol>
      <symbol id="sm-898">
         <name>SwiP_disable</name>
         <value>0x2000f205</value>
         <object_component_ref idref="oc-436"/>
      </symbol>
      <symbol id="sm-899">
         <name>SwiP_restore</name>
         <value>0x2000ead9</value>
         <object_component_ref idref="oc-470"/>
      </symbol>
      <symbol id="sm-8a4">
         <name>CPUcpsid</name>
         <value>0x2000f37b</value>
         <object_component_ref idref="oc-a3"/>
      </symbol>
      <symbol id="sm-8e9">
         <name>IntVTableBaseSet</name>
         <value>0x2000f3a5</value>
         <object_component_ref idref="oc-af"/>
      </symbol>
      <symbol id="sm-8ea">
         <name>IntEnable</name>
         <value>0x2000d779</value>
         <object_component_ref idref="oc-b5"/>
      </symbol>
      <symbol id="sm-8eb">
         <name>IntMasterDisable</name>
         <value>0x2000f541</value>
         <object_component_ref idref="oc-53"/>
      </symbol>
      <symbol id="sm-8ec">
         <name>IntPendSet</name>
         <value>0x2000dd95</value>
         <object_component_ref idref="oc-67b"/>
      </symbol>
      <symbol id="sm-926">
         <name>PinModeGet</name>
         <value>0x2000ef19</value>
         <object_component_ref idref="oc-266"/>
      </symbol>
      <symbol id="sm-927">
         <name>PinConfigSet</name>
         <value>0x2000de1d</value>
         <object_component_ref idref="oc-2cf"/>
      </symbol>
      <symbol id="sm-928">
         <name>PinModeSet</name>
         <value>0x2000ebe5</value>
         <object_component_ref idref="oc-26c"/>
      </symbol>
      <symbol id="sm-929">
         <name>PinToPadGet</name>
         <value>0x2000f1e9</value>
         <object_component_ref idref="oc-5ac"/>
      </symbol>
      <symbol id="sm-9f2">
         <name>PRCMLPDSRestoreInfoSet</name>
         <value>0x2000ea0d</value>
         <object_component_ref idref="oc-65d"/>
      </symbol>
      <symbol id="sm-9f3">
         <name>PRCMPeripheralReset</name>
         <value>0x2000e585</value>
         <object_component_ref idref="oc-25a"/>
      </symbol>
      <symbol id="sm-9f4">
         <name>PRCMLPDSEnter</name>
         <value>0x2000e8a9</value>
         <object_component_ref idref="oc-55e"/>
      </symbol>
      <symbol id="sm-9f5">
         <name>PRCMPeripheralClkEnable</name>
         <value>0x2000e8f1</value>
         <object_component_ref idref="oc-254"/>
      </symbol>
      <symbol id="sm-9f6">
         <name>PRCMLPDSEnterKeepDebugIf</name>
         <value>0x2000ed99</value>
         <object_component_ref idref="oc-564"/>
      </symbol>
      <symbol id="sm-9f7">
         <name>PRCMCC3200MCUInit</name>
         <value>0x2000c041</value>
         <object_component_ref idref="oc-1a9"/>
      </symbol>
      <symbol id="sm-9f8">
         <name>PRCMHIBRegWrite</name>
         <value>0x2000f34f</value>
         <object_component_ref idref="oc-248"/>
      </symbol>
      <symbol id="sm-9f9">
         <name>PRCMSysResetCauseGet</name>
         <value>0x2000e415</value>
         <object_component_ref idref="oc-241"/>
      </symbol>
      <symbol id="sm-9fa">
         <name>PRCMPeripheralClkDisable</name>
         <value>0x2000f039</value>
         <object_component_ref idref="oc-260"/>
      </symbol>
      <symbol id="sm-9fb">
         <name>PRCMHIBRegRead</name>
         <value>0x2000f339</value>
         <object_component_ref idref="oc-24e"/>
      </symbol>
      <symbol id="sm-a0f">
         <name>UARTBusy</name>
         <value>0x2000f2d9</value>
         <object_component_ref idref="oc-616"/>
      </symbol>
      <symbol id="sm-a10">
         <name>UARTIntEnable</name>
         <value>0x2000f2f1</value>
         <object_component_ref idref="oc-6e6"/>
      </symbol>
      <symbol id="sm-a14">
         <name>UtilsDelay</name>
         <value>0x2000f577</value>
         <object_component_ref idref="oc-247"/>
      </symbol>
      <symbol id="sm-a24">
         <name>FlashDisable</name>
         <value>0x2000e861</value>
         <object_component_ref idref="oc-673"/>
      </symbol>
      <symbol id="sm-a2d">
         <name>__aeabi_lmul</name>
         <value>0x2000f321</value>
         <object_component_ref idref="oc-465"/>
      </symbol>
      <symbol id="sm-a48">
         <name>memcpy</name>
         <value>0x2000daad</value>
         <object_component_ref idref="oc-3b"/>
      </symbol>
      <symbol id="sm-a49">
         <name>__aeabi_memcpy</name>
         <value>0x2000daad</value>
         <object_component_ref idref="oc-3b"/>
      </symbol>
      <symbol id="sm-a4a">
         <name>__aeabi_memcpy8</name>
         <value>0x2000daad</value>
         <object_component_ref idref="oc-3b"/>
      </symbol>
      <symbol id="sm-a4b">
         <name>__aeabi_memcpy4</name>
         <value>0x2000daad</value>
         <object_component_ref idref="oc-3b"/>
      </symbol>
      <symbol id="sm-a58">
         <name>__aeabi_uldivmod</name>
         <value>0x2000dbe1</value>
         <object_component_ref idref="oc-45a"/>
      </symbol>
      <symbol id="sm-a6c">
         <name>__TI_zero_init_nomemset</name>
         <value>0x2000f221</value>
         <object_component_ref idref="oc-47"/>
      </symbol>
      <symbol id="sm-a83">
         <name>__TI_decompress_none</name>
         <value>0x2000f507</value>
         <object_component_ref idref="oc-1a"/>
      </symbol>
      <symbol id="sm-aa6">
         <name>__TI_decompress_lzss</name>
         <value>0x2000e27d</value>
         <object_component_ref idref="oc-14"/>
      </symbol>
      <symbol id="sm-b2f">
         <name>_sys_memory</name>
         <value>0x20004040</value>
         <object_component_ref idref="oc-2a"/>
      </symbol>
      <symbol id="sm-b30">
         <name>free</name>
         <value>0x2000d009</value>
         <object_component_ref idref="oc-375"/>
      </symbol>
      <symbol id="sm-b31">
         <name>memalign</name>
         <value>0x2000ce15</value>
         <object_component_ref idref="oc-503"/>
      </symbol>
      <symbol id="sm-b32">
         <name>malloc</name>
         <value>0x2000f55f</value>
         <object_component_ref idref="oc-3e4"/>
      </symbol>
      <symbol id="sm-b33">
         <name>aligned_alloc</name>
         <value>0x2000ce15</value>
         <object_component_ref idref="oc-503"/>
      </symbol>
      <symbol id="sm-b45">
         <name>__stack</name>
         <value>0x20003000</value>
         <object_component_ref idref="oc-2d"/>
      </symbol>
      <symbol id="sm-b46">
         <name>_c_int00_noargs</name>
         <value>0x2000f145</value>
         <object_component_ref idref="oc-c5"/>
      </symbol>
      <symbol id="sm-b50">
         <name>__aeabi_idiv0</name>
         <value>0x2000e9c7</value>
         <object_component_ref idref="oc-52f"/>
      </symbol>
      <symbol id="sm-b51">
         <name>__aeabi_ldiv0</name>
         <value>0x2000e9c7</value>
         <object_component_ref idref="oc-52f"/>
      </symbol>
      <symbol id="sm-b7a">
         <name>__TI_auto_init_nobinit_nopinit</name>
         <value>0x2000eb61</value>
         <object_component_ref idref="oc-171"/>
      </symbol>
      <symbol id="sm-b84">
         <name>_system_pre_init</name>
         <value>0x2000f589</value>
         <object_component_ref idref="oc-114"/>
      </symbol>
      <symbol id="sm-b90">
         <name>C$$EXIT</name>
         <value>0x2000f58d</value>
         <object_component_ref idref="oc-165"/>
      </symbol>
      <symbol id="sm-b91">
         <name>abort</name>
         <value>0x2000f58d</value>
         <object_component_ref idref="oc-165"/>
      </symbol>
      <symbol id="sm-ba6">
         <name>_nop</name>
         <value>0x2000d567</value>
         <object_component_ref idref="oc-31b"/>
      </symbol>
      <symbol id="sm-ba7">
         <name>_lock</name>
         <value>0x2000fb0c</value>
         <object_component_ref idref="oc-1fb"/>
      </symbol>
      <symbol id="sm-ba8">
         <name>_unlock</name>
         <value>0x2000fb10</value>
         <object_component_ref idref="oc-1fb"/>
      </symbol>
      <symbol id="sm-baa">
         <name>__TI_static_base__</name>
         <value>0x200100e8</value>
      </symbol>
      <symbol id="sm-bad">
         <name>ITM_flush</name>
         <value>0x0</value>
      </symbol>
      <symbol id="sm-bae">
         <name>ITM_restore</name>
         <value>0x0</value>
      </symbol>
      <symbol id="sm-baf">
         <name>__mpu_init</name>
         <value>0x0</value>
      </symbol>
      <symbol id="sm-bb0">
         <name>_system_post_cinit</name>
         <value>0x0</value>
      </symbol>
      <symbol id="sm-bb1">
         <name>NoRTOS_start</name>
         <value>0x2000f4eb</value>
      </symbol>
   </symbol_table>
   <title>Link successful</title>
</link_info>
