******************************************************************************
                  TI ARM Linker PC v20.2.5                     
******************************************************************************
>> Linked Thu Sep 16 21:31:36 2021

OUTPUT FILE NAME:   <uartecho_CC3220S_LAUNCHXL_nortos_ccs.out>
ENTRY POINT SYMBOL: "resetISR"  address: 2000f28d


MEMORY CONFIGURATION

         name            origin    length      used     unused   attr    fill
----------------------  --------  ---------  --------  --------  ----  --------
  SRAM2                 20000000   00004000  0000130c  00002cf4  RW X
  SRAM                  20004000   0003c000  0000c1ca  0002fe36  RW X
  LOG_DATA              90000000   00040000  00000000  00040000  R   


SEGMENT ALLOCATION MAP

run origin  load origin   length   init length attrs members
----------  ----------- ---------- ----------- ----- -------
20003000    20003000    00001000   00000000    rw-
  20003000    20003000    00001000   00000000    rw- .stack
20004000    20004000    00000040   00000040    r--
  20004000    20004000    00000040   00000040    r-- .resetVecs
20004040    20004040    00008000   00000000    rw-
  20004040    20004040    00008000   00000000    rw- .sysmem
2000c040    2000c040    00003550   00003550    r-x
  2000c040    2000c040    00003550   00003550    r-x .text
2000f590    2000f590    000005ac   00000000    rw-
  2000f590    2000f590    000005ac   00000000    rw- .data
2000fb3c    2000fb3c    0000037a   0000037a    r--
  2000fb3c    2000fb3c    0000037a   0000037a    r-- .const
2000feb8    2000feb8    0000022c   00000000    rw-
  2000feb8    2000feb8    0000022c   00000000    rw- .bss
200100e8    200100e8    000000e8   000000e8    r--
  200100e8    200100e8    000000e8   000000e8    r-- .cinit


SECTION ALLOCATION MAP

 output                                  attributes/
section   page    origin      length       input sections
--------  ----  ----------  ----------   ----------------
.text      0    2000c040    00003550     
                  2000c040    0000042c     driverlib.a : prcm.obj (.text:PRCMCC3200MCUInit)
                  2000c46c    00000288     drivers_cc32xx.a : UARTCC32XX.oem4 (.text:UARTCC32XX_open)
                  2000c6f4    000001e4                      : GPIOCC32XX.oem4 (.text:GPIO_setConfig)
                  2000c8d8    0000019c     nortos_cc32xx.a : PowerCC32XX_nortos.oem4 (.text:PowerCC32XX_sleepPolicy)
                  2000ca74    00000148     drivers_cc32xx.a : PowerCC32XX.oem4 (.text:parkPins)
                  2000cbbc    00000138                      : PowerCC32XX.oem4 (.text:Power_sleep)
                  2000ccf4    00000120                      : UARTCC32XX.oem4 (.text:UARTCC32XX_close)
                  2000ce14    00000100     rtsv7M4_T_le_eabi.lib : memory.c.obj (.text:aligned_alloc)
                  2000cf14    000000f2     drivers_cc32xx.a : UARTCC32XX.oem4 (.text:UARTCC32XX_control)
                  2000d006    00000002     ti_drivers_config.obj (.text:Board_initHook)
                  2000d008    000000e4     rtsv7M4_T_le_eabi.lib : memory.c.obj (.text:free)
                  2000d0ec    000000ca     drivers_cc32xx.a : UARTCC32XX.oem4 (.text:UARTCC32XX_write)
                  2000d1b6    00000002     nortos_cc32xx.a : PowerCC32XX_nortos.oem4 (.text:PowerCC32XX_initPolicy)
                  2000d1b8    000000c4     drivers_cc32xx.a : GPIOCC32XX.oem4 (.text:GPIO_init)
                  2000d27c    000000c0                      : PowerCC32XX.oem4 (.text:restoreParkedPins)
                  2000d33c    000000ba                      : UARTCC32XX.oem4 (.text:UARTCC32XX_readPolling)
                  2000d3f6    00000002                      : UARTCC32XX.oem4 (.text:UARTCC32XX_init)
                  2000d3f8    000000b8                      : UARTCC32XX.oem4 (.text:initHw)
                  2000d4b0    000000b6                      : UARTCC32XX.oem4 (.text:readTaskCallback)
                  2000d566    00000002     rtsv7M4_T_le_eabi.lib : _lock.c.obj (.text:_nop)
                  2000d568    000000b0     uartecho.obj (.text:mainThread)
                  2000d618    000000b0     drivers_cc32xx.a : UARTCC32XX.oem4 (.text:readTaskBlocking)
                  2000d6c8    000000ae                      : UARTCC32XX.oem4 (.text:readIsrTextBlocking)
                  2000d776    00000002     nortos_cc32xx.a : startup_cc32xx_ccs.oem4 (.text:busFaultHandler)
                  2000d778    000000a8     driverlib.a : interrupt.obj (.text:IntEnable)
                  2000d820    000000a8     drivers_cc32xx.a : PowerCC32XX.oem4 (.text:PowerCC32XX_configureWakeup)
                  2000d8c8    000000a2                      : UARTCC32XX.oem4 (.text:readIsrTextCallback)
                  2000d96a    000000a2                      : UARTCC32XX.oem4 (.text:writeData)
                  2000da0c    000000a0     nortos_cc32xx.a : SemaphoreP_nortos.oem4 (.text:SemaphoreP_pend)
                  2000daac    0000009c     rtsv7M4_T_le_eabi.lib : memcpy_t2.asm.obj (.text)
                  2000db48    00000098     drivers_cc32xx.a : GPIOCC32XX.oem4 (.text:powerNotifyFxn)
                  2000dbe0    00000096     rtsv7M4_T_le_eabi.lib : ull_div_t2.asm.obj (.text)
                  2000dc76    00000002     nortos_cc32xx.a : SemaphoreP_nortos.oem4 (.text:clkFxn)
                  2000dc78    00000090     drivers_cc32xx.a : PowerCC32XX.oem4 (.text:restoreNVICRegs)
                  2000dd08    0000008c     nortos_cc32xx.a : HwiPCC32XX_nortos.oem4 (.text:HwiP_construct)
                  2000dd94    00000088     driverlib.a : interrupt.obj (.text:IntPendSet)
                  2000de1c    00000088                 : pin.obj (.text:PinConfigSet)
                  2000dea4    00000084     drivers_cc32xx.a : PowerCC32XX.oem4 (.text:Power_init)
                  2000df28    00000084                      : PowerCC32XX.oem4 (.text:saveNVICRegs)
                  2000dfac    00000080                      : PowerCC32XX.oem4 (.text:Power_setDependency)
                  2000e02c    0000007c                      : UARTCC32XX.oem4 (.text:readIsrBinaryBlocking)
                  2000e0a8    00000078                      : GPIOCC32XX.oem4 (.text:GPIO_hwiIntFxn)
                  2000e120    00000078                      : UARTCC32XX.oem4 (.text:readIsrBinaryCallback)
                  2000e198    00000074                      : UARTCC32XX.oem4 (.text:UARTCC32XX_hwiIntFxn)
                  2000e20c    00000070     rtsv7M4_T_le_eabi.lib : memory.c.obj (.text:split)
                  2000e27c    00000068                           : copy_decompress_lzss.c.obj (.text:decompress:lzss:__TI_decompress_lzss)
                  2000e2e4    00000066     drivers_cc32xx.a : UARTCC32XX.oem4 (.text:UARTCC32XX_writeCancel)
                  2000e34a    00000002     nortos_cc32xx.a : startup_cc32xx_ccs.oem4 (.text:defaultHandler)
                  2000e34c    00000064     drivers_cc32xx.a : PowerCC32XX.oem4 (.text:PowerCC32XX_setParkState)
                  2000e3b0    00000062                      : UARTCC32XX.oem4 (.text:UARTCC32XX_writePolling)
                  2000e412    00000002     nortos_cc32xx.a : startup_cc32xx_ccs.oem4 (.text:faultISR)
                  2000e414    00000060     driverlib.a : prcm.obj (.text:PRCMSysResetCauseGet)
                  2000e474    0000005c     drivers_cc32xx.a : GPIOCC32XX.oem4 (.text:GPIO_setCallback)
                  2000e4d0    0000005c     nortos_cc32xx.a : ClockPSysTick_nortos.oem4 (.text:sysTickInit)
                  2000e52c    00000058     drivers_cc32xx.a : GPIOCC32XX.oem4 (.text:GPIO_write)
                  2000e584    00000058     driverlib.a : prcm.obj (.text:PRCMPeripheralReset)
                  2000e5dc    00000058     drivers_cc32xx.a : PowerCC32XX.oem4 (.text:Power_releaseDependency)
                  2000e634    00000054                      : UARTCC32XX.oem4 (.text:ringBufGet)
                  2000e688    00000052                      : PowerCC32XX_asm.oem4 (.text:PowerCC32XX_resumeLPDS)
                  2000e6da    00000002     nortos_cc32xx.a : startup_cc32xx_ccs.oem4 (.text:nmiISR)
                  2000e6dc    00000050                     : ClockPSysTick_nortos.oem4 (.text:ClockP_sysTickHandler)
                  2000e72c    00000050                     : SemaphoreP_nortos.oem4 (.text:SemaphoreP_construct)
                  2000e77c    0000004c     drivers_cc32xx.a : GPIOCC32XX.oem4 (.text:GPIO_enableInt)
                  2000e7c8    0000004c                      : PowerCC32XX.oem4 (.text:PowerCC32XX_parkPin)
                  2000e814    0000004c                      : PowerCC32XX.oem4 (.text:restorePeriphClocks)
                  2000e860    00000048     driverlib.a : flash.obj (.text:FlashDisable)
                  2000e8a8    00000048                 : prcm.obj (.text:PRCMLPDSEnter)
                  2000e8f0    00000048                 : prcm.obj (.text:PRCMPeripheralClkEnable)
                  2000e938    00000048     drivers_cc32xx.a : PowerCC32XX.oem4 (.text:Power_releaseConstraint)
                  2000e980    00000046                      : RingBuf.oem4 (.text:RingBuf_put)
                  2000e9c6    00000002     rtsv7M4_T_le_eabi.lib : div0.asm.obj (.text)
                  2000e9c8    00000044     nortos_cc32xx.a : ClockPSysTick_nortos.oem4 (.text:ClockP_stop)
                  2000ea0c    00000044     driverlib.a : prcm.obj (.text:PRCMLPDSRestoreInfoSet)
                  2000ea50    00000044     drivers_cc32xx.a : PowerCC32XX_asm.oem4 (.text:PowerCC32XX_enterLPDS)
                  2000ea94    00000044     nortos_cc32xx.a : SemaphoreP_nortos.oem4 (.text:SemaphoreP_post)
                  2000ead8    00000044                     : SwiP_nortos.oem4 (.text:SwiP_restore)
                  2000eb1c    00000044     drivers_cc32xx.a : UART.oem4 (.text:UART_init)
                  2000eb60    00000044     rtsv7M4_T_le_eabi.lib : autoinit.c.obj (.text:__TI_auto_init_nobinit_nopinit:__TI_auto_init_nobinit_nopinit)
                  2000eba4    00000040     nortos_cc32xx.a : ClockPSysTick_nortos.oem4 (.text:ClockP_construct)
                  2000ebe4    00000040     driverlib.a : pin.obj (.text:PinModeSet)
                  2000ec24    00000040     drivers_cc32xx.a : RingBuf.oem4 (.text:RingBuf_get)
                  2000ec64    00000040                      : UARTCC32XX.oem4 (.text:UARTCC32XX_read)
                  2000eca4    00000040                      : UART.oem4 (.text:UART_open)
                  2000ece4    0000003c     nortos_cc32xx.a : ClockPSysTick_nortos.oem4 (.text:ClockP_destruct)
                  2000ed20    0000003c     drivers_cc32xx.a : PowerCC32XX.oem4 (.text:Power_setConstraint)
                  2000ed5c    0000003a     nortos_cc32xx.a : PowerCC32XX_nortos.oem4 (.text:getCountsRTC)
                  2000ed96    00000002     --HOLE-- [fill = 0]
                  2000ed98    00000038     driverlib.a : prcm.obj (.text:PRCMLPDSEnterKeepDebugIf)
                  2000edd0    00000038     nortos_cc32xx.a : ClockPSysTick_nortos.oem4 (.text:addToList)
                  2000ee08    00000038                     : startup_cc32xx_ccs.oem4 (.text:initVectors)
                  2000ee40    00000038     drivers_cc32xx.a : PowerCC32XX.oem4 (.text:notify)
                  2000ee78    00000036                      : UARTCC32XX.oem4 (.text:UARTCC32XX_readCancel)
                  2000eeae    00000002     --HOLE-- [fill = 0]
                  2000eeb0    00000034     nortos_cc32xx.a : ClockPSysTick_nortos.oem4 (.text:ClockP_getTicksUntilInterrupt)
                  2000eee4    00000034                     : ClockPSysTick_nortos.oem4 (.text:ClockP_startup)
                  2000ef18    00000034     driverlib.a : pin.obj (.text:PinModeGet)
                  2000ef4c    00000034     drivers_cc32xx.a : PowerCC32XX.oem4 (.text:PowerCC32XX_restoreParkState)
                  2000ef80    00000030     nortos_cc32xx.a : ClockPSysTick_nortos.oem4 (.text:ClockP_start)
                  2000efb0    00000030     drivers_cc32xx.a : PowerCC32XX.oem4 (.text:PowerCC32XX_restoreParkedPin)
                  2000efe0    0000002c                      : PowerCC32XX.oem4 (.text:PowerCC32XX_getParkState)
                  2000f00c    0000002a     nortos_cc32xx.a : HwiPCC32XX_nortos.oem4 (.text:HwiP_create)
                  2000f036    00000002     --HOLE-- [fill = 0]
                  2000f038    00000028     driverlib.a : prcm.obj (.text:PRCMPeripheralClkDisable)
                  2000f060    00000028     drivers_cc32xx.a : PowerCC32XX.oem4 (.text:Power_registerNotify)
                  2000f088    00000028     rtsv7M4_T_le_eabi.lib : memory.c.obj (.text:free_list_insert)
                  2000f0b0    00000026     drivers_cc32xx.a : List.oem4 (.text:List_put)
                  2000f0d6    00000026                      : List.oem4 (.text:List_remove)
                  2000f0fc    00000024     nortos_cc32xx.a : HwiPCC32XX_nortos.oem4 (.text:HwiP_dispatch)
                  2000f120    00000024     drivers_cc32xx.a : PowerCC32XX.oem4 (.text:PowerCC32XX_reset)
                  2000f144    00000024     rtsv7M4_T_le_eabi.lib : boot_cortex_m.c.obj (.text:_c_int00_noargs:_c_int00_noargs)
                  2000f168    00000020     nortos_cc32xx.a : HwiPCC32XX_nortos.oem4 (.text:HwiP_destruct)
                  2000f188    00000020     drivers_cc32xx.a : PowerCC32XX.oem4 (.text:Power_unregisterNotify)
                  2000f1a8    00000020                      : RingBuf.oem4 (.text:RingBuf_peek)
                  2000f1c8    00000020                      : UARTCC32XX.oem4 (.text:getPowerMgrId)
                  2000f1e8    0000001c     driverlib.a : pin.obj (.text:PinToPadGet)
                  2000f204    0000001c     nortos_cc32xx.a : SwiP_nortos.oem4 (.text:SwiP_disable)
                  2000f220    0000001c     rtsv7M4_T_le_eabi.lib : copy_zero_init.c.obj (.text:decompress:ZI:__TI_zero_init_nomemset:__TI_zero_init_nomemset)
                  2000f23c    0000001c                           : memory.c.obj (.text:free_list_remove)
                  2000f258    0000001a     nortos_cc32xx.a : ClockPSysTick_nortos.oem4 (.text:ClockP_create)
                  2000f272    0000001a                     : SemaphoreP_nortos.oem4 (.text:SemaphoreP_createBinary)
                  2000f28c    0000001a                     : startup_cc32xx_ccs.oem4 (.text:resetISR)
                  2000f2a6    00000002     --HOLE-- [fill = 0]
                  2000f2a8    00000018     drivers_cc32xx.a : PowerCC32XX.oem4 (.text:Power_getTransitionLatency)
                  2000f2c0    00000018                      : PowerCC32XX.oem4 (.text:Power_idleFunc)
                  2000f2d8    00000018     driverlib.a : uart.obj (.text:UARTBusy)
                  2000f2f0    00000018                 : uart.obj (.text:UARTIntEnable)
                  2000f308    00000018     drivers_cc32xx.a : UART.oem4 (.text:UART_Params_init)
                  2000f320    00000018     rtsv7M4_T_le_eabi.lib : ll_mul_t2.asm.obj (.text)
                  2000f338    00000016     driverlib.a : prcm.obj (.text:PRCMHIBRegRead)
                  2000f34e    00000016                 : prcm.obj (.text:PRCMHIBRegWrite)
                  2000f364    00000016     nortos_cc32xx.a : SemaphoreP_nortos.oem4 (.text:SemaphoreP_create)
                  2000f37a    00000014     driverlib.a : cpu.obj (.text:CPUcpsid)
                  2000f38e    00000002     --HOLE-- [fill = 0]
                  2000f390    00000014     nortos_cc32xx.a : HwiPCC32XX_nortos.oem4 (.text:HwiP_inISR)
                  2000f3a4    00000014     driverlib.a : interrupt.obj (.text:IntVTableBaseSet)
                  2000f3b8    00000014     drivers_cc32xx.a : PowerCC32XX.oem4 (.text:Power_disablePolicy)
                  2000f3cc    00000014                      : PowerCC32XX.oem4 (.text:Power_getDependencyCount)
                  2000f3e0    00000014                      : UARTCC32XX.oem4 (.text:releasePowerConstraint)
                  2000f3f4    00000012     nortos_cc32xx.a : HwiPCC32XX_nortos.oem4 (.text:HwiP_Params_init)
                  2000f406    00000012     drivers_cc32xx.a : RingBuf.oem4 (.text:RingBuf_construct)
                  2000f418    00000012     main_nortos.obj (.text:main)
                  2000f42a    00000010     ti_drivers_config.obj (.text:Board_init)
                  2000f43a    00000010     nortos_cc32xx.a : ClockPSysTick_nortos.oem4 (.text:ClockP_add)
                  2000f44a    00000010                     : ClockPSysTick_nortos.oem4 (.text:ClockP_delete)
                  2000f45a    00000002     --HOLE-- [fill = 0]
                  2000f45c    00000010                     : ClockPSysTick_nortos.oem4 (.text:ClockP_getCpuFreq)
                  2000f46c    00000010                     : ClockPSysTick_nortos.oem4 (.text:ClockP_getSystemTicks)
                  2000f47c    00000010                     : ClockPSysTick_nortos.oem4 (.text:ClockP_setTicks)
                  2000f48c    00000010                     : HwiPCC32XX_nortos.oem4 (.text:HwiP_delete)
                  2000f49c    00000010                     : HwiPCC32XX_nortos.oem4 (.text:HwiP_restore)
                  2000f4ac    00000010     drivers_cc32xx.a : PowerCC32XX.oem4 (.text:Power_enablePolicy)
                  2000f4bc    00000010     nortos_cc32xx.a : SemaphoreP_nortos.oem4 (.text:SemaphoreP_Params_init)
                  2000f4cc    00000010     drivers_cc32xx.a : UARTCC32XX.oem4 (.text:readBlockingTimeout)
                  2000f4dc    0000000e     nortos_cc32xx.a : HwiPCC32XX_nortos.oem4 (.text:HwiP_disable)
                  2000f4ea    0000000e                     : HwiPCC32XX_nortos.oem4 (.text:HwiP_enable)
                  2000f4f8    0000000e     drivers_cc32xx.a : RingBuf.oem4 (.text:RingBuf_isFull)
                  2000f506    0000000e     rtsv7M4_T_le_eabi.lib : copy_decompress_none.c.obj (.text:decompress:none:__TI_decompress_none)
                  2000f514    0000000c     drivers_cc32xx.a : PowerCC32XX.oem4 (.text:Power_getConstraintMask)
                  2000f520    0000000c                      : UARTCC32XX.oem4 (.text:postNotifyFxn)
                  2000f52c    0000000a     nortos_cc32xx.a : ClockPSysTick_nortos.oem4 (.text:ClockP_Params_init)
                  2000f536    0000000a                     : ClockPSysTick_nortos.oem4 (.text:ClockP_isActive)
                  2000f540    0000000a     driverlib.a : interrupt.obj (.text:IntMasterDisable)
                  2000f54a    0000000a     drivers_cc32xx.a : UART.oem4 (.text:UART_read)
                  2000f554    0000000a                      : UART.oem4 (.text:UART_write)
                  2000f55e    00000008     rtsv7M4_T_le_eabi.lib : memory.c.obj (.text:malloc)
                  2000f566    00000008     drivers_cc32xx.a : UARTCC32XX.oem4 (.text:readSemCallback)
                  2000f56e    00000008                      : UARTCC32XX.oem4 (.text:writeSemCallback)
                  2000f576    00000006     driverlib.a : utils.obj (.text:UtilsDelay)
                  2000f57c    00000004     nortos_cc32xx.a : ClockPSysTick_nortos.oem4 (.text:ClockP_setTimeout)
                  2000f580    00000004                     : HwiPCC32XX_nortos.oem4 (.text:HwiP_post)
                  2000f584    00000004                     : SemaphoreP_nortos.oem4 (.text:SemaphoreP_delete)
                  2000f588    00000004     rtsv7M4_T_le_eabi.lib : pre_init.c.obj (.text:_system_pre_init)
                  2000f58c    00000004                           : exit.c.obj (.text:abort:abort)

.const     0    2000fb3c    0000037a     
                  2000fb3c    00000100     driverlib.a : pin.obj (.const:g_ulPinToPadMap)
                  2000fc3c    000000a8                 : prcm.obj (.const:PRCM_PeriphRegsList)
                  2000fce4    00000044     ti_drivers_config.obj (.const:PowerCC32XX_config)
                  2000fd28    00000028     drivers_cc32xx.a : UARTCC32XX.oem4 (.const:UARTCC32XX_fxnTable)
                  2000fd50    00000024                      : UART.oem4 (.const:UART_defaultParams)
                  2000fd74    00000024     ti_drivers_config.obj (.const:uartCC32XXHWAttrs0)
                  2000fd98    00000021     drivers_cc32xx.a : GPIOCC32XX.oem4 (.const:.string:pinTable)
                  2000fdb9    00000003     ti_drivers_config.obj (.const)
                  2000fdbc    00000020     drivers_cc32xx.a : UARTCC32XX.oem4 (.const:staticFxnTable)
                  2000fddc    00000018     driverlib.a : interrupt.obj (.const:g_pulEnRegs)
                  2000fdf4    00000018                 : interrupt.obj (.const:g_pulPendRegs)
                  2000fe0c    00000016     uartecho.obj (.const:.string:$P$T0$1)
                  2000fe22    00000002     --HOLE-- [fill = 0]
                  2000fe24    00000014     ti_drivers_config.obj (.const:GPIOCC32XX_config)
                  2000fe38    00000014     drivers_cc32xx.a : GPIOCC32XX.oem4 (.const:gpioBaseAddresses)
                  2000fe4c    00000014                      : UARTCC32XX.oem4 (.const:parityType)
                  2000fe60    00000014                      : GPIOCC32XX.oem4 (.const:powerResources)
                  2000fe74    00000010                      : UARTCC32XX.oem4 (.const:dataLength)
                  2000fe84    0000000c     ti_drivers_config.obj (.const:UART_config)
                  2000fe90    00000008     drivers_cc32xx.a : GPIOCC32XX.oem4 (.const:outPinTypes)
                  2000fe98    00000008                      : UARTCC32XX.oem4 (.const:stopBits)
                  2000fea0    00000006                      : GPIOCC32XX.oem4 (.const:.string:interruptType)
                  2000fea6    00000006                      : GPIOCC32XX.oem4 (.const:inPinTypes)
                  2000feac    00000006                      : GPIOCC32XX.oem4 (.const:outPinStrengths)
                  2000feb2    00000004                      : GPIOCC32XX.oem4 (.const:.string:portInterruptIds)

.cinit     0    200100e8    000000e8     
                  200100e8    000000be     (.cinit..data.load) [load image, compression = lzss]
                  200101a6    00000002     --HOLE-- [fill = 0]
                  200101a8    0000000c     (__TI_handler_table)
                  200101b4    00000004     --HOLE-- [fill = 0]
                  200101b8    00000008     (.cinit..bss.load) [load image, compression = zero_init]
                  200101c0    00000010     (__TI_cinit_table)

.init_array 
*          0    20004000    00000000     UNINITIALIZED

.ramVecs   0    20000000    0000030c     NOLOAD SECTION
                  20000000    0000030c     nortos_cc32xx.a : startup_cc32xx_ccs.oem4 (.ramVecs)

.stack     0    20003000    00001000     UNINITIALIZED
                  20003000    00000004     rtsv7M4_T_le_eabi.lib : boot_cortex_m.c.obj (.stack)
                  20003004    00000ffc     --HOLE--

.resetVecs 
*          0    20004000    00000040     
                  20004000    00000040     nortos_cc32xx.a : startup_cc32xx_ccs.oem4 (.resetVecs:retain)

.sysmem    0    20004040    00008000     UNINITIALIZED
                  20004040    00000010     rtsv7M4_T_le_eabi.lib : memory.c.obj (.sysmem)
                  20004050    00007ff0     --HOLE--

.data      0    2000f590    000005ac     UNINITIALIZED
                  2000f590    0000030c     nortos_cc32xx.a : HwiPCC32XX_nortos.oem4 (.data:HwiP_dispatchTable)
                  2000f89c    0000016c     drivers_cc32xx.a : PowerCC32XX.oem4 (.data:PowerCC32XX_module)
                  2000fa08    000000f8     ti_drivers_config.obj (.data:parkInfo)
                  2000fb00    00000009     drivers_cc32xx.a : GPIOCC32XX.oem4 (.data)
                  2000fb09    00000003     nortos_cc32xx.a : SemaphoreP_nortos.oem4 (.data)
                  2000fb0c    00000008     rtsv7M4_T_le_eabi.lib : _lock.c.obj (.data:$O1$$)
                  2000fb14    00000008                           : memory.c.obj (.data:$O1$$)
                  2000fb1c    00000008     nortos_cc32xx.a : SemaphoreP_nortos.oem4 (.data:SemaphoreP_defaultParams)
                  2000fb24    00000008                     : HwiPCC32XX_nortos.oem4 (.data)
                  2000fb2c    00000005                     : ClockPSysTick_nortos.oem4 (.data)
                  2000fb31    00000001     drivers_cc32xx.a : UART.oem4 (.data)
                  2000fb32    00000002     --HOLE--
                  2000fb34    00000004     ti_drivers_config.obj (.data:gpioCallbackFunctions)
                  2000fb38    00000004     ti_drivers_config.obj (.data:gpioPinConfigs)

.bss       0    2000feb8    0000022c     UNINITIALIZED
                  2000feb8    0000012c     (.common:PowerCC32XX_contextSave)
                  2000ffe4    00000084     (.common:uartCC32XXObjects0)
                  20010068    00000020     drivers_cc32xx.a : GPIOCC32XX.oem4 (.bss:gpioCallbackInfo)
                  20010088    00000020     ti_drivers_config.obj (.bss:uartCC32XXRingBuffer0)
                  200100a8    00000014     drivers_cc32xx.a : GPIOCC32XX.oem4 (.bss:powerNotifyObj)
                  200100bc    00000004                      : GPIOCC32XX.oem4 (.bss)
                  200100c0    00000010     (.common:ClockP_ctrl)
                  200100d0    0000000d     nortos_cc32xx.a : SwiP_nortos.oem4 (.bss)
                  200100dd    00000003     --HOLE--
                  200100e0    00000004                     : ClockPSysTick_nortos.oem4 (.bss)

.log_data 
*          0    90000000    00000000     COPY SECTION

__llvm_prf_cnts 
*          0    20004000    00000000     UNINITIALIZED

MODULE SUMMARY

       Module                       code    ro data   rw data
       ------                       ----    -------   -------
    .\
       uartecho.obj                 176     22        0      
       main_nortos.obj              18      0         0      
    +--+----------------------------+-------+---------+---------+
       Total:                       194     22        0      
                                                             
    .\syscfg\
       ti_drivers_config.obj        18      139       420    
    +--+----------------------------+-------+---------+---------+
       Total:                       18      139       420    
                                                             
    C:/ti/simplelink_cc32xx_sdk_5_20_00_06/kernel/nortos/lib/ccs/m4/nortos_cc32xx.a
       HwiPCC32XX_nortos.oem4       352     0         788    
       startup_cc32xx_ccs.oem4      90      64        780    
       ClockPSysTick_nortos.oem4    702     0         25     
       PowerCC32XX_nortos.oem4      472     0         0      
       SemaphoreP_nortos.oem4       378     0         11     
       SwiP_nortos.oem4             96      0         13     
    +--+----------------------------+-------+---------+---------+
       Total:                       2090    64        1617   
                                                             
    C:/ti/simplelink_cc32xx_sdk_5_20_00_06/source/ti/devices/cc32xx/driverlib/ccs/Release/driverlib.a
       prcm.obj                     1604    168       0      
       pin.obj                      280     256       0      
       interrupt.obj                334     48        0      
       flash.obj                    72      0         0      
       uart.obj                     48      0         0      
       cpu.obj                      20      0         0      
       utils.obj                    6       0         0      
    +--+----------------------------+-------+---------+---------+
       Total:                       2364    472       0      
                                                             
    C:/ti/simplelink_cc32xx_sdk_5_20_00_06/source/ti/drivers/lib/ccs/m4/drivers_cc32xx.a
       UARTCC32XX.oem4              3466    116       0      
       PowerCC32XX.oem4             2432    0         664    
       GPIOCC32XX.oem4              1208    103       65     
       UART.oem4                    176     36        1      
       RingBuf.oem4                 198     0         0      
       PowerCC32XX_asm.oem4         150     0         0      
       List.oem4                    76      0         0      
    +--+----------------------------+-------+---------+---------+
       Total:                       7706    255       730    
                                                             
    C:\ti\ccs1040\ccs\tools\compiler\ti-cgt-arm_20.2.5.LTS\lib\rtsv7M4_T_le_eabi.lib
       memory.c.obj                 672     0         8      
       memcpy_t2.asm.obj            156     0         0      
       ull_div_t2.asm.obj           150     0         0      
       copy_decompress_lzss.c.obj   104     0         0      
       autoinit.c.obj               68      0         0      
       boot_cortex_m.c.obj          36      0         0      
       copy_zero_init.c.obj         28      0         0      
       ll_mul_t2.asm.obj            24      0         0      
       copy_decompress_none.c.obj   14      0         0      
       _lock.c.obj                  2       0         8      
       exit.c.obj                   4       0         0      
       pre_init.c.obj               4       0         0      
       div0.asm.obj                 2       0         0      
    +--+----------------------------+-------+---------+---------+
       Total:                       1264    0         16     
                                                             
       Heap:                        0       0         32768  
       Stack:                       0       0         4096   
       Linker Generated:            0       226       0      
    +--+----------------------------+-------+---------+---------+
       Grand Total:                 13636   1178      39647  


LINKER GENERATED COPY TABLES

__TI_cinit_table @ 200101c0 records: 2, size/record: 8, table size: 16
	.data: load addr=200100e8, load size=000000be bytes, run addr=2000f590, run size=000005ac bytes, compression=lzss
	.bss: load addr=200101b8, load size=00000008 bytes, run addr=2000feb8, run size=0000022c bytes, compression=zero_init


LINKER GENERATED HANDLER TABLE

__TI_handler_table @ 200101a8 records: 3, size/record: 4, table size: 12
	index: 0, handler: __TI_decompress_lzss
	index: 1, handler: __TI_decompress_none
	index: 2, handler: __TI_zero_init


GLOBAL SYMBOLS: SORTED ALPHABETICALLY BY Name 

address   name                          
-------   ----                          
2000f42b  Board_init                    
2000d007  Board_initHook                
2000f58d  C$$EXIT                       
2000fdb9  CONFIG_GPIO_LED_0_CONST       
2000fdba  CONFIG_UART_0_CONST           
2000f37b  CPUcpsid                      
2000f52d  ClockP_Params_init            
2000f43b  ClockP_add                    
2000eba5  ClockP_construct              
2000f259  ClockP_create                 
200100c0  ClockP_ctrl                   
2000f44b  ClockP_delete                 
2000ece5  ClockP_destruct               
2000e6dd  ClockP_doTick                 
2000f45d  ClockP_getCpuFreq             
2000f46d  ClockP_getSystemTicks         
2000eeb1  ClockP_getTicksUntilInterrupt 
2000f537  ClockP_isActive               
2000f47d  ClockP_setTicks               
2000f57d  ClockP_setTimeout             
2000ef81  ClockP_start                  
2000eee5  ClockP_startup                
2000e9c9  ClockP_stop                   
2000e6dd  ClockP_sysTickHandler         
2000fb2c  ClockP_tickPeriod             
2000e861  FlashDisable                  
2000fe24  GPIOCC32XX_config             
2000e77d  GPIO_enableInt                
2000e0a9  GPIO_hwiIntFxn                
2000d1b9  GPIO_init                     
2000e475  GPIO_setCallback              
2000c6f5  GPIO_setConfig                
2000e52d  GPIO_write                    
2000f3f5  HwiP_Params_init              
2000dd09  HwiP_construct                
2000f00d  HwiP_create                   
2000f48d  HwiP_delete                   
2000f169  HwiP_destruct                 
2000f4dd  HwiP_disable                  
2000f0fd  HwiP_dispatch                 
2000f4eb  HwiP_enable                   
2000f391  HwiP_inISR                    
2000fb24  HwiP_key                      
2000f581  HwiP_post                     
2000f49d  HwiP_restore                  
2000fb28  HwiP_swiPIntNum               
UNDEFED   ITM_flush                     
UNDEFED   ITM_restore                   
2000d779  IntEnable                     
2000f541  IntMasterDisable              
2000dd95  IntPendSet                    
2000f3a5  IntVTableBaseSet              
2000f0b1  List_put                      
2000f0d7  List_remove                   
2000f4eb  NoRTOS_start                  
2000c041  PRCMCC3200MCUInit             
2000f339  PRCMHIBRegRead                
2000f34f  PRCMHIBRegWrite               
2000e8a9  PRCMLPDSEnter                 
2000ed99  PRCMLPDSEnterKeepDebugIf      
2000ea0d  PRCMLPDSRestoreInfoSet        
2000f039  PRCMPeripheralClkDisable      
2000e8f1  PRCMPeripheralClkEnable       
2000e585  PRCMPeripheralReset           
2000e415  PRCMSysResetCauseGet          
2000de1d  PinConfigSet                  
2000ef19  PinModeGet                    
2000ebe5  PinModeSet                    
2000f1e9  PinToPadGet                   
2000fce4  PowerCC32XX_config            
2000d821  PowerCC32XX_configureWakeup   
2000feb8  PowerCC32XX_contextSave       
2000ea51  PowerCC32XX_enterLPDS         
2000efe1  PowerCC32XX_getParkState      
2000d1b7  PowerCC32XX_initPolicy        
2000f89c  PowerCC32XX_module            
2000e7c9  PowerCC32XX_parkPin           
2000f121  PowerCC32XX_reset             
2000ef4d  PowerCC32XX_restoreParkState  
2000efb1  PowerCC32XX_restoreParkedPin  
2000e689  PowerCC32XX_resumeLPDS        
2000e34d  PowerCC32XX_setParkState      
2000c8d9  PowerCC32XX_sleepPolicy       
2000f3b9  Power_disablePolicy           
2000f4ad  Power_enablePolicy            
2000f515  Power_getConstraintMask       
2000f3cd  Power_getDependencyCount      
2000f2a9  Power_getTransitionLatency    
2000f2c1  Power_idleFunc                
2000dea5  Power_init                    
2000f061  Power_registerNotify          
2000e939  Power_releaseConstraint       
2000e5dd  Power_releaseDependency       
2000ed21  Power_setConstraint           
2000dfad  Power_setDependency           
2000cbbd  Power_sleep                   
2000f189  Power_unregisterNotify        
2000f407  RingBuf_construct             
2000ec25  RingBuf_get                   
2000f4f9  RingBuf_isFull                
2000f1a9  RingBuf_peek                  
2000e981  RingBuf_put                   
2000f4bd  SemaphoreP_Params_init        
2000e72d  SemaphoreP_construct          
2000f365  SemaphoreP_create             
2000f273  SemaphoreP_createBinary       
2000fb1c  SemaphoreP_defaultParams      
2000f585  SemaphoreP_delete             
2000da0d  SemaphoreP_pend               
2000ea95  SemaphoreP_post               
2000f205  SwiP_disable                  
2000ead9  SwiP_restore                  
2000f2d9  UARTBusy                      
2000ccf5  UARTCC32XX_close              
2000cf15  UARTCC32XX_control            
2000fd28  UARTCC32XX_fxnTable           
2000d3f7  UARTCC32XX_init               
2000c46d  UARTCC32XX_open               
2000ec65  UARTCC32XX_read               
2000ee79  UARTCC32XX_readCancel         
2000d33d  UARTCC32XX_readPolling        
2000d0ed  UARTCC32XX_write              
2000e2e5  UARTCC32XX_writeCancel        
2000e3b1  UARTCC32XX_writePolling       
2000f2f1  UARTIntEnable                 
2000f309  UART_Params_init              
2000fe84  UART_config                   
2000fdbb  UART_count                    
2000fd50  UART_defaultParams            
2000eb1d  UART_init                     
2000eca5  UART_open                     
2000f54b  UART_read                     
2000f555  UART_write                    
2000f577  UtilsDelay                    
20004000  __STACK_END                   
00001000  __STACK_SIZE                  
00008000  __SYSMEM_SIZE                 
200101c0  __TI_CINIT_Base               
200101d0  __TI_CINIT_Limit              
200101a8  __TI_Handler_Table_Base       
200101b4  __TI_Handler_Table_Limit      
2000eb61  __TI_auto_init_nobinit_nopinit
2000e27d  __TI_decompress_lzss          
2000f507  __TI_decompress_none          
ffffffff  __TI_pprof_out_hndl           
ffffffff  __TI_prof_data_size           
ffffffff  __TI_prof_data_start          
200100e8  __TI_static_base__            
2000f221  __TI_zero_init_nomemset       
2000e9c7  __aeabi_idiv0                 
2000e9c7  __aeabi_ldiv0                 
2000f321  __aeabi_lmul                  
2000daad  __aeabi_memcpy                
2000daad  __aeabi_memcpy4               
2000daad  __aeabi_memcpy8               
2000dbe1  __aeabi_uldivmod              
ffffffff  __binit__                     
ffffffff  __c_args__                    
UNDEFED   __mpu_init                    
20003000  __stack                       
20004000  __start___llvm_prf_cnts       
20004000  __stop___llvm_prf_cnts        
2000f145  _c_int00_noargs               
2000fb0c  _lock                         
2000d567  _nop                          
20004040  _sys_memory                   
UNDEFED   _system_post_cinit            
2000f589  _system_pre_init              
2000fb10  _unlock                       
2000f58d  abort                         
2000ce15  aligned_alloc                 
ffffffff  binit                         
2000dc77  clkFxn                        
2000d009  free                          
2000fb34  gpioCallbackFunctions         
2000fb38  gpioPinConfigs                
2000fea6  inPinTypes                    
2000ee09  initVectors                   
2000f419  main                          
2000d569  mainThread                    
2000f55f  malloc                        
2000ce15  memalign                      
2000daad  memcpy                        
2000feac  outPinStrengths               
2000fe90  outPinTypes                   
2000fa08  parkInfo                      
2000f28d  resetISR                      
2000f2a0  resetVectorAddr               
20004000  resetVectors                  
2000ffe4  uartCC32XXObjects0            


GLOBAL SYMBOLS: SORTED BY Symbol Address 

address   name                          
-------   ----                          
00001000  __STACK_SIZE                  
00008000  __SYSMEM_SIZE                 
20003000  __stack                       
20004000  __STACK_END                   
20004000  __start___llvm_prf_cnts       
20004000  __stop___llvm_prf_cnts        
20004000  resetVectors                  
20004040  _sys_memory                   
2000c041  PRCMCC3200MCUInit             
2000c46d  UARTCC32XX_open               
2000c6f5  GPIO_setConfig                
2000c8d9  PowerCC32XX_sleepPolicy       
2000cbbd  Power_sleep                   
2000ccf5  UARTCC32XX_close              
2000ce15  aligned_alloc                 
2000ce15  memalign                      
2000cf15  UARTCC32XX_control            
2000d007  Board_initHook                
2000d009  free                          
2000d0ed  UARTCC32XX_write              
2000d1b7  PowerCC32XX_initPolicy        
2000d1b9  GPIO_init                     
2000d33d  UARTCC32XX_readPolling        
2000d3f7  UARTCC32XX_init               
2000d567  _nop                          
2000d569  mainThread                    
2000d779  IntEnable                     
2000d821  PowerCC32XX_configureWakeup   
2000da0d  SemaphoreP_pend               
2000daad  __aeabi_memcpy                
2000daad  __aeabi_memcpy4               
2000daad  __aeabi_memcpy8               
2000daad  memcpy                        
2000dbe1  __aeabi_uldivmod              
2000dc77  clkFxn                        
2000dd09  HwiP_construct                
2000dd95  IntPendSet                    
2000de1d  PinConfigSet                  
2000dea5  Power_init                    
2000dfad  Power_setDependency           
2000e0a9  GPIO_hwiIntFxn                
2000e27d  __TI_decompress_lzss          
2000e2e5  UARTCC32XX_writeCancel        
2000e34d  PowerCC32XX_setParkState      
2000e3b1  UARTCC32XX_writePolling       
2000e415  PRCMSysResetCauseGet          
2000e475  GPIO_setCallback              
2000e52d  GPIO_write                    
2000e585  PRCMPeripheralReset           
2000e5dd  Power_releaseDependency       
2000e689  PowerCC32XX_resumeLPDS        
2000e6dd  ClockP_doTick                 
2000e6dd  ClockP_sysTickHandler         
2000e72d  SemaphoreP_construct          
2000e77d  GPIO_enableInt                
2000e7c9  PowerCC32XX_parkPin           
2000e861  FlashDisable                  
2000e8a9  PRCMLPDSEnter                 
2000e8f1  PRCMPeripheralClkEnable       
2000e939  Power_releaseConstraint       
2000e981  RingBuf_put                   
2000e9c7  __aeabi_idiv0                 
2000e9c7  __aeabi_ldiv0                 
2000e9c9  ClockP_stop                   
2000ea0d  PRCMLPDSRestoreInfoSet        
2000ea51  PowerCC32XX_enterLPDS         
2000ea95  SemaphoreP_post               
2000ead9  SwiP_restore                  
2000eb1d  UART_init                     
2000eb61  __TI_auto_init_nobinit_nopinit
2000eba5  ClockP_construct              
2000ebe5  PinModeSet                    
2000ec25  RingBuf_get                   
2000ec65  UARTCC32XX_read               
2000eca5  UART_open                     
2000ece5  ClockP_destruct               
2000ed21  Power_setConstraint           
2000ed99  PRCMLPDSEnterKeepDebugIf      
2000ee09  initVectors                   
2000ee79  UARTCC32XX_readCancel         
2000eeb1  ClockP_getTicksUntilInterrupt 
2000eee5  ClockP_startup                
2000ef19  PinModeGet                    
2000ef4d  PowerCC32XX_restoreParkState  
2000ef81  ClockP_start                  
2000efb1  PowerCC32XX_restoreParkedPin  
2000efe1  PowerCC32XX_getParkState      
2000f00d  HwiP_create                   
2000f039  PRCMPeripheralClkDisable      
2000f061  Power_registerNotify          
2000f0b1  List_put                      
2000f0d7  List_remove                   
2000f0fd  HwiP_dispatch                 
2000f121  PowerCC32XX_reset             
2000f145  _c_int00_noargs               
2000f169  HwiP_destruct                 
2000f189  Power_unregisterNotify        
2000f1a9  RingBuf_peek                  
2000f1e9  PinToPadGet                   
2000f205  SwiP_disable                  
2000f221  __TI_zero_init_nomemset       
2000f259  ClockP_create                 
2000f273  SemaphoreP_createBinary       
2000f28d  resetISR                      
2000f2a0  resetVectorAddr               
2000f2a9  Power_getTransitionLatency    
2000f2c1  Power_idleFunc                
2000f2d9  UARTBusy                      
2000f2f1  UARTIntEnable                 
2000f309  UART_Params_init              
2000f321  __aeabi_lmul                  
2000f339  PRCMHIBRegRead                
2000f34f  PRCMHIBRegWrite               
2000f365  SemaphoreP_create             
2000f37b  CPUcpsid                      
2000f391  HwiP_inISR                    
2000f3a5  IntVTableBaseSet              
2000f3b9  Power_disablePolicy           
2000f3cd  Power_getDependencyCount      
2000f3f5  HwiP_Params_init              
2000f407  RingBuf_construct             
2000f419  main                          
2000f42b  Board_init                    
2000f43b  ClockP_add                    
2000f44b  ClockP_delete                 
2000f45d  ClockP_getCpuFreq             
2000f46d  ClockP_getSystemTicks         
2000f47d  ClockP_setTicks               
2000f48d  HwiP_delete                   
2000f49d  HwiP_restore                  
2000f4ad  Power_enablePolicy            
2000f4bd  SemaphoreP_Params_init        
2000f4dd  HwiP_disable                  
2000f4eb  HwiP_enable                   
2000f4eb  NoRTOS_start                  
2000f4f9  RingBuf_isFull                
2000f507  __TI_decompress_none          
2000f515  Power_getConstraintMask       
2000f52d  ClockP_Params_init            
2000f537  ClockP_isActive               
2000f541  IntMasterDisable              
2000f54b  UART_read                     
2000f555  UART_write                    
2000f55f  malloc                        
2000f577  UtilsDelay                    
2000f57d  ClockP_setTimeout             
2000f581  HwiP_post                     
2000f585  SemaphoreP_delete             
2000f589  _system_pre_init              
2000f58d  C$$EXIT                       
2000f58d  abort                         
2000f89c  PowerCC32XX_module            
2000fa08  parkInfo                      
2000fb0c  _lock                         
2000fb10  _unlock                       
2000fb1c  SemaphoreP_defaultParams      
2000fb24  HwiP_key                      
2000fb28  HwiP_swiPIntNum               
2000fb2c  ClockP_tickPeriod             
2000fb34  gpioCallbackFunctions         
2000fb38  gpioPinConfigs                
2000fce4  PowerCC32XX_config            
2000fd28  UARTCC32XX_fxnTable           
2000fd50  UART_defaultParams            
2000fdb9  CONFIG_GPIO_LED_0_CONST       
2000fdba  CONFIG_UART_0_CONST           
2000fdbb  UART_count                    
2000fe24  GPIOCC32XX_config             
2000fe84  UART_config                   
2000fe90  outPinTypes                   
2000fea6  inPinTypes                    
2000feac  outPinStrengths               
2000feb8  PowerCC32XX_contextSave       
2000ffe4  uartCC32XXObjects0            
200100c0  ClockP_ctrl                   
200100e8  __TI_static_base__            
200101a8  __TI_Handler_Table_Base       
200101b4  __TI_Handler_Table_Limit      
200101c0  __TI_CINIT_Base               
200101d0  __TI_CINIT_Limit              
ffffffff  __TI_pprof_out_hndl           
ffffffff  __TI_prof_data_size           
ffffffff  __TI_prof_data_start          
ffffffff  __binit__                     
ffffffff  __c_args__                    
ffffffff  binit                         
UNDEFED   ITM_flush                     
UNDEFED   ITM_restore                   
UNDEFED   __mpu_init                    
UNDEFED   _system_post_cinit            

[190 symbols]
